ecm_main.c:29:6:usb_ecm_recv_callback	16	static
ecm_main.c:45:10:sys_now	8	static
ecm_main.c:50:1:tcp_timer_proc	16	static
ecm_main.c:55:7:output_fn	24	static
ecm_main.c:60:7:linkoutput_fn	24	static
ecm_main.c:74:7:netif_init_cb	16	static
ecm_main.c:89:13:init_lwip	40	static
ecm_main.c:104:6:dns_query_proc	16	static
ecm_main.c:116:13:state_cgi_handler	24	static
ecm_main.c:125:13:ctl_cgi_handler	32	static
ecm_main.c:153:14:ssi_handler	40	static
ecm_main.c:181:13:service_traffic	16	static,ignoring_inline_asm
ecm_main.c:202:6:ecm_main_init	8	static
ecm_main.c:218:6:ecm_main_loop	8	static
