string.h:125:10:strnstr	32	static
httpd.c:465:1:http_ssi_state_alloc	16	static
httpd.c:482:1:http_ssi_state_free	16	static
httpd.c:497:1:http_state_init	16	static
httpd.c:509:1:http_state_alloc	16	static
httpd.c:539:1:http_state_eof	16	static
httpd.c:569:1:http_state_free	16	static
httpd.c:607:1:http_write	48	static
httpd.c:650:1:http_close_or_abort_conn	40	static
httpd.c:700:1:http_close_conn	16	static
httpd.c:709:1:http_eof	16	static
httpd.c:735:1:extract_uri_parameters	32	static
httpd.c:804:1:get_tag_insert	32	static
httpd.c:1024:1:http_check_eof	16	static
httpd.c:1108:1:http_send_data_nonssi	32	static
httpd.c:1148:1:http_send_data_ssi	40	static
httpd.c:1505:1:http_send	32	static
httpd.c:1619:1:http_get_404_file	32	static
httpd.c:1867:1:http_parse_request	72	static
httpd.c:2042:1:http_find_file	64	static
httpd.c:2147:1:http_init_file	40	static
httpd.c:2212:1:http_err	24	static
httpd.c:2229:1:http_sent	32	static
httpd.c:2256:1:http_poll	32	static
httpd.c:2304:1:http_recv	40	static
httpd.c:2392:1:http_accept	32	static
httpd.c:2430:1:httpd_init_addr	32	static
httpd.c:2452:1:httpd_init	8	static
httpd.c:2474:1:http_set_ssi_handler	24	static
httpd.c:2496:1:http_set_cgi_handlers	16	static
