Archive member included to satisfy reference by file (symbol)

c:/st/stm32cubeide_1.3.0/stm32cubeide/plugins/com.st.stm32cube.ide.mcu.externaltools.gnu-tools-for-stm32.7-2018-q2-update.win32_1.0.0.201904181610/tools/bin/../lib/gcc/arm-none-eabi/7.3.1/../../../../arm-none-eabi/lib/thumb/v6-m\libc_nano.a(lib_a-errno.o)
                              Core/Src/syscalls.o (__errno)
c:/st/stm32cubeide_1.3.0/stm32cubeide/plugins/com.st.stm32cube.ide.mcu.externaltools.gnu-tools-for-stm32.7-2018-q2-update.win32_1.0.0.201904181610/tools/bin/../lib/gcc/arm-none-eabi/7.3.1/../../../../arm-none-eabi/lib/thumb/v6-m\libc_nano.a(lib_a-exit.o)
                              c:/st/stm32cubeide_1.3.0/stm32cubeide/plugins/com.st.stm32cube.ide.mcu.externaltools.gnu-tools-for-stm32.7-2018-q2-update.win32_1.0.0.201904181610/tools/bin/../lib/gcc/arm-none-eabi/7.3.1/../../../../arm-none-eabi/lib/thumb/v6-m/crt0.o (exit)
c:/st/stm32cubeide_1.3.0/stm32cubeide/plugins/com.st.stm32cube.ide.mcu.externaltools.gnu-tools-for-stm32.7-2018-q2-update.win32_1.0.0.201904181610/tools/bin/../lib/gcc/arm-none-eabi/7.3.1/../../../../arm-none-eabi/lib/thumb/v6-m\libc_nano.a(lib_a-impure.o)
                              c:/st/stm32cubeide_1.3.0/stm32cubeide/plugins/com.st.stm32cube.ide.mcu.externaltools.gnu-tools-for-stm32.7-2018-q2-update.win32_1.0.0.201904181610/tools/bin/../lib/gcc/arm-none-eabi/7.3.1/../../../../arm-none-eabi/lib/thumb/v6-m\libc_nano.a(lib_a-exit.o) (_global_impure_ptr)
c:/st/stm32cubeide_1.3.0/stm32cubeide/plugins/com.st.stm32cube.ide.mcu.externaltools.gnu-tools-for-stm32.7-2018-q2-update.win32_1.0.0.201904181610/tools/bin/../lib/gcc/arm-none-eabi/7.3.1/../../../../arm-none-eabi/lib/thumb/v6-m\libc_nano.a(lib_a-init.o)
                              c:/st/stm32cubeide_1.3.0/stm32cubeide/plugins/com.st.stm32cube.ide.mcu.externaltools.gnu-tools-for-stm32.7-2018-q2-update.win32_1.0.0.201904181610/tools/bin/../lib/gcc/arm-none-eabi/7.3.1/../../../../arm-none-eabi/lib/thumb/v6-m/crt0.o (__libc_init_array)
c:/st/stm32cubeide_1.3.0/stm32cubeide/plugins/com.st.stm32cube.ide.mcu.externaltools.gnu-tools-for-stm32.7-2018-q2-update.win32_1.0.0.201904181610/tools/bin/../lib/gcc/arm-none-eabi/7.3.1/../../../../arm-none-eabi/lib/thumb/v6-m\libc_nano.a(lib_a-memcmp.o)
                              ecm_src/dhcp-server/dhserver.o (memcmp)
c:/st/stm32cubeide_1.3.0/stm32cubeide/plugins/com.st.stm32cube.ide.mcu.externaltools.gnu-tools-for-stm32.7-2018-q2-update.win32_1.0.0.201904181610/tools/bin/../lib/gcc/arm-none-eabi/7.3.1/../../../../arm-none-eabi/lib/thumb/v6-m\libc_nano.a(lib_a-memcpy-stub.o)
                              ecm_src/dhcp-server/dhserver.o (memcpy)
c:/st/stm32cubeide_1.3.0/stm32cubeide/plugins/com.st.stm32cube.ide.mcu.externaltools.gnu-tools-for-stm32.7-2018-q2-update.win32_1.0.0.201904181610/tools/bin/../lib/gcc/arm-none-eabi/7.3.1/../../../../arm-none-eabi/lib/thumb/v6-m\libc_nano.a(lib_a-memset.o)
                              c:/st/stm32cubeide_1.3.0/stm32cubeide/plugins/com.st.stm32cube.ide.mcu.externaltools.gnu-tools-for-stm32.7-2018-q2-update.win32_1.0.0.201904181610/tools/bin/../lib/gcc/arm-none-eabi/7.3.1/../../../../arm-none-eabi/lib/thumb/v6-m/crt0.o (memset)
c:/st/stm32cubeide_1.3.0/stm32cubeide/plugins/com.st.stm32cube.ide.mcu.externaltools.gnu-tools-for-stm32.7-2018-q2-update.win32_1.0.0.201904181610/tools/bin/../lib/gcc/arm-none-eabi/7.3.1/../../../../arm-none-eabi/lib/thumb/v6-m\libc_nano.a(lib_a-strcmp.o)
                              ecm_src/src/ecm_main.o (strcmp)
c:/st/stm32cubeide_1.3.0/stm32cubeide/plugins/com.st.stm32cube.ide.mcu.externaltools.gnu-tools-for-stm32.7-2018-q2-update.win32_1.0.0.201904181610/tools/bin/../lib/gcc/arm-none-eabi/7.3.1/../../../../arm-none-eabi/lib/thumb/v6-m\libc_nano.a(lib_a-strlen.o)
                              ecm_src/dhcp-server/dhserver.o (strlen)
c:/st/stm32cubeide_1.3.0/stm32cubeide/plugins/com.st.stm32cube.ide.mcu.externaltools.gnu-tools-for-stm32.7-2018-q2-update.win32_1.0.0.201904181610/tools/bin/../lib/gcc/arm-none-eabi/7.3.1/thumb/v6-m\libgcc.a(_udivsi3.o)
                              Core/Src/system_stm32f0xx.o (__aeabi_uidiv)
c:/st/stm32cubeide_1.3.0/stm32cubeide/plugins/com.st.stm32cube.ide.mcu.externaltools.gnu-tools-for-stm32.7-2018-q2-update.win32_1.0.0.201904181610/tools/bin/../lib/gcc/arm-none-eabi/7.3.1/thumb/v6-m\libgcc.a(_divsi3.o)
                              ecm_src/lwip-1.4.1/src/core/tcp_in.o (__aeabi_idiv)
c:/st/stm32cubeide_1.3.0/stm32cubeide/plugins/com.st.stm32cube.ide.mcu.externaltools.gnu-tools-for-stm32.7-2018-q2-update.win32_1.0.0.201904181610/tools/bin/../lib/gcc/arm-none-eabi/7.3.1/thumb/v6-m\libgcc.a(_dvmd_tls.o)
                              c:/st/stm32cubeide_1.3.0/stm32cubeide/plugins/com.st.stm32cube.ide.mcu.externaltools.gnu-tools-for-stm32.7-2018-q2-update.win32_1.0.0.201904181610/tools/bin/../lib/gcc/arm-none-eabi/7.3.1/thumb/v6-m\libgcc.a(_udivsi3.o) (__aeabi_idiv0)

Allocating common symbols
[...]
Memory Configuration

Name             Origin             Length             Attributes
RAM              0x0000000020000000 0x0000000000004000 xrw
FLASH            0x0000000008000000 0x0000000000010000 xr
*default*        0x0000000000000000 0xffffffffffffffff

Linker script and memory map

LOAD c:/st/stm32cubeide_1.3.0/stm32cubeide/plugins/com.st.stm32cube.ide.mcu.externaltools.gnu-tools-for-stm32.7-2018-q2-update.win32_1.0.0.201904181610/tools/bin/../lib/gcc/arm-none-eabi/7.3.1/thumb/v6-m/crti.o
LOAD c:/st/stm32cubeide_1.3.0/stm32cubeide/plugins/com.st.stm32cube.ide.mcu.externaltools.gnu-tools-for-stm32.7-2018-q2-update.win32_1.0.0.201904181610/tools/bin/../lib/gcc/arm-none-eabi/7.3.1/thumb/v6-m/crtbegin.o
LOAD c:/st/stm32cubeide_1.3.0/stm32cubeide/plugins/com.st.stm32cube.ide.mcu.externaltools.gnu-tools-for-stm32.7-2018-q2-update.win32_1.0.0.201904181610/tools/bin/../lib/gcc/arm-none-eabi/7.3.1/../../../../arm-none-eabi/lib/thumb/v6-m/crt0.o
LOAD Core/Src/main.o
LOAD Core/Src/stm32f0xx_hal_msp.o
LOAD Core/Src/stm32f0xx_it.o
LOAD Core/Src/syscalls.o
LOAD Core/Src/sysmem.o
LOAD Core/Src/system_stm32f0xx.o
LOAD Core/Startup/startup_stm32f072c8tx.o
LOAD Drivers/STM32F0xx_HAL_Driver/Src/stm32f0xx_hal.o
LOAD Drivers/STM32F0xx_HAL_Driver/Src/stm32f0xx_hal_cortex.o
LOAD Drivers/STM32F0xx_HAL_Driver/Src/stm32f0xx_hal_dma.o
LOAD Drivers/STM32F0xx_HAL_Driver/Src/stm32f0xx_hal_exti.o
LOAD Drivers/STM32F0xx_HAL_Driver/Src/stm32f0xx_hal_flash.o
LOAD Drivers/STM32F0xx_HAL_Driver/Src/stm32f0xx_hal_flash_ex.o
LOAD Drivers/STM32F0xx_HAL_Driver/Src/stm32f0xx_hal_gpio.o
LOAD Drivers/STM32F0xx_HAL_Driver/Src/stm32f0xx_hal_i2c.o
LOAD Drivers/STM32F0xx_HAL_Driver/Src/stm32f0xx_hal_i2c_ex.o
LOAD Drivers/STM32F0xx_HAL_Driver/Src/stm32f0xx_hal_pcd.o
LOAD Drivers/STM32F0xx_HAL_Driver/Src/stm32f0xx_hal_pcd_ex.o
LOAD Drivers/STM32F0xx_HAL_Driver/Src/stm32f0xx_hal_pwr.o
LOAD Drivers/STM32F0xx_HAL_Driver/Src/stm32f0xx_hal_pwr_ex.o
LOAD Drivers/STM32F0xx_HAL_Driver/Src/stm32f0xx_hal_rcc.o
LOAD Drivers/STM32F0xx_HAL_Driver/Src/stm32f0xx_hal_rcc_ex.o
LOAD Drivers/STM32F0xx_HAL_Driver/Src/stm32f0xx_hal_tim.o
LOAD Drivers/STM32F0xx_HAL_Driver/Src/stm32f0xx_hal_tim_ex.o
LOAD Drivers/STM32F0xx_HAL_Driver/Src/stm32f0xx_ll_usb.o
LOAD ecm_src/dhcp-server/dhserver.o
LOAD ecm_src/dns-server/dnserver.o
LOAD ecm_src/lwip-1.4.1/src/core/def.o
LOAD ecm_src/lwip-1.4.1/src/core/dhcp.o
LOAD ecm_src/lwip-1.4.1/src/core/dns.o
LOAD ecm_src/lwip-1.4.1/src/core/init.o
LOAD ecm_src/lwip-1.4.1/src/core/mem.o
LOAD ecm_src/lwip-1.4.1/src/core/memp.o
LOAD ecm_src/lwip-1.4.1/src/core/netif.o
LOAD ecm_src/lwip-1.4.1/src/core/pbuf.o
LOAD ecm_src/lwip-1.4.1/src/core/raw.o
LOAD ecm_src/lwip-1.4.1/src/core/stats.o
LOAD ecm_src/lwip-1.4.1/src/core/sys.o
LOAD ecm_src/lwip-1.4.1/src/core/tcp.o
LOAD ecm_src/lwip-1.4.1/src/core/tcp_in.o
LOAD ecm_src/lwip-1.4.1/src/core/tcp_out.o
LOAD ecm_src/lwip-1.4.1/src/core/timers.o
LOAD ecm_src/lwip-1.4.1/src/core/udp.o
LOAD ecm_src/lwip-1.4.1/src/core/ipv4/autoip.o
LOAD ecm_src/lwip-1.4.1/src/core/ipv4/icmp.o
LOAD ecm_src/lwip-1.4.1/src/core/ipv4/igmp.o
LOAD ecm_src/lwip-1.4.1/src/core/ipv4/inet.o
LOAD ecm_src/lwip-1.4.1/src/core/ipv4/inet_chksum.o
LOAD ecm_src/lwip-1.4.1/src/core/ipv4/ip.o
LOAD ecm_src/lwip-1.4.1/src/core/ipv4/ip_addr.o
LOAD ecm_src/lwip-1.4.1/src/core/ipv4/ip_frag.o
LOAD ecm_src/lwip-1.4.1/src/netif/etharp.o
LOAD ecm_src/lwip-1.4.1/src/netif/ethernetif.o
LOAD ecm_src/src/ecm_main.o
LOAD ecm_src/src/time.o
LOAD ecm_src/src/usb_device.o
LOAD ecm_src/src/usbd_conf.o
LOAD ecm_src/src/usbd_core.o
LOAD ecm_src/src/usbd_ctlreq.o
LOAD ecm_src/src/usbd_desc.o
LOAD ecm_src/src/usbd_ecm.o
LOAD ecm_src/src/usbd_ioreq.o
START GROUP
LOAD c:/st/stm32cubeide_1.3.0/stm32cubeide/plugins/com.st.stm32cube.ide.mcu.externaltools.gnu-tools-for-stm32.7-2018-q2-update.win32_1.0.0.201904181610/tools/bin/../lib/gcc/arm-none-eabi/7.3.1/../../../../arm-none-eabi/lib/thumb/v6-m\libc_nano.a
LOAD c:/st/stm32cubeide_1.3.0/stm32cubeide/plugins/com.st.stm32cube.ide.mcu.externaltools.gnu-tools-for-stm32.7-2018-q2-update.win32_1.0.0.201904181610/tools/bin/../lib/gcc/arm-none-eabi/7.3.1/../../../../arm-none-eabi/lib/thumb/v6-m\libm.a
END GROUP
START GROUP
LOAD c:/st/stm32cubeide_1.3.0/stm32cubeide/plugins/com.st.stm32cube.ide.mcu.externaltools.gnu-tools-for-stm32.7-2018-q2-update.win32_1.0.0.201904181610/tools/bin/../lib/gcc/arm-none-eabi/7.3.1/thumb/v6-m\libgcc.a
LOAD c:/st/stm32cubeide_1.3.0/stm32cubeide/plugins/com.st.stm32cube.ide.mcu.externaltools.gnu-tools-for-stm32.7-2018-q2-update.win32_1.0.0.201904181610/tools/bin/../lib/gcc/arm-none-eabi/7.3.1/../../../../arm-none-eabi/lib/thumb/v6-m\libc_nano.a
END GROUP
START GROUP
LOAD c:/st/stm32cubeide_1.3.0/stm32cubeide/plugins/com.st.stm32cube.ide.mcu.externaltools.gnu-tools-for-stm32.7-2018-q2-update.win32_1.0.0.201904181610/tools/bin/../lib/gcc/arm-none-eabi/7.3.1/thumb/v6-m\libgcc.a
LOAD c:/st/stm32cubeide_1.3.0/stm32cubeide/plugins/com.st.stm32cube.ide.mcu.externaltools.gnu-tools-for-stm32.7-2018-q2-update.win32_1.0.0.201904181610/tools/bin/../lib/gcc/arm-none-eabi/7.3.1/../../../../arm-none-eabi/lib/thumb/v6-m\libc_nano.a
LOAD c:/st/stm32cubeide_1.3.0/stm32cubeide/plugins/com.st.stm32cube.ide.mcu.externaltools.gnu-tools-for-stm32.7-2018-q2-update.win32_1.0.0.201904181610/tools/bin/../lib/gcc/arm-none-eabi/7.3.1/../../../../arm-none-eabi/lib/thumb/v6-m\libnosys.a
END GROUP
START GROUP
LOAD c:/st/stm32cubeide_1.3.0/stm32cubeide/plugins/com.st.stm32cube.ide.mcu.externaltools.gnu-tools-for-stm32.7-2018-q2-update.win32_1.0.0.201904181610/tools/bin/../lib/gcc/arm-none-eabi/7.3.1/thumb/v6-m\libgcc.a
LOAD c:/st/stm32cubeide_1.3.0/stm32cubeide/plugins/com.st.stm32cube.ide.mcu.externaltools.gnu-tools-for-stm32.7-2018-q2-update.win32_1.0.0.201904181610/tools/bin/../lib/gcc/arm-none-eabi/7.3.1/../../../../arm-none-eabi/lib/thumb/v6-m\libc_nano.a
LOAD c:/st/stm32cubeide_1.3.0/stm32cubeide/plugins/com.st.stm32cube.ide.mcu.externaltools.gnu-tools-for-stm32.7-2018-q2-update.win32_1.0.0.201904181610/tools/bin/../lib/gcc/arm-none-eabi/7.3.1/../../../../arm-none-eabi/lib/thumb/v6-m\libnosys.a
END GROUP
LOAD c:/st/stm32cubeide_1.3.0/stm32cubeide/plugins/com.st.stm32cube.ide.mcu.externaltools.gnu-tools-for-stm32.7-2018-q2-update.win32_1.0.0.201904181610/tools/bin/../lib/gcc/arm-none-eabi/7.3.1/thumb/v6-m/crtend.o
LOAD c:/st/stm32cubeide_1.3.0/stm32cubeide/plugins/com.st.stm32cube.ide.mcu.externaltools.gnu-tools-for-stm32.7-2018-q2-update.win32_1.0.0.201904181610/tools/bin/../lib/gcc/arm-none-eabi/7.3.1/thumb/v6-m/crtn.o
                0x0000000020004000                _estack = (ORIGIN (RAM) + LENGTH (RAM))
                0x0000000000000200                _Min_Heap_Size = 0x200
                0x0000000000000400                _Min_Stack_Size = 0x400

.isr_vector     0x0000000008000000       0xc0
                0x0000000008000000                . = ALIGN (0x4)
 *(.isr_vector)
 .isr_vector    0x0000000008000000       0xc0 Core/Startup/startup_stm32f072c8tx.o
                0x0000000008000000                g_pfnVectors
                0x00000000080000c0                . = ALIGN (0x4)

.text           0x00000000080000c0     0xfc1c
                0x00000000080000c0                . = ALIGN (0x4)
 *(.text)
 .text          0x00000000080000c0       0x48 c:/st/stm32cubeide_1.3.0/stm32cubeide/plugins/com.st.stm32cube.ide.mcu.externaltools.gnu-tools-for-stm32.7-2018-q2-update.win32_1.0.0.201904181610/tools/bin/../lib/gcc/arm-none-eabi/7.3.1/thumb/v6-m/crtbegin.o
 .text          0x0000000008000108       0x14 c:/st/stm32cubeide_1.3.0/stm32cubeide/plugins/com.st.stm32cube.ide.mcu.externaltools.gnu-tools-for-stm32.7-2018-q2-update.win32_1.0.0.201904181610/tools/bin/../lib/gcc/arm-none-eabi/7.3.1/../../../../arm-none-eabi/lib/thumb/v6-m\libc_nano.a(lib_a-strcmp.o)
                0x0000000008000108                strcmp
 .text          0x000000000800011c        0xe c:/st/stm32cubeide_1.3.0/stm32cubeide/plugins/com.st.stm32cube.ide.mcu.externaltools.gnu-tools-for-stm32.7-2018-q2-update.win32_1.0.0.201904181610/tools/bin/../lib/gcc/arm-none-eabi/7.3.1/../../../../arm-none-eabi/lib/thumb/v6-m\libc_nano.a(lib_a-strlen.o)
                0x000000000800011c                strlen
 *fill*         0x000000000800012a        0x2 
 .text          0x000000000800012c      0x114 c:/st/stm32cubeide_1.3.0/stm32cubeide/plugins/com.st.stm32cube.ide.mcu.externaltools.gnu-tools-for-stm32.7-2018-q2-update.win32_1.0.0.201904181610/tools/bin/../lib/gcc/arm-none-eabi/7.3.1/thumb/v6-m\libgcc.a(_udivsi3.o)
                0x000000000800012c                __aeabi_uidiv
                0x000000000800012c                __udivsi3
                0x0000000008000238                __aeabi_uidivmod
 .text          0x0000000008000240      0x1d4 c:/st/stm32cubeide_1.3.0/stm32cubeide/plugins/com.st.stm32cube.ide.mcu.externaltools.gnu-tools-for-stm32.7-2018-q2-update.win32_1.0.0.201904181610/tools/bin/../lib/gcc/arm-none-eabi/7.3.1/thumb/v6-m\libgcc.a(_divsi3.o)
                0x0000000008000240                __divsi3
                0x0000000008000240                __aeabi_idiv
                0x000000000800040c                __aeabi_idivmod
 .text          0x0000000008000414        0x4 c:/st/stm32cubeide_1.3.0/stm32cubeide/plugins/com.st.stm32cube.ide.mcu.externaltools.gnu-tools-for-stm32.7-2018-q2-update.win32_1.0.0.201904181610/tools/bin/../lib/gcc/arm-none-eabi/7.3.1/thumb/v6-m\libgcc.a(_dvmd_tls.o)
                0x0000000008000414                __aeabi_idiv0
                0x0000000008000414                __aeabi_ldiv0
 *(.text*)
 .text.main     0x0000000008000418       0x1e Core/Src/main.o
                0x0000000008000418                main
 .text.SystemClock_Config
                0x0000000008000436       0xa8 Core/Src/main.o
                0x0000000008000436                SystemClock_Config
 *fill*         0x00000000080004de        0x2 
 .text.MX_GPIO_Init
                0x00000000080004e0       0x30 Core/Src/main.o
 .text.Error_Handler
                0x0000000008000510        0xa Core/Src/main.o
                0x0000000008000510                Error_Handler
 *fill*         0x000000000800051a        0x2 
 .text.HAL_MspInit
                0x000000000800051c       0x48 Core/Src/stm32f0xx_hal_msp.o
                0x000000000800051c                HAL_MspInit
 .text.NMI_Handler
                0x0000000008000564        0xa Core/Src/stm32f0xx_it.o
                0x0000000008000564                NMI_Handler
 .text.HardFault_Handler
                0x000000000800056e        0x6 Core/Src/stm32f0xx_it.o
                0x000000000800056e                HardFault_Handler
 .text.SVC_Handler
                0x0000000008000574        0xa Core/Src/stm32f0xx_it.o
                0x0000000008000574                SVC_Handler
 .text.PendSV_Handler
                0x000000000800057e        0xa Core/Src/stm32f0xx_it.o
                0x000000000800057e                PendSV_Handler
 .text.SysTick_Handler
                0x0000000008000588        0xe Core/Src/stm32f0xx_it.o
                0x0000000008000588                SysTick_Handler
 *fill*         0x0000000008000596        0x2 
 .text.USB_IRQHandler
                0x0000000008000598       0x18 Core/Src/stm32f0xx_it.o
                0x0000000008000598                USB_IRQHandler
 .text.SystemInit
                0x00000000080005b0        0xa Core/Src/system_stm32f0xx.o
                0x00000000080005b0                SystemInit
 *fill*         0x00000000080005ba        0x2 
 .text.Reset_Handler
                0x00000000080005bc       0x50 Core/Startup/startup_stm32f072c8tx.o
                0x00000000080005bc                Reset_Handler
 .text.Default_Handler
                0x000000000800060c        0x2 Core/Startup/startup_stm32f072c8tx.o
                0x000000000800060c                TIM1_CC_IRQHandler
                0x000000000800060c                TSC_IRQHandler
                0x000000000800060c                ADC1_COMP_IRQHandler
                0x000000000800060c                I2C1_IRQHandler
                0x000000000800060c                RCC_CRS_IRQHandler
                0x000000000800060c                SPI1_IRQHandler
                0x000000000800060c                TIM6_DAC_IRQHandler
                0x000000000800060c                USART3_4_IRQHandler
                0x000000000800060c                EXTI2_3_IRQHandler
                0x000000000800060c                I2C2_IRQHandler
                0x000000000800060c                TIM17_IRQHandler
                0x000000000800060c                CEC_CAN_IRQHandler
                0x000000000800060c                RTC_IRQHandler
                0x000000000800060c                PVD_VDDIO2_IRQHandler
                0x000000000800060c                DMA1_Channel4_5_6_7_IRQHandler
                0x000000000800060c                TIM16_IRQHandler
                0x000000000800060c                TIM3_IRQHandler
                0x000000000800060c                EXTI4_15_IRQHandler
                0x000000000800060c                DMA1_Channel1_IRQHandler
                0x000000000800060c                Default_Handler
                0x000000000800060c                TIM14_IRQHandler
                0x000000000800060c                TIM7_IRQHandler
                0x000000000800060c                TIM15_IRQHandler
                0x000000000800060c                EXTI0_1_IRQHandler
                0x000000000800060c                SPI2_IRQHandler
                0x000000000800060c                WWDG_IRQHandler
                0x000000000800060c                TIM2_IRQHandler
                0x000000000800060c                DMA1_Channel2_3_IRQHandler
                0x000000000800060c                USART2_IRQHandler
                0x000000000800060c                FLASH_IRQHandler
                0x000000000800060c                USART1_IRQHandler
                0x000000000800060c                TIM1_BRK_UP_TRG_COM_IRQHandler
 *fill*         0x000000000800060e        0x2 
 .text.HAL_Init
                0x0000000008000610       0x28 Drivers/STM32F0xx_HAL_Driver/Src/stm32f0xx_hal.o
                0x0000000008000610                HAL_Init
 .text.HAL_InitTick
                0x0000000008000638       0x68 Drivers/STM32F0xx_HAL_Driver/Src/stm32f0xx_hal.o
                0x0000000008000638                HAL_InitTick
 .text.HAL_IncTick
                0x00000000080006a0       0x24 Drivers/STM32F0xx_HAL_Driver/Src/stm32f0xx_hal.o
                0x00000000080006a0                HAL_IncTick
 .text.HAL_GetTick
                0x00000000080006c4       0x14 Drivers/STM32F0xx_HAL_Driver/Src/stm32f0xx_hal.o
                0x00000000080006c4                HAL_GetTick
 .text.__NVIC_EnableIRQ
                0x00000000080006d8       0x34 Drivers/STM32F0xx_HAL_Driver/Src/stm32f0xx_hal_cortex.o
 .text.__NVIC_SetPriority
                0x000000000800070c       0xdc Drivers/STM32F0xx_HAL_Driver/Src/stm32f0xx_hal_cortex.o
 .text.SysTick_Config
                0x00000000080007e8       0x48 Drivers/STM32F0xx_HAL_Driver/Src/stm32f0xx_hal_cortex.o
 .text.HAL_NVIC_SetPriority
                0x0000000008000830       0x2a Drivers/STM32F0xx_HAL_Driver/Src/stm32f0xx_hal_cortex.o
                0x0000000008000830                HAL_NVIC_SetPriority
 .text.HAL_NVIC_EnableIRQ
                0x000000000800085a       0x20 Drivers/STM32F0xx_HAL_Driver/Src/stm32f0xx_hal_cortex.o
                0x000000000800085a                HAL_NVIC_EnableIRQ
 .text.HAL_SYSTICK_Config
                0x000000000800087a       0x1a Drivers/STM32F0xx_HAL_Driver/Src/stm32f0xx_hal_cortex.o
                0x000000000800087a                HAL_SYSTICK_Config
 .text.HAL_GPIO_Init
                0x0000000008000894      0x2f0 Drivers/STM32F0xx_HAL_Driver/Src/stm32f0xx_hal_gpio.o
                0x0000000008000894                HAL_GPIO_Init
 .text.HAL_PCD_Init
                0x0000000008000b84      0x1c8 Drivers/STM32F0xx_HAL_Driver/Src/stm32f0xx_hal_pcd.o
                0x0000000008000b84                HAL_PCD_Init
 .text.HAL_PCD_Start
                0x0000000008000d4c       0x4a Drivers/STM32F0xx_HAL_Driver/Src/stm32f0xx_hal_pcd.o
                0x0000000008000d4c                HAL_PCD_Start
 *fill*         0x0000000008000d96        0x2 
 .text.HAL_PCD_IRQHandler
                0x0000000008000d98      0x310 Drivers/STM32F0xx_HAL_Driver/Src/stm32f0xx_hal_pcd.o
                0x0000000008000d98                HAL_PCD_IRQHandler
 .text.HAL_PCD_SetAddress
                0x00000000080010a8       0x56 Drivers/STM32F0xx_HAL_Driver/Src/stm32f0xx_hal_pcd.o
                0x00000000080010a8                HAL_PCD_SetAddress
 .text.HAL_PCD_EP_Open
                0x00000000080010fe       0xe4 Drivers/STM32F0xx_HAL_Driver/Src/stm32f0xx_hal_pcd.o
                0x00000000080010fe                HAL_PCD_EP_Open
 .text.HAL_PCD_EP_Close
                0x00000000080011e2       0x96 Drivers/STM32F0xx_HAL_Driver/Src/stm32f0xx_hal_pcd.o
                0x00000000080011e2                HAL_PCD_EP_Close
 .text.HAL_PCD_EP_Receive
                0x0000000008001278       0x82 Drivers/STM32F0xx_HAL_Driver/Src/stm32f0xx_hal_pcd.o
                0x0000000008001278                HAL_PCD_EP_Receive
 .text.HAL_PCD_EP_GetRxCount
                0x00000000080012fa       0x2a Drivers/STM32F0xx_HAL_Driver/Src/stm32f0xx_hal_pcd.o
                0x00000000080012fa                HAL_PCD_EP_GetRxCount
 .text.HAL_PCD_EP_Transmit
                0x0000000008001324       0x80 Drivers/STM32F0xx_HAL_Driver/Src/stm32f0xx_hal_pcd.o
                0x0000000008001324                HAL_PCD_EP_Transmit
 .text.HAL_PCD_EP_SetStall
                0x00000000080013a4       0xcc Drivers/STM32F0xx_HAL_Driver/Src/stm32f0xx_hal_pcd.o
                0x00000000080013a4                HAL_PCD_EP_SetStall
 .text.HAL_PCD_EP_ClrStall
                0x0000000008001470       0xb0 Drivers/STM32F0xx_HAL_Driver/Src/stm32f0xx_hal_pcd.o
                0x0000000008001470                HAL_PCD_EP_ClrStall
 .text.PCD_EP_ISR_Handler
                0x0000000008001520      0x5a8 Drivers/STM32F0xx_HAL_Driver/Src/stm32f0xx_hal_pcd.o
 .text.HAL_PCDEx_PMAConfig
                0x0000000008001ac8       0x90 Drivers/STM32F0xx_HAL_Driver/Src/stm32f0xx_hal_pcd_ex.o
                0x0000000008001ac8                HAL_PCDEx_PMAConfig
 .text.HAL_PCDEx_ActivateLPM
                0x0000000008001b58       0x54 Drivers/STM32F0xx_HAL_Driver/Src/stm32f0xx_hal_pcd_ex.o
                0x0000000008001b58                HAL_PCDEx_ActivateLPM
 .text.HAL_PCDEx_LPM_Callback
                0x0000000008001bac       0x16 Drivers/STM32F0xx_HAL_Driver/Src/stm32f0xx_hal_pcd_ex.o
                0x0000000008001bac                HAL_PCDEx_LPM_Callback
 *fill*         0x0000000008001bc2        0x2 
 .text.HAL_RCC_OscConfig
                0x0000000008001bc4      0x70c Drivers/STM32F0xx_HAL_Driver/Src/stm32f0xx_hal_rcc.o
                0x0000000008001bc4                HAL_RCC_OscConfig
 .text.HAL_RCC_ClockConfig
                0x00000000080022d0      0x1b4 Drivers/STM32F0xx_HAL_Driver/Src/stm32f0xx_hal_rcc.o
                0x00000000080022d0                HAL_RCC_ClockConfig
 .text.HAL_RCC_GetSysClockFreq
                0x0000000008002484       0xfc Drivers/STM32F0xx_HAL_Driver/Src/stm32f0xx_hal_rcc.o
                0x0000000008002484                HAL_RCC_GetSysClockFreq
 .text.HAL_RCCEx_PeriphCLKConfig
                0x0000000008002580      0x200 Drivers/STM32F0xx_HAL_Driver/Src/stm32f0xx_hal_rcc_ex.o
                0x0000000008002580                HAL_RCCEx_PeriphCLKConfig
 .text.USB_EnableGlobalInt
                0x0000000008002780       0x34 Drivers/STM32F0xx_HAL_Driver/Src/stm32f0xx_ll_usb.o
                0x0000000008002780                USB_EnableGlobalInt
 .text.USB_DisableGlobalInt
                0x00000000080027b4       0x40 Drivers/STM32F0xx_HAL_Driver/Src/stm32f0xx_ll_usb.o
                0x00000000080027b4                USB_DisableGlobalInt
 .text.USB_DevInit
                0x00000000080027f4       0x60 Drivers/STM32F0xx_HAL_Driver/Src/stm32f0xx_ll_usb.o
                0x00000000080027f4                USB_DevInit
 .text.USB_ActivateEndpoint
                0x0000000008002854      0x5f0 Drivers/STM32F0xx_HAL_Driver/Src/stm32f0xx_ll_usb.o
                0x0000000008002854                USB_ActivateEndpoint
 .text.USB_DeactivateEndpoint
                0x0000000008002e44      0x2ec Drivers/STM32F0xx_HAL_Driver/Src/stm32f0xx_ll_usb.o
                0x0000000008002e44                USB_DeactivateEndpoint
 .text.USB_EPStartXfer
                0x0000000008003130      0x5a4 Drivers/STM32F0xx_HAL_Driver/Src/stm32f0xx_ll_usb.o
                0x0000000008003130                USB_EPStartXfer
 .text.USB_EPSetStall
                0x00000000080036d4       0x84 Drivers/STM32F0xx_HAL_Driver/Src/stm32f0xx_ll_usb.o
                0x00000000080036d4                USB_EPSetStall
 .text.USB_EPClearStall
                0x0000000008003758      0x124 Drivers/STM32F0xx_HAL_Driver/Src/stm32f0xx_ll_usb.o
                0x0000000008003758                USB_EPClearStall
 .text.USB_SetDevAddress
                0x000000000800387c       0x28 Drivers/STM32F0xx_HAL_Driver/Src/stm32f0xx_ll_usb.o
                0x000000000800387c                USB_SetDevAddress
 .text.USB_DevConnect
                0x00000000080038a4       0x2c Drivers/STM32F0xx_HAL_Driver/Src/stm32f0xx_ll_usb.o
                0x00000000080038a4                USB_DevConnect
 .text.USB_ReadInterrupts
                0x00000000080038d0       0x1c Drivers/STM32F0xx_HAL_Driver/Src/stm32f0xx_ll_usb.o
                0x00000000080038d0                USB_ReadInterrupts
 .text.USB_EP0_OutStart
                0x00000000080038ec       0x14 Drivers/STM32F0xx_HAL_Driver/Src/stm32f0xx_ll_usb.o
                0x00000000080038ec                USB_EP0_OutStart
 .text.USB_WritePMA
                0x0000000008003900       0x86 Drivers/STM32F0xx_HAL_Driver/Src/stm32f0xx_ll_usb.o
                0x0000000008003900                USB_WritePMA
 .text.USB_ReadPMA
                0x0000000008003986       0x9e Drivers/STM32F0xx_HAL_Driver/Src/stm32f0xx_ll_usb.o
                0x0000000008003986                USB_ReadPMA
 .text.get_ip   0x0000000008003a24       0x20 ecm_src/dhcp-server/dhserver.o
 .text.set_ip   0x0000000008003a44       0x1e ecm_src/dhcp-server/dhserver.o
 *fill*         0x0000000008003a62        0x2 
 .text.entry_by_ip
                0x0000000008003a64       0x64 ecm_src/dhcp-server/dhserver.o
 .text.entry_by_mac
                0x0000000008003ac8       0x64 ecm_src/dhcp-server/dhserver.o
 .text.is_vacant
                0x0000000008003b2c       0x28 ecm_src/dhcp-server/dhserver.o
 .text.vacant_address
                0x0000000008003b54       0x5c ecm_src/dhcp-server/dhserver.o
 .text.free_entry
                0x0000000008003bb0       0x1c ecm_src/dhcp-server/dhserver.o
 .text.find_dhcp_option
                0x0000000008003bcc       0x64 ecm_src/dhcp-server/dhserver.o
                0x0000000008003bcc                find_dhcp_option
 .text.fill_options
                0x0000000008003c30      0x17a ecm_src/dhcp-server/dhserver.o
                0x0000000008003c30                fill_options
 *fill*         0x0000000008003daa        0x2 
 .text.udp_recv_proc
                0x0000000008003dac      0x2f4 ecm_src/dhcp-server/dhserver.o
 .text.dhserv_init
                0x00000000080040a0       0x88 ecm_src/dhcp-server/dhserver.o
                0x00000000080040a0                dhserv_init
 .text.dhserv_free
                0x0000000008004128       0x28 ecm_src/dhcp-server/dhserver.o
                0x0000000008004128                dhserv_free
 .text.get_uint16
                0x0000000008004150       0x22 ecm_src/dns-server/dnserver.o
 .text.parse_next_query
                0x0000000008004172      0x118 ecm_src/dns-server/dnserver.o
 *fill*         0x000000000800428a        0x2 
 .text.udp_recv_proc
                0x000000000800428c      0x2d0 ecm_src/dns-server/dnserver.o
 .text.dnserv_init
                0x000000000800455c       0x90 ecm_src/dns-server/dnserver.o
                0x000000000800455c                dnserv_init
 .text.dnserv_free
                0x00000000080045ec       0x28 ecm_src/dns-server/dnserver.o
                0x00000000080045ec                dnserv_free
 .text.lwip_htons
                0x0000000008004614       0x2c ecm_src/lwip-1.4.1/src/core/def.o
                0x0000000008004614                lwip_htons
 .text.lwip_ntohs
                0x0000000008004640       0x20 ecm_src/lwip-1.4.1/src/core/def.o
                0x0000000008004640                lwip_ntohs
 .text.lwip_htonl
                0x0000000008004660       0x32 ecm_src/lwip-1.4.1/src/core/def.o
                0x0000000008004660                lwip_htonl
 .text.lwip_ntohl
                0x0000000008004692       0x1a ecm_src/lwip-1.4.1/src/core/def.o
                0x0000000008004692                lwip_ntohl
 .text.lwip_init
                0x00000000080046ac       0x26 ecm_src/lwip-1.4.1/src/core/init.o
                0x00000000080046ac                lwip_init
 *fill*         0x00000000080046d2        0x2 
 .text.plug_holes
                0x00000000080046d4       0xbc ecm_src/lwip-1.4.1/src/core/mem.o
 .text.mem_init
                0x0000000008004790       0x88 ecm_src/lwip-1.4.1/src/core/mem.o
                0x0000000008004790                mem_init
 .text.mem_free
                0x0000000008004818       0x94 ecm_src/lwip-1.4.1/src/core/mem.o
                0x0000000008004818                mem_free
 .text.mem_trim
                0x00000000080048ac      0x228 ecm_src/lwip-1.4.1/src/core/mem.o
                0x00000000080048ac                mem_trim
 .text.mem_malloc
                0x0000000008004ad4      0x218 ecm_src/lwip-1.4.1/src/core/mem.o
                0x0000000008004ad4                mem_malloc
 .text.memp_init
                0x0000000008004cec      0x128 ecm_src/lwip-1.4.1/src/core/memp.o
                0x0000000008004cec                memp_init
 .text.memp_malloc
                0x0000000008004e14      0x10c ecm_src/lwip-1.4.1/src/core/memp.o
                0x0000000008004e14                memp_malloc
 .text.memp_free
                0x0000000008004f20       0x74 ecm_src/lwip-1.4.1/src/core/memp.o
                0x0000000008004f20                memp_free
 .text.netif_init
                0x0000000008004f94        0xa ecm_src/lwip-1.4.1/src/core/netif.o
                0x0000000008004f94                netif_init
 *fill*         0x0000000008004f9e        0x2 
 .text.netif_add
                0x0000000008004fa0       0x84 ecm_src/lwip-1.4.1/src/core/netif.o
                0x0000000008004fa0                netif_add
 .text.netif_set_addr
                0x0000000008005024       0x3a ecm_src/lwip-1.4.1/src/core/netif.o
                0x0000000008005024                netif_set_addr
 *fill*         0x000000000800505e        0x2 
 .text.netif_set_ipaddr
                0x0000000008005060       0xb4 ecm_src/lwip-1.4.1/src/core/netif.o
                0x0000000008005060                netif_set_ipaddr
 .text.netif_set_gw
                0x0000000008005114       0x24 ecm_src/lwip-1.4.1/src/core/netif.o
                0x0000000008005114                netif_set_gw
 .text.netif_set_netmask
                0x0000000008005138       0x24 ecm_src/lwip-1.4.1/src/core/netif.o
                0x0000000008005138                netif_set_netmask
 .text.netif_set_default
                0x000000000800515c       0x1c ecm_src/lwip-1.4.1/src/core/netif.o
                0x000000000800515c                netif_set_default
 .text.pbuf_pool_is_empty
                0x0000000008005178       0x14 ecm_src/lwip-1.4.1/src/core/pbuf.o
 .text.pbuf_alloc
                0x000000000800518c      0x244 ecm_src/lwip-1.4.1/src/core/pbuf.o
                0x000000000800518c                pbuf_alloc
 .text.pbuf_alloced_custom
                0x00000000080053d0       0xe2 ecm_src/lwip-1.4.1/src/core/pbuf.o
                0x00000000080053d0                pbuf_alloced_custom
 .text.pbuf_realloc
                0x00000000080054b2       0xe4 ecm_src/lwip-1.4.1/src/core/pbuf.o
                0x00000000080054b2                pbuf_realloc
 .text.pbuf_header
                0x0000000008005596      0x10e ecm_src/lwip-1.4.1/src/core/pbuf.o
                0x0000000008005596                pbuf_header
 .text.pbuf_free
                0x00000000080056a4       0xe4 ecm_src/lwip-1.4.1/src/core/pbuf.o
                0x00000000080056a4                pbuf_free
 .text.pbuf_clen
                0x0000000008005788       0x38 ecm_src/lwip-1.4.1/src/core/pbuf.o
                0x0000000008005788                pbuf_clen
 .text.pbuf_ref
                0x00000000080057c0       0x22 ecm_src/lwip-1.4.1/src/core/pbuf.o
                0x00000000080057c0                pbuf_ref
 .text.pbuf_cat
                0x00000000080057e2       0x5a ecm_src/lwip-1.4.1/src/core/pbuf.o
                0x00000000080057e2                pbuf_cat
 .text.pbuf_chain
                0x000000000800583c       0x26 ecm_src/lwip-1.4.1/src/core/pbuf.o
                0x000000000800583c                pbuf_chain
 .text.pbuf_copy
                0x0000000008005862      0x15a ecm_src/lwip-1.4.1/src/core/pbuf.o
                0x0000000008005862                pbuf_copy
 .text.pbuf_copy_partial
                0x00000000080059bc      0x110 ecm_src/lwip-1.4.1/src/core/pbuf.o
                0x00000000080059bc                pbuf_copy_partial
 .text.raw_input
                0x0000000008005acc       0xd4 ecm_src/lwip-1.4.1/src/core/raw.o
                0x0000000008005acc                raw_input
 .text.stats_init
                0x0000000008005ba0        0xa ecm_src/lwip-1.4.1/src/core/stats.o
                0x0000000008005ba0                stats_init
 .text.tcp_init
                0x0000000008005baa        0xa ecm_src/lwip-1.4.1/src/core/tcp.o
                0x0000000008005baa                tcp_init
 .text.tcp_tmr  0x0000000008005bb4       0x30 ecm_src/lwip-1.4.1/src/core/tcp.o
                0x0000000008005bb4                tcp_tmr
 .text.tcp_close_shutdown
                0x0000000008005be4      0x284 ecm_src/lwip-1.4.1/src/core/tcp.o
 .text.tcp_close
                0x0000000008005e68       0x32 ecm_src/lwip-1.4.1/src/core/tcp.o
                0x0000000008005e68                tcp_close
 *fill*         0x0000000008005e9a        0x2 
 .text.tcp_abandon
                0x0000000008005e9c       0xe0 ecm_src/lwip-1.4.1/src/core/tcp.o
                0x0000000008005e9c                tcp_abandon
 .text.tcp_abort
                0x0000000008005f7c       0x1a ecm_src/lwip-1.4.1/src/core/tcp.o
                0x0000000008005f7c                tcp_abort
 *fill*         0x0000000008005f96        0x2 
 .text.tcp_update_rcv_ann_wnd
                0x0000000008005f98       0x80 ecm_src/lwip-1.4.1/src/core/tcp.o
                0x0000000008005f98                tcp_update_rcv_ann_wnd
 .text.tcp_recved
                0x0000000008006018       0x68 ecm_src/lwip-1.4.1/src/core/tcp.o
                0x0000000008006018                tcp_recved
 .text.tcp_slowtmr
                0x0000000008006080      0x4dc ecm_src/lwip-1.4.1/src/core/tcp.o
                0x0000000008006080                tcp_slowtmr
 .text.tcp_fasttmr
                0x000000000800655c       0xa8 ecm_src/lwip-1.4.1/src/core/tcp.o
                0x000000000800655c                tcp_fasttmr
 .text.tcp_process_refused_data
                0x0000000008006604       0xf0 ecm_src/lwip-1.4.1/src/core/tcp.o
                0x0000000008006604                tcp_process_refused_data
 .text.tcp_segs_free
                0x00000000080066f4       0x2a ecm_src/lwip-1.4.1/src/core/tcp.o
                0x00000000080066f4                tcp_segs_free
 .text.tcp_seg_free
                0x000000000800671e       0x32 ecm_src/lwip-1.4.1/src/core/tcp.o
                0x000000000800671e                tcp_seg_free
 .text.tcp_seg_copy
                0x0000000008006750       0x3c ecm_src/lwip-1.4.1/src/core/tcp.o
                0x0000000008006750                tcp_seg_copy
 .text.tcp_recv_null
                0x000000000800678c       0x50 ecm_src/lwip-1.4.1/src/core/tcp.o
                0x000000000800678c                tcp_recv_null
 .text.tcp_kill_prio
                0x00000000080067dc       0x94 ecm_src/lwip-1.4.1/src/core/tcp.o
 .text.tcp_kill_timewait
                0x0000000008006870       0x60 ecm_src/lwip-1.4.1/src/core/tcp.o
 .text.tcp_alloc
                0x00000000080068d0      0x158 ecm_src/lwip-1.4.1/src/core/tcp.o
                0x00000000080068d0                tcp_alloc
 .text.tcp_pcb_purge
                0x0000000008006a28       0x82 ecm_src/lwip-1.4.1/src/core/tcp.o
                0x0000000008006a28                tcp_pcb_purge
 *fill*         0x0000000008006aaa        0x2 
 .text.tcp_pcb_remove
                0x0000000008006aac       0xa8 ecm_src/lwip-1.4.1/src/core/tcp.o
                0x0000000008006aac                tcp_pcb_remove
 .text.tcp_next_iss
                0x0000000008006b54       0x24 ecm_src/lwip-1.4.1/src/core/tcp.o
                0x0000000008006b54                tcp_next_iss
 .text.tcp_eff_send_mss
                0x0000000008006b78       0x56 ecm_src/lwip-1.4.1/src/core/tcp.o
                0x0000000008006b78                tcp_eff_send_mss
 *fill*         0x0000000008006bce        0x2 
 .text.tcp_input
                0x0000000008006bd0      0x8b8 ecm_src/lwip-1.4.1/src/core/tcp_in.o
                0x0000000008006bd0                tcp_input
 .text.tcp_listen_input
                0x0000000008007488      0x1e0 ecm_src/lwip-1.4.1/src/core/tcp_in.o
 .text.tcp_timewait_input
                0x0000000008007668       0xe8 ecm_src/lwip-1.4.1/src/core/tcp_in.o
 .text.tcp_process
                0x0000000008007750      0x738 ecm_src/lwip-1.4.1/src/core/tcp_in.o
 .text.tcp_oos_insert_segment
                0x0000000008007e88      0x15c ecm_src/lwip-1.4.1/src/core/tcp_in.o
 .text.tcp_receive
                0x0000000008007fe4     0x1154 ecm_src/lwip-1.4.1/src/core/tcp_in.o
 .text.tcp_parseopt
                0x0000000008009138      0x16c ecm_src/lwip-1.4.1/src/core/tcp_in.o
 .text.tcp_output_alloc_header
                0x00000000080092a4      0x21a ecm_src/lwip-1.4.1/src/core/tcp_out.o
 .text.tcp_send_fin
                0x00000000080094be       0xb0 ecm_src/lwip-1.4.1/src/core/tcp_out.o
                0x00000000080094be                tcp_send_fin
 *fill*         0x000000000800956e        0x2 
 .text.tcp_create_segment
                0x0000000008009570      0x1ec ecm_src/lwip-1.4.1/src/core/tcp_out.o
 .text.tcp_enqueue_flags
                0x000000000800975c      0x1f4 ecm_src/lwip-1.4.1/src/core/tcp_out.o
                0x000000000800975c                tcp_enqueue_flags
 .text.tcp_send_empty_ack
                0x0000000008009950       0xc0 ecm_src/lwip-1.4.1/src/core/tcp_out.o
                0x0000000008009950                tcp_send_empty_ack
 .text.tcp_output
                0x0000000008009a10      0x370 ecm_src/lwip-1.4.1/src/core/tcp_out.o
                0x0000000008009a10                tcp_output
 .text.tcp_output_segment
                0x0000000008009d80      0x24c ecm_src/lwip-1.4.1/src/core/tcp_out.o
 .text.tcp_rst  0x0000000008009fcc      0x248 ecm_src/lwip-1.4.1/src/core/tcp_out.o
                0x0000000008009fcc                tcp_rst
 .text.tcp_rexmit_rto
                0x000000000800a214       0x64 ecm_src/lwip-1.4.1/src/core/tcp_out.o
                0x000000000800a214                tcp_rexmit_rto
 .text.tcp_rexmit
                0x000000000800a278       0xb8 ecm_src/lwip-1.4.1/src/core/tcp_out.o
                0x000000000800a278                tcp_rexmit
 .text.tcp_rexmit_fast
                0x000000000800a330       0xaa ecm_src/lwip-1.4.1/src/core/tcp_out.o
                0x000000000800a330                tcp_rexmit_fast
 *fill*         0x000000000800a3da        0x2 
 .text.tcp_keepalive
                0x000000000800a3dc       0xb0 ecm_src/lwip-1.4.1/src/core/tcp_out.o
                0x000000000800a3dc                tcp_keepalive
 .text.tcp_zero_window_probe
                0x000000000800a48c      0x1a0 ecm_src/lwip-1.4.1/src/core/tcp_out.o
                0x000000000800a48c                tcp_zero_window_probe
 .text.tcpip_tcp_timer
                0x000000000800a62c       0x48 ecm_src/lwip-1.4.1/src/core/timers.o
 .text.tcp_timer_needed
                0x000000000800a674       0x44 ecm_src/lwip-1.4.1/src/core/timers.o
                0x000000000800a674                tcp_timer_needed
 .text.ip_reass_timer
                0x000000000800a6b8       0x28 ecm_src/lwip-1.4.1/src/core/timers.o
 .text.arp_timer
                0x000000000800a6e0       0x28 ecm_src/lwip-1.4.1/src/core/timers.o
 .text.sys_timeouts_init
                0x000000000800a708       0x40 ecm_src/lwip-1.4.1/src/core/timers.o
                0x000000000800a708                sys_timeouts_init
 .text.sys_timeout
                0x000000000800a748       0xe0 ecm_src/lwip-1.4.1/src/core/timers.o
                0x000000000800a748                sys_timeout
 .text.udp_init
                0x000000000800a828        0xa ecm_src/lwip-1.4.1/src/core/udp.o
                0x000000000800a828                udp_init
 *fill*         0x000000000800a832        0x2 
 .text.udp_new_port
                0x000000000800a834       0x7c ecm_src/lwip-1.4.1/src/core/udp.o
 .text.udp_input
                0x000000000800a8b0      0x33c ecm_src/lwip-1.4.1/src/core/udp.o
                0x000000000800a8b0                udp_input
 .text.udp_sendto
                0x000000000800abec       0x5c ecm_src/lwip-1.4.1/src/core/udp.o
                0x000000000800abec                udp_sendto
 .text.udp_sendto_if
                0x000000000800ac48      0x240 ecm_src/lwip-1.4.1/src/core/udp.o
                0x000000000800ac48                udp_sendto_if
 .text.udp_bind
                0x000000000800ae88       0xd8 ecm_src/lwip-1.4.1/src/core/udp.o
                0x000000000800ae88                udp_bind
 .text.udp_recv
                0x000000000800af60       0x20 ecm_src/lwip-1.4.1/src/core/udp.o
                0x000000000800af60                udp_recv
 .text.udp_remove
                0x000000000800af80       0x64 ecm_src/lwip-1.4.1/src/core/udp.o
                0x000000000800af80                udp_remove
 .text.udp_new  0x000000000800afe4       0x32 ecm_src/lwip-1.4.1/src/core/udp.o
                0x000000000800afe4                udp_new
 *fill*         0x000000000800b016        0x2 
 .text.icmp_input
                0x000000000800b018      0x3f4 ecm_src/lwip-1.4.1/src/core/ipv4/icmp.o
                0x000000000800b018                icmp_input
 .text.icmp_dest_unreach
                0x000000000800b40c       0x24 ecm_src/lwip-1.4.1/src/core/ipv4/icmp.o
                0x000000000800b40c                icmp_dest_unreach
 .text.icmp_time_exceeded
                0x000000000800b430       0x24 ecm_src/lwip-1.4.1/src/core/ipv4/icmp.o
                0x000000000800b430                icmp_time_exceeded
 .text.icmp_send_response
                0x000000000800b454      0x120 ecm_src/lwip-1.4.1/src/core/ipv4/icmp.o
 .text.lwip_standard_chksum
                0x000000000800b574       0xc6 ecm_src/lwip-1.4.1/src/core/ipv4/inet_chksum.o
 .text.inet_chksum_pseudo
                0x000000000800b63a      0x136 ecm_src/lwip-1.4.1/src/core/ipv4/inet_chksum.o
                0x000000000800b63a                inet_chksum_pseudo
 .text.inet_chksum
                0x000000000800b770       0x2a ecm_src/lwip-1.4.1/src/core/ipv4/inet_chksum.o
                0x000000000800b770                inet_chksum
 .text.inet_chksum_pbuf
                0x000000000800b79a       0xac ecm_src/lwip-1.4.1/src/core/ipv4/inet_chksum.o
                0x000000000800b79a                inet_chksum_pbuf
 *fill*         0x000000000800b846        0x2 
 .text.ip_route
                0x000000000800b848       0x88 ecm_src/lwip-1.4.1/src/core/ipv4/ip.o
                0x000000000800b848                ip_route
 .text.ip_input
                0x000000000800b8d0      0x394 ecm_src/lwip-1.4.1/src/core/ipv4/ip.o
                0x000000000800b8d0                ip_input
 .text.ip_output_if
                0x000000000800bc64      0x3ac ecm_src/lwip-1.4.1/src/core/ipv4/ip.o
                0x000000000800bc64                ip_output_if
 .text.ip_output
                0x000000000800c010       0x6c ecm_src/lwip-1.4.1/src/core/ipv4/ip.o
                0x000000000800c010                ip_output
 .text.ip4_addr_isbroadcast
                0x000000000800c07c       0x70 ecm_src/lwip-1.4.1/src/core/ipv4/ip_addr.o
                0x000000000800c07c                ip4_addr_isbroadcast
 .text.ip_reass_tmr
                0x000000000800c0ec       0x5c ecm_src/lwip-1.4.1/src/core/ipv4/ip_frag.o
                0x000000000800c0ec                ip_reass_tmr
 .text.ip_reass_free_complete_datagram
                0x000000000800c148      0x11c ecm_src/lwip-1.4.1/src/core/ipv4/ip_frag.o
 .text.ip_reass_remove_oldest_datagram
                0x000000000800c264       0xe8 ecm_src/lwip-1.4.1/src/core/ipv4/ip_frag.o
 .text.ip_reass_enqueue_new_datagram
                0x000000000800c34c       0x90 ecm_src/lwip-1.4.1/src/core/ipv4/ip_frag.o
 .text.ip_reass_dequeue_datagram
                0x000000000800c3dc       0x3c ecm_src/lwip-1.4.1/src/core/ipv4/ip_frag.o
 .text.ip_reass_chain_frag_into_datagram_and_validate
                0x000000000800c418      0x3d8 ecm_src/lwip-1.4.1/src/core/ipv4/ip_frag.o
 .text.ip_reass
                0x000000000800c7f0      0x38c ecm_src/lwip-1.4.1/src/core/ipv4/ip_frag.o
                0x000000000800c7f0                ip_reass
 .text.ip_frag_alloc_pbuf_custom_ref
                0x000000000800cb7c       0x12 ecm_src/lwip-1.4.1/src/core/ipv4/ip_frag.o
 .text.ip_frag_free_pbuf_custom_ref
                0x000000000800cb8e       0x1a ecm_src/lwip-1.4.1/src/core/ipv4/ip_frag.o
 .text.ipfrag_free_pbuf_custom
                0x000000000800cba8       0x2e ecm_src/lwip-1.4.1/src/core/ipv4/ip_frag.o
 *fill*         0x000000000800cbd6        0x2 
 .text.ip_frag  0x000000000800cbd8      0x364 ecm_src/lwip-1.4.1/src/core/ipv4/ip_frag.o
                0x000000000800cbd8                ip_frag
 .text.etharp_free_entry
                0x000000000800cf3c       0x60 ecm_src/lwip-1.4.1/src/netif/etharp.o
 .text.etharp_tmr
                0x000000000800cf9c      0x100 ecm_src/lwip-1.4.1/src/netif/etharp.o
                0x000000000800cf9c                etharp_tmr
 .text.etharp_find_entry
                0x000000000800d09c      0x2f8 ecm_src/lwip-1.4.1/src/netif/etharp.o
 .text.etharp_send_ip
                0x000000000800d394       0x5c ecm_src/lwip-1.4.1/src/netif/etharp.o
 .text.etharp_update_arp_entry
                0x000000000800d3f0      0x168 ecm_src/lwip-1.4.1/src/netif/etharp.o
 .text.etharp_arp_input
                0x000000000800d558      0x20c ecm_src/lwip-1.4.1/src/netif/etharp.o
 .text.etharp_output_to_arp_index
                0x000000000800d764       0xb4 ecm_src/lwip-1.4.1/src/netif/etharp.o
 .text.etharp_output
                0x000000000800d818      0x1e0 ecm_src/lwip-1.4.1/src/netif/etharp.o
                0x000000000800d818                etharp_output
 .text.etharp_query
                0x000000000800d9f8      0x290 ecm_src/lwip-1.4.1/src/netif/etharp.o
                0x000000000800d9f8                etharp_query
 .text.etharp_raw
                0x000000000800dc88      0x16c ecm_src/lwip-1.4.1/src/netif/etharp.o
 .text.etharp_request
                0x000000000800ddf4       0x48 ecm_src/lwip-1.4.1/src/netif/etharp.o
                0x000000000800ddf4                etharp_request
 .text.ethernet_input
                0x000000000800de3c      0x148 ecm_src/lwip-1.4.1/src/netif/etharp.o
                0x000000000800de3c                ethernet_input
 .text.usb_ecm_recv_callback
                0x000000000800df84       0x5c ecm_src/src/ecm_main.o
                0x000000000800df84                usb_ecm_recv_callback
 .text.sys_now  0x000000000800dfe0       0x10 ecm_src/src/ecm_main.o
                0x000000000800dfe0                sys_now
 .text.tcp_timer_proc
                0x000000000800dff0       0x14 ecm_src/src/ecm_main.o
                0x000000000800dff0                tcp_timer_proc
 .text.output_fn
                0x000000000800e004       0x22 ecm_src/src/ecm_main.o
                0x000000000800e004                output_fn
 .text.linkoutput_fn
                0x000000000800e026       0x44 ecm_src/src/ecm_main.o
                0x000000000800e026                linkoutput_fn
 *fill*         0x000000000800e06a        0x2 
 .text.netif_init_cb
                0x000000000800e06c       0x4c ecm_src/src/ecm_main.o
                0x000000000800e06c                netif_init_cb
 .text.init_lwip
                0x000000000800e0b8       0x80 ecm_src/src/ecm_main.o
 .text.dns_query_proc
                0x000000000800e138       0x4c ecm_src/src/ecm_main.o
                0x000000000800e138                dns_query_proc
 .text.service_traffic
                0x000000000800e184       0x48 ecm_src/src/ecm_main.o
 .text.ecm_main_init
                0x000000000800e1cc       0x54 ecm_src/src/ecm_main.o
                0x000000000800e1cc                ecm_main_init
 .text.ecm_main_loop
                0x000000000800e220       0x12 ecm_src/src/ecm_main.o
                0x000000000800e220                ecm_main_loop
 .text.time_init
                0x000000000800e232        0xa ecm_src/src/time.o
                0x000000000800e232                time_init
 .text.mtime    0x000000000800e23c       0x10 ecm_src/src/time.o
                0x000000000800e23c                mtime
 .text.msleep   0x000000000800e24c       0x3c ecm_src/src/time.o
                0x000000000800e24c                msleep
 .text.stmr     0x000000000800e288       0x6c ecm_src/src/time.o
                0x000000000800e288                stmr
 .text.stmr_add
                0x000000000800e2f4       0x24 ecm_src/src/time.o
                0x000000000800e2f4                stmr_add
 .text.MX_USB_DEVICE_Init
                0x000000000800e318       0x60 ecm_src/src/usb_device.o
                0x000000000800e318                MX_USB_DEVICE_Init
 .text.HAL_PCD_MspInit
                0x000000000800e378       0x8c ecm_src/src/usbd_conf.o
                0x000000000800e378                HAL_PCD_MspInit
 .text.HAL_PCD_SetupStageCallback
                0x000000000800e404       0x2a ecm_src/src/usbd_conf.o
                0x000000000800e404                HAL_PCD_SetupStageCallback
 .text.HAL_PCD_DataOutStageCallback
                0x000000000800e42e       0x3a ecm_src/src/usbd_conf.o
                0x000000000800e42e                HAL_PCD_DataOutStageCallback
 .text.HAL_PCD_DataInStageCallback
                0x000000000800e468       0x36 ecm_src/src/usbd_conf.o
                0x000000000800e468                HAL_PCD_DataInStageCallback
 .text.HAL_PCD_SOFCallback
                0x000000000800e49e       0x1e ecm_src/src/usbd_conf.o
                0x000000000800e49e                HAL_PCD_SOFCallback
 .text.HAL_PCD_ResetCallback
                0x000000000800e4bc       0x2e ecm_src/src/usbd_conf.o
                0x000000000800e4bc                HAL_PCD_ResetCallback
 .text.HAL_PCD_SuspendCallback
                0x000000000800e4ea       0x10 ecm_src/src/usbd_conf.o
                0x000000000800e4ea                HAL_PCD_SuspendCallback
 .text.HAL_PCD_ResumeCallback
                0x000000000800e4fa       0x10 ecm_src/src/usbd_conf.o
                0x000000000800e4fa                HAL_PCD_ResumeCallback
 *fill*         0x000000000800e50a        0x2 
 .text.USBD_LL_Init
                0x000000000800e50c       0x98 ecm_src/src/usbd_conf.o
                0x000000000800e50c                USBD_LL_Init
 .text.USBD_LL_Start
                0x000000000800e5a4       0x20 ecm_src/src/usbd_conf.o
                0x000000000800e5a4                USBD_LL_Start
 .text.USBD_LL_OpenEP
                0x000000000800e5c4       0x44 ecm_src/src/usbd_conf.o
                0x000000000800e5c4                USBD_LL_OpenEP
 .text.USBD_LL_CloseEP
                0x000000000800e608       0x2c ecm_src/src/usbd_conf.o
                0x000000000800e608                USBD_LL_CloseEP
 .text.USBD_LL_StallEP
                0x000000000800e634       0x2c ecm_src/src/usbd_conf.o
                0x000000000800e634                USBD_LL_StallEP
 .text.USBD_LL_ClearStallEP
                0x000000000800e660       0x2c ecm_src/src/usbd_conf.o
                0x000000000800e660                USBD_LL_ClearStallEP
 .text.USBD_LL_IsStallEP
                0x000000000800e68c       0x56 ecm_src/src/usbd_conf.o
                0x000000000800e68c                USBD_LL_IsStallEP
 .text.USBD_LL_SetUSBAddress
                0x000000000800e6e2       0x2c ecm_src/src/usbd_conf.o
                0x000000000800e6e2                USBD_LL_SetUSBAddress
 .text.USBD_LL_Transmit
                0x000000000800e70e       0x52 ecm_src/src/usbd_conf.o
                0x000000000800e70e                USBD_LL_Transmit
 .text.USBD_LL_PrepareReceive
                0x000000000800e760       0x52 ecm_src/src/usbd_conf.o
                0x000000000800e760                USBD_LL_PrepareReceive
 .text.USBD_LL_GetRxDataSize
                0x000000000800e7b2       0x2c ecm_src/src/usbd_conf.o
                0x000000000800e7b2                USBD_LL_GetRxDataSize
 .text.USBD_Init
                0x000000000800e7de       0x62 ecm_src/src/usbd_core.o
                0x000000000800e7de                USBD_Init
 .text.USBD_RegisterClass
                0x000000000800e840       0x42 ecm_src/src/usbd_core.o
                0x000000000800e840                USBD_RegisterClass
 .text.USBD_Start
                0x000000000800e882       0x1a ecm_src/src/usbd_core.o
                0x000000000800e882                USBD_Start
 .text.USBD_SetClassConfig
                0x000000000800e89c       0x50 ecm_src/src/usbd_core.o
                0x000000000800e89c                USBD_SetClassConfig
 .text.USBD_ClrClassConfig
                0x000000000800e8ec       0x2c ecm_src/src/usbd_core.o
                0x000000000800e8ec                USBD_ClrClassConfig
 .text.USBD_LL_SetupStage
                0x000000000800e918       0xb8 ecm_src/src/usbd_core.o
                0x000000000800e918                USBD_LL_SetupStage
 .text.USBD_LL_DataOutStage
                0x000000000800e9d0       0xd2 ecm_src/src/usbd_core.o
                0x000000000800e9d0                USBD_LL_DataOutStage
 .text.USBD_LL_DataInStage
                0x000000000800eaa2      0x10e ecm_src/src/usbd_core.o
                0x000000000800eaa2                USBD_LL_DataInStage
 .text.USBD_LL_Reset
                0x000000000800ebb0       0x66 ecm_src/src/usbd_core.o
                0x000000000800ebb0                USBD_LL_Reset
 .text.USBD_LL_SetSpeed
                0x000000000800ec16       0x20 ecm_src/src/usbd_core.o
                0x000000000800ec16                USBD_LL_SetSpeed
 .text.USBD_LL_SOF
                0x000000000800ec36       0x3c ecm_src/src/usbd_core.o
                0x000000000800ec36                USBD_LL_SOF
 *fill*         0x000000000800ec72        0x2 
 .text.USBD_StdDevReq
                0x000000000800ec74       0xa8 ecm_src/src/usbd_ctlreq.o
                0x000000000800ec74                USBD_StdDevReq
 .text.USBD_StdItfReq
                0x000000000800ed1c       0x7e ecm_src/src/usbd_ctlreq.o
                0x000000000800ed1c                USBD_StdItfReq
 .text.USBD_StdEPReq
                0x000000000800ed9a      0x208 ecm_src/src/usbd_ctlreq.o
                0x000000000800ed9a                USBD_StdEPReq
 .text.USBD_GetDescriptor
                0x000000000800efa2      0x142 ecm_src/src/usbd_ctlreq.o
 .text.USBD_SetAddress
                0x000000000800f0e4       0x9c ecm_src/src/usbd_ctlreq.o
 .text.USBD_SetConfig
                0x000000000800f180      0x138 ecm_src/src/usbd_ctlreq.o
 .text.USBD_GetConfig
                0x000000000800f2b8       0x70 ecm_src/src/usbd_ctlreq.o
 .text.USBD_GetStatus
                0x000000000800f328       0x5e ecm_src/src/usbd_ctlreq.o
 .text.USBD_SetFeature
                0x000000000800f386       0x3e ecm_src/src/usbd_ctlreq.o
 .text.USBD_ClrFeature
                0x000000000800f3c4       0x5e ecm_src/src/usbd_ctlreq.o
 .text.USBD_ParseSetupRequest
                0x000000000800f422       0x76 ecm_src/src/usbd_ctlreq.o
                0x000000000800f422                USBD_ParseSetupRequest
 .text.USBD_CtlError
                0x000000000800f498       0x26 ecm_src/src/usbd_ctlreq.o
                0x000000000800f498                USBD_CtlError
 .text.USBD_GetString
                0x000000000800f4be       0xa0 ecm_src/src/usbd_ctlreq.o
                0x000000000800f4be                USBD_GetString
 .text.USBD_GetLen
                0x000000000800f55e       0x3a ecm_src/src/usbd_ctlreq.o
 .text.USBD_VCP_DeviceDescriptor
                0x000000000800f598       0x24 ecm_src/src/usbd_desc.o
 .text.USBD_VCP_LangIDStrDescriptor
                0x000000000800f5bc       0x24 ecm_src/src/usbd_desc.o
 .text.USBD_VCP_ProductStrDescriptor
                0x000000000800f5e0       0x2c ecm_src/src/usbd_desc.o
 .text.USBD_VCP_ManufacturerStrDescriptor
                0x000000000800f60c       0x2c ecm_src/src/usbd_desc.o
 .text.USBD_VCP_SerialStrDescriptor
                0x000000000800f638       0x5c ecm_src/src/usbd_desc.o
 .text.IntToUnicode
                0x000000000800f694       0x94 ecm_src/src/usbd_desc.o
 .text.usb_ecm_recv_renew
                0x000000000800f728       0x48 ecm_src/src/usbd_ecm.o
                0x000000000800f728                usb_ecm_recv_renew
 .text.USBD_ECM_Init
                0x000000000800f770       0x74 ecm_src/src/usbd_ecm.o
 .text.USBD_ECM_DeInit
                0x000000000800f7e4       0x4c ecm_src/src/usbd_ecm.o
 .text.USBD_ECM_Setup
                0x000000000800f830       0x34 ecm_src/src/usbd_ecm.o
 .text.ecm_incoming_attempt
                0x000000000800f864       0x70 ecm_src/src/usbd_ecm.o
 .text.USBD_ECM_DataIn
                0x000000000800f8d4       0x4c ecm_src/src/usbd_ecm.o
 .text.USBD_ECM_DataOut
                0x000000000800f920       0x70 ecm_src/src/usbd_ecm.o
 .text.USBD_ECM_SOF
                0x000000000800f990       0x60 ecm_src/src/usbd_ecm.o
 .text.USBD_ECM_EP0_RxReady
                0x000000000800f9f0       0x12 ecm_src/src/usbd_ecm.o
 *fill*         0x000000000800fa02        0x2 
 .text.USBD_ECM_GetFSCfgDesc
                0x000000000800fa04       0x24 ecm_src/src/usbd_ecm.o
 .text.USBD_ECM_RegisterInterface
                0x000000000800fa28       0x12 ecm_src/src/usbd_ecm.o
                0x000000000800fa28                USBD_ECM_RegisterInterface
 .text.USBD_ECM_PMAConfig
                0x000000000800fa3a       0x60 ecm_src/src/usbd_ecm.o
                0x000000000800fa3a                USBD_ECM_PMAConfig
 *fill*         0x000000000800fa9a        0x2 
 .text.usb_ecm_can_xmit
                0x000000000800fa9c       0x24 ecm_src/src/usbd_ecm.o
                0x000000000800fa9c                usb_ecm_can_xmit
 .text.usb_ecm_xmit_packet
                0x000000000800fac0       0xa0 ecm_src/src/usbd_ecm.o
                0x000000000800fac0                usb_ecm_xmit_packet
 .text.USBD_CtlSendData
                0x000000000800fb60       0x40 ecm_src/src/usbd_ioreq.o
                0x000000000800fb60                USBD_CtlSendData
 .text.USBD_CtlContinueSendData
                0x000000000800fba0       0x26 ecm_src/src/usbd_ioreq.o
                0x000000000800fba0                USBD_CtlContinueSendData
 .text.USBD_CtlContinueRx
                0x000000000800fbc6       0x26 ecm_src/src/usbd_ioreq.o
                0x000000000800fbc6                USBD_CtlContinueRx
 .text.USBD_CtlSendStatus
                0x000000000800fbec       0x28 ecm_src/src/usbd_ioreq.o
                0x000000000800fbec                USBD_CtlSendStatus
 .text.USBD_CtlReceiveStatus
                0x000000000800fc14       0x28 ecm_src/src/usbd_ioreq.o
                0x000000000800fc14                USBD_CtlReceiveStatus
 .text.__libc_init_array
                0x000000000800fc3c       0x48 c:/st/stm32cubeide_1.3.0/stm32cubeide/plugins/com.st.stm32cube.ide.mcu.externaltools.gnu-tools-for-stm32.7-2018-q2-update.win32_1.0.0.201904181610/tools/bin/../lib/gcc/arm-none-eabi/7.3.1/../../../../arm-none-eabi/lib/thumb/v6-m\libc_nano.a(lib_a-init.o)
                0x000000000800fc3c                __libc_init_array
 .text.memcmp   0x000000000800fc84       0x1e c:/st/stm32cubeide_1.3.0/stm32cubeide/plugins/com.st.stm32cube.ide.mcu.externaltools.gnu-tools-for-stm32.7-2018-q2-update.win32_1.0.0.201904181610/tools/bin/../lib/gcc/arm-none-eabi/7.3.1/../../../../arm-none-eabi/lib/thumb/v6-m\libc_nano.a(lib_a-memcmp.o)
                0x000000000800fc84                memcmp
 .text.memcpy   0x000000000800fca2       0x12 c:/st/stm32cubeide_1.3.0/stm32cubeide/plugins/com.st.stm32cube.ide.mcu.externaltools.gnu-tools-for-stm32.7-2018-q2-update.win32_1.0.0.201904181610/tools/bin/../lib/gcc/arm-none-eabi/7.3.1/../../../../arm-none-eabi/lib/thumb/v6-m\libc_nano.a(lib_a-memcpy-stub.o)
                0x000000000800fca2                memcpy
 .text.memset   0x000000000800fcb4       0x10 c:/st/stm32cubeide_1.3.0/stm32cubeide/plugins/com.st.stm32cube.ide.mcu.externaltools.gnu-tools-for-stm32.7-2018-q2-update.win32_1.0.0.201904181610/tools/bin/../lib/gcc/arm-none-eabi/7.3.1/../../../../arm-none-eabi/lib/thumb/v6-m\libc_nano.a(lib_a-memset.o)
                0x000000000800fcb4                memset
 *(.glue_7)
 .glue_7        0x000000000800fcc4        0x0 linker stubs
 *(.glue_7t)
 .glue_7t       0x000000000800fcc4        0x0 linker stubs
 *(.eh_frame)
 .eh_frame      0x000000000800fcc4        0x0 c:/st/stm32cubeide_1.3.0/stm32cubeide/plugins/com.st.stm32cube.ide.mcu.externaltools.gnu-tools-for-stm32.7-2018-q2-update.win32_1.0.0.201904181610/tools/bin/../lib/gcc/arm-none-eabi/7.3.1/thumb/v6-m/crtbegin.o
 *(.init)
 .init          0x000000000800fcc4        0x4 c:/st/stm32cubeide_1.3.0/stm32cubeide/plugins/com.st.stm32cube.ide.mcu.externaltools.gnu-tools-for-stm32.7-2018-q2-update.win32_1.0.0.201904181610/tools/bin/../lib/gcc/arm-none-eabi/7.3.1/thumb/v6-m/crti.o
                0x000000000800fcc4                _init
 .init          0x000000000800fcc8        0x8 c:/st/stm32cubeide_1.3.0/stm32cubeide/plugins/com.st.stm32cube.ide.mcu.externaltools.gnu-tools-for-stm32.7-2018-q2-update.win32_1.0.0.201904181610/tools/bin/../lib/gcc/arm-none-eabi/7.3.1/thumb/v6-m/crtn.o
 *(.fini)
 .fini          0x000000000800fcd0        0x4 c:/st/stm32cubeide_1.3.0/stm32cubeide/plugins/com.st.stm32cube.ide.mcu.externaltools.gnu-tools-for-stm32.7-2018-q2-update.win32_1.0.0.201904181610/tools/bin/../lib/gcc/arm-none-eabi/7.3.1/thumb/v6-m/crti.o
                0x000000000800fcd0                _fini
 .fini          0x000000000800fcd4        0x8 c:/st/stm32cubeide_1.3.0/stm32cubeide/plugins/com.st.stm32cube.ide.mcu.externaltools.gnu-tools-for-stm32.7-2018-q2-update.win32_1.0.0.201904181610/tools/bin/../lib/gcc/arm-none-eabi/7.3.1/thumb/v6-m/crtn.o
                0x000000000800fcdc                . = ALIGN (0x4)
                0x000000000800fcdc                _etext = .

.vfp11_veneer   0x000000000800fcdc        0x0
 .vfp11_veneer  0x000000000800fcdc        0x0 linker stubs

.v4_bx          0x000000000800fcdc        0x0
 .v4_bx         0x000000000800fcdc        0x0 linker stubs

.iplt           0x000000000800fcdc        0x0
 .iplt          0x000000000800fcdc        0x0 c:/st/stm32cubeide_1.3.0/stm32cubeide/plugins/com.st.stm32cube.ide.mcu.externaltools.gnu-tools-for-stm32.7-2018-q2-update.win32_1.0.0.201904181610/tools/bin/../lib/gcc/arm-none-eabi/7.3.1/thumb/v6-m/crtbegin.o

.rodata         0x000000000800fcdc      0x1cc
                0x000000000800fcdc                . = ALIGN (0x4)
 *(.rodata)
 .rodata        0x000000000800fcdc       0x20 Drivers/STM32F0xx_HAL_Driver/Src/stm32f0xx_hal_rcc.o
 .rodata        0x000000000800fcfc        0x6 ecm_src/dhcp-server/dhserver.o
 *fill*         0x000000000800fd02        0x2 
 .rodata        0x000000000800fd04       0x18 ecm_src/src/ecm_main.o
 .rodata        0x000000000800fd1c        0x9 ecm_src/src/usbd_desc.o
 *(.rodata*)
 *fill*         0x000000000800fd25        0x3 
 .rodata.AHBPrescTable
                0x000000000800fd28       0x10 Core/Src/system_stm32f0xx.o
                0x000000000800fd28                AHBPrescTable
 .rodata.memp_sizes
                0x000000000800fd38       0x14 ecm_src/lwip-1.4.1/src/core/memp.o
 .rodata.memp_num
                0x000000000800fd4c       0x14 ecm_src/lwip-1.4.1/src/core/memp.o
 .rodata.tcp_backoff
                0x000000000800fd60        0xd ecm_src/lwip-1.4.1/src/core/tcp.o
                0x000000000800fd60                tcp_backoff
 *fill*         0x000000000800fd6d        0x3 
 .rodata.tcp_persist_backoff
                0x000000000800fd70        0x7 ecm_src/lwip-1.4.1/src/core/tcp.o
                0x000000000800fd70                tcp_persist_backoff
 *fill*         0x000000000800fd77        0x1 
 .rodata.tcp_close_shutdown
                0x000000000800fd78       0x20 ecm_src/lwip-1.4.1/src/core/tcp.o
 .rodata.tcp_process
                0x000000000800fd98       0x28 ecm_src/lwip-1.4.1/src/core/tcp_in.o
 .rodata.ip_addr_any
                0x000000000800fdc0        0x4 ecm_src/lwip-1.4.1/src/core/ipv4/ip_addr.o
                0x000000000800fdc0                ip_addr_any
 .rodata.ip_addr_broadcast
                0x000000000800fdc4        0x4 ecm_src/lwip-1.4.1/src/core/ipv4/ip_addr.o
                0x000000000800fdc4                ip_addr_broadcast
 .rodata.ethbroadcast
                0x000000000800fdc8        0x6 ecm_src/lwip-1.4.1/src/netif/etharp.o
                0x000000000800fdc8                ethbroadcast
 *fill*         0x000000000800fdce        0x2 
 .rodata.ethzero
                0x000000000800fdd0        0x6 ecm_src/lwip-1.4.1/src/netif/etharp.o
                0x000000000800fdd0                ethzero
 *fill*         0x000000000800fdd6        0x2 
 .rodata.USBD_StdDevReq
                0x000000000800fdd8       0x28 ecm_src/src/usbd_ctlreq.o
 .rodata.VCP_Desc
                0x000000000800fe00       0x14 ecm_src/src/usbd_desc.o
                0x000000000800fe00                VCP_Desc
 .rodata.hUSBDDeviceDesc
                0x000000000800fe14       0x12 ecm_src/src/usbd_desc.o
 *fill*         0x000000000800fe26        0x2 
 .rodata.USBD_ECM_CfgFSDesc
                0x000000000800fe28       0x47 ecm_src/src/usbd_desc.o
 *fill*         0x000000000800fe6f        0x1 
 .rodata.USBD_CfgFSDesc_pnt
                0x000000000800fe70        0x4 ecm_src/src/usbd_desc.o
                0x000000000800fe70                USBD_CfgFSDesc_pnt
 .rodata.USBD_CfgFSDesc_len
                0x000000000800fe74        0x2 ecm_src/src/usbd_desc.o
                0x000000000800fe74                USBD_CfgFSDesc_len
 *fill*         0x000000000800fe76        0x2 
 .rodata.USBD_LangIDDesc
                0x000000000800fe78        0x4 ecm_src/src/usbd_desc.o
 .rodata.USBD_ECM
                0x000000000800fe7c       0x2c ecm_src/src/usbd_ecm.o
                0x000000000800fe7c                USBD_ECM
                0x000000000800fea8                . = ALIGN (0x4)

.rel.dyn        0x000000000800fea8        0x0
 .rel.iplt      0x000000000800fea8        0x0 c:/st/stm32cubeide_1.3.0/stm32cubeide/plugins/com.st.stm32cube.ide.mcu.externaltools.gnu-tools-for-stm32.7-2018-q2-update.win32_1.0.0.201904181610/tools/bin/../lib/gcc/arm-none-eabi/7.3.1/thumb/v6-m/crtbegin.o

.ARM.extab      0x000000000800fea8        0x0
                0x000000000800fea8                . = ALIGN (0x4)
 *(.ARM.extab* .gnu.linkonce.armextab.*)
                0x000000000800fea8                . = ALIGN (0x4)

.ARM            0x000000000800fea8        0x0
                0x000000000800fea8                . = ALIGN (0x4)
                0x000000000800fea8                __exidx_start = .
 *(.ARM.exidx*)
                0x000000000800fea8                __exidx_end = .
                0x000000000800fea8                . = ALIGN (0x4)

.preinit_array  0x000000000800fea8        0x0
                0x000000000800fea8                . = ALIGN (0x4)
                0x000000000800fea8                PROVIDE (__preinit_array_start = .)
 *(.preinit_array*)
                0x000000000800fea8                PROVIDE (__preinit_array_end = .)
                0x000000000800fea8                . = ALIGN (0x4)

.init_array     0x000000000800fea8        0x4
                0x000000000800fea8                . = ALIGN (0x4)
                0x000000000800fea8                PROVIDE (__init_array_start = .)
 *(SORT_BY_NAME(.init_array.*))
 *(.init_array*)
 .init_array    0x000000000800fea8        0x4 c:/st/stm32cubeide_1.3.0/stm32cubeide/plugins/com.st.stm32cube.ide.mcu.externaltools.gnu-tools-for-stm32.7-2018-q2-update.win32_1.0.0.201904181610/tools/bin/../lib/gcc/arm-none-eabi/7.3.1/thumb/v6-m/crtbegin.o
                0x000000000800feac                PROVIDE (__init_array_end = .)
                0x000000000800feac                . = ALIGN (0x4)

.fini_array     0x000000000800feac        0x4
                0x000000000800feac                . = ALIGN (0x4)
                [!provide]                        PROVIDE (__fini_array_start = .)
 *(SORT_BY_NAME(.fini_array.*))
 *(.fini_array*)
 .fini_array    0x000000000800feac        0x4 c:/st/stm32cubeide_1.3.0/stm32cubeide/plugins/com.st.stm32cube.ide.mcu.externaltools.gnu-tools-for-stm32.7-2018-q2-update.win32_1.0.0.201904181610/tools/bin/../lib/gcc/arm-none-eabi/7.3.1/thumb/v6-m/crtbegin.o
                [!provide]                        PROVIDE (__fini_array_end = .)
                0x000000000800feb0                . = ALIGN (0x4)
                0x000000000800feb0                _sidata = LOADADDR (.data)

.data           0x0000000020000000       0x9c load address 0x000000000800feb0
                0x0000000020000000                . = ALIGN (0x4)
                0x0000000020000000                _sdata = .
 *(.data)
 *(.data*)
 .data.SystemCoreClock
                0x0000000020000000        0x4 Core/Src/system_stm32f0xx.o
                0x0000000020000000                SystemCoreClock
 .data.uwTickPrio
                0x0000000020000004        0x4 Drivers/STM32F0xx_HAL_Driver/Src/stm32f0xx_hal.o
                0x0000000020000004                uwTickPrio
 .data.uwTickFreq
                0x0000000020000008        0x1 Drivers/STM32F0xx_HAL_Driver/Src/stm32f0xx_hal.o
                0x0000000020000008                uwTickFreq
 *fill*         0x0000000020000009        0x3 
 .data.magic_cookie
                0x000000002000000c        0x4 ecm_src/dhcp-server/dhserver.o
                0x000000002000000c                magic_cookie
 .data.iss.5439
                0x0000000020000010        0x4 ecm_src/lwip-1.4.1/src/core/tcp.o
 .data.udp_port
                0x0000000020000014        0x2 ecm_src/lwip-1.4.1/src/core/udp.o
 *fill*         0x0000000020000016        0x2 
 .data.hwaddr   0x0000000020000018        0x6 ecm_src/src/ecm_main.o
 *fill*         0x000000002000001e        0x2 
 .data.ipaddr   0x0000000020000020        0x4 ecm_src/src/ecm_main.o
 .data.netmask  0x0000000020000024        0x4 ecm_src/src/ecm_main.o
 .data.entries  0x0000000020000028       0x3c ecm_src/src/ecm_main.o
 .data.dhcp_config
                0x0000000020000064       0x18 ecm_src/src/ecm_main.o
 .data.tcp_timer
                0x000000002000007c       0x18 ecm_src/src/ecm_main.o
 .data.notify   0x0000000020000094        0x8 ecm_src/src/usbd_ecm.o
                0x000000002000009c                . = ALIGN (0x4)
                0x000000002000009c                _edata = .

.igot.plt       0x000000002000009c        0x0 load address 0x000000000800ff4c
 .igot.plt      0x000000002000009c        0x0 c:/st/stm32cubeide_1.3.0/stm32cubeide/plugins/com.st.stm32cube.ide.mcu.externaltools.gnu-tools-for-stm32.7-2018-q2-update.win32_1.0.0.201904181610/tools/bin/../lib/gcc/arm-none-eabi/7.3.1/thumb/v6-m/crtbegin.o
                0x000000002000009c                . = ALIGN (0x4)

.bss            0x000000002000009c     0x369c load address 0x000000000800ff4c
                0x000000002000009c                _sbss = .
                0x000000002000009c                __bss_start__ = _sbss
 *(.bss)
 .bss           0x000000002000009c       0x1c c:/st/stm32cubeide_1.3.0/stm32cubeide/plugins/com.st.stm32cube.ide.mcu.externaltools.gnu-tools-for-stm32.7-2018-q2-update.win32_1.0.0.201904181610/tools/bin/../lib/gcc/arm-none-eabi/7.3.1/thumb/v6-m/crtbegin.o
 *(.bss*)
 .bss.pcb       0x00000000200000b8        0x4 ecm_src/dhcp-server/dhserver.o
 .bss.config    0x00000000200000bc        0x4 ecm_src/dhcp-server/dhserver.o
 .bss.pcb       0x00000000200000c0        0x4 ecm_src/dns-server/dnserver.o
 .bss.query_proc
                0x00000000200000c4        0x4 ecm_src/dns-server/dnserver.o
                0x00000000200000c4                query_proc
 .bss.query.5774
                0x00000000200000c8       0x84 ecm_src/dns-server/dnserver.o
 .bss.ram       0x000000002000014c        0x4 ecm_src/lwip-1.4.1/src/core/mem.o
 .bss.ram_end   0x0000000020000150        0x4 ecm_src/lwip-1.4.1/src/core/mem.o
 .bss.lfree     0x0000000020000154        0x4 ecm_src/lwip-1.4.1/src/core/mem.o
 .bss.memp_tab  0x0000000020000158       0x28 ecm_src/lwip-1.4.1/src/core/memp.o
 .bss.memp_memory
                0x0000000020000180     0x20f3 ecm_src/lwip-1.4.1/src/core/memp.o
 .bss.netif_num
                0x0000000020002273        0x1 ecm_src/lwip-1.4.1/src/core/netif.o
 .bss.raw_pcbs  0x0000000020002274        0x4 ecm_src/lwip-1.4.1/src/core/raw.o
 .bss.tcp_timer
                0x0000000020002278        0x1 ecm_src/lwip-1.4.1/src/core/tcp.o
 .bss.tcp_timer_ctr
                0x0000000020002279        0x1 ecm_src/lwip-1.4.1/src/core/tcp.o
 *fill*         0x000000002000227a        0x2 
 .bss.inseg     0x000000002000227c       0x10 ecm_src/lwip-1.4.1/src/core/tcp_in.o
 .bss.tcphdr    0x000000002000228c        0x4 ecm_src/lwip-1.4.1/src/core/tcp_in.o
 .bss.iphdr     0x0000000020002290        0x4 ecm_src/lwip-1.4.1/src/core/tcp_in.o
 .bss.seqno     0x0000000020002294        0x4 ecm_src/lwip-1.4.1/src/core/tcp_in.o
 .bss.ackno     0x0000000020002298        0x4 ecm_src/lwip-1.4.1/src/core/tcp_in.o
 .bss.flags     0x000000002000229c        0x1 ecm_src/lwip-1.4.1/src/core/tcp_in.o
 *fill*         0x000000002000229d        0x1 
 .bss.tcplen    0x000000002000229e        0x2 ecm_src/lwip-1.4.1/src/core/tcp_in.o
 .bss.recv_flags
                0x00000000200022a0        0x1 ecm_src/lwip-1.4.1/src/core/tcp_in.o
 *fill*         0x00000000200022a1        0x3 
 .bss.recv_data
                0x00000000200022a4        0x4 ecm_src/lwip-1.4.1/src/core/tcp_in.o
 .bss.next_timeout
                0x00000000200022a8        0x4 ecm_src/lwip-1.4.1/src/core/timers.o
 .bss.timeouts_last_time
                0x00000000200022ac        0x4 ecm_src/lwip-1.4.1/src/core/timers.o
 .bss.tcpip_tcp_timer_active
                0x00000000200022b0        0x4 ecm_src/lwip-1.4.1/src/core/timers.o
 .bss.ip_id     0x00000000200022b4        0x2 ecm_src/lwip-1.4.1/src/core/ipv4/ip.o
 *fill*         0x00000000200022b6        0x2 
 .bss.reassdatagrams
                0x00000000200022b8        0x4 ecm_src/lwip-1.4.1/src/core/ipv4/ip_frag.o
 .bss.ip_reass_pbufcount
                0x00000000200022bc        0x2 ecm_src/lwip-1.4.1/src/core/ipv4/ip_frag.o
 *fill*         0x00000000200022be        0x2 
 .bss.arp_table
                0x00000000200022c0       0xc8 ecm_src/lwip-1.4.1/src/netif/etharp.o
 .bss.etharp_cached_entry
                0x0000000020002388        0x1 ecm_src/lwip-1.4.1/src/netif/etharp.o
 *fill*         0x0000000020002389        0x3 
 .bss.netif_data
                0x000000002000238c       0x30 ecm_src/src/ecm_main.o
 .bss.gateway   0x00000000200023bc        0x4 ecm_src/src/ecm_main.o
 .bss.received_frame
                0x00000000200023c0        0x4 ecm_src/src/ecm_main.o
 .bss.stmrs     0x00000000200023c4        0x4 ecm_src/src/time.o
 .bss.cfgidx.7723
                0x00000000200023c8        0x1 ecm_src/src/usbd_ctlreq.o
 *fill*         0x00000000200023c9        0x3 
 .bss.USBD_StrDesc
                0x00000000200023cc      0x100 ecm_src/src/usbd_desc.o
 .bss.registered_pdev
                0x00000000200024cc        0x4 ecm_src/src/usbd_ecm.o
 .bss.ecm_rx_buffer
                0x00000000200024d0      0x202 ecm_src/src/usbd_ecm.o
 *fill*         0x00000000200026d2        0x2 
 .bss.ecm_tx_buffer
                0x00000000200026d4      0x202 ecm_src/src/usbd_ecm.o
 *fill*         0x00000000200028d6        0x2 
 .bss.ecm_rx_index
                0x00000000200028d8        0x4 ecm_src/src/usbd_ecm.o
 .bss.can_xmit  0x00000000200028dc        0x1 ecm_src/src/usbd_ecm.o
 .bss.OutboundTransferNeedsRenewal
                0x00000000200028dd        0x1 ecm_src/src/usbd_ecm.o
 *fill*         0x00000000200028de        0x2 
 .bss.ecm_tx_ptr
                0x00000000200028e0        0x4 ecm_src/src/usbd_ecm.o
 .bss.ecm_tx_remaining
                0x00000000200028e4        0x4 ecm_src/src/usbd_ecm.o
 .bss.ecm_tx_busy
                0x00000000200028e8        0x4 ecm_src/src/usbd_ecm.o
 .bss.copy_length
                0x00000000200028ec        0x4 ecm_src/src/usbd_ecm.o
 *(COMMON)
 COMMON         0x00000000200028f0        0x4 Drivers/STM32F0xx_HAL_Driver/Src/stm32f0xx_hal.o
                0x00000000200028f0                uwTick
 COMMON         0x00000000200028f4      0x204 ecm_src/dhcp-server/dhserver.o
                0x00000000200028f4                dhcp_data
 COMMON         0x0000000020002af8      0x654 ecm_src/lwip-1.4.1/src/core/mem.o
                0x0000000020002af8                ram_heap
 COMMON         0x000000002000314c        0x8 ecm_src/lwip-1.4.1/src/core/netif.o
                0x000000002000314c                netif_list
                0x0000000020003150                netif_default
 COMMON         0x0000000020003154        0x1 ecm_src/lwip-1.4.1/src/core/pbuf.o
                0x0000000020003154                pbuf_free_ooseq_pending
 *fill*         0x0000000020003155        0x3 
 COMMON         0x0000000020003158      0x116 ecm_src/lwip-1.4.1/src/core/stats.o
                0x0000000020003158                lwip_stats
 *fill*         0x000000002000326e        0x2 
 COMMON         0x0000000020003270       0x1c ecm_src/lwip-1.4.1/src/core/tcp.o
                0x0000000020003270                tcp_active_pcbs_changed
                0x0000000020003274                tcp_active_pcbs
                0x0000000020003278                tcp_ticks
                0x000000002000327c                tcp_listen_pcbs
                0x0000000020003280                tcp_tmp_pcb
                0x0000000020003284                tcp_bound_pcbs
                0x0000000020003288                tcp_tw_pcbs
 COMMON         0x000000002000328c        0x4 ecm_src/lwip-1.4.1/src/core/tcp_in.o
                0x000000002000328c                tcp_input_pcb
 COMMON         0x0000000020003290        0x4 ecm_src/lwip-1.4.1/src/core/udp.o
                0x0000000020003290                udp_pcbs
 COMMON         0x0000000020003294       0x10 ecm_src/lwip-1.4.1/src/core/ipv4/ip.o
                0x0000000020003294                current_iphdr_src
                0x0000000020003298                current_netif
                0x000000002000329c                current_iphdr_dest
                0x00000000200032a0                current_header
 COMMON         0x00000000200032a4      0x220 ecm_src/src/usb_device.o
                0x00000000200032a4                hUsbDeviceFS
 COMMON         0x00000000200034c4      0x274 ecm_src/src/usbd_conf.o
                0x00000000200034c4                hpcd_USB_FS
                0x0000000020003738                . = ALIGN (0x4)
                0x0000000020003738                _ebss = .
                0x0000000020003738                __bss_end__ = _ebss

._user_heap_stack
                0x0000000020003738      0x600 load address 0x000000000800ff4c
                0x0000000020003738                . = ALIGN (0x8)
                0x0000000020003738                PROVIDE (end = .)
                [!provide]                        PROVIDE (_end = .)
                0x0000000020003938                . = (. + _Min_Heap_Size)
 *fill*         0x0000000020003738      0x200 
                0x0000000020003d38                . = (. + _Min_Stack_Size)
 *fill*         0x0000000020003938      0x400 
                0x0000000020003d38                . = ALIGN (0x8)

/DISCARD/
 libc.a(*)
 libm.a(*)
 libgcc.a(*)

.ARM.attributes
                0x0000000000000000       0x28
 *(.ARM.attributes)
 .ARM.attributes
                0x0000000000000000       0x1e c:/st/stm32cubeide_1.3.0/stm32cubeide/plugins/com.st.stm32cube.ide.mcu.externaltools.gnu-tools-for-stm32.7-2018-q2-update.win32_1.0.0.201904181610/tools/bin/../lib/gcc/arm-none-eabi/7.3.1/thumb/v6-m/crti.o
 .ARM.attributes
                0x000000000000001e       0x2c c:/st/stm32cubeide_1.3.0/stm32cubeide/plugins/com.st.stm32cube.ide.mcu.externaltools.gnu-tools-for-stm32.7-2018-q2-update.win32_1.0.0.201904181610/tools/bin/../lib/gcc/arm-none-eabi/7.3.1/thumb/v6-m/crtbegin.o
 .ARM.attributes
                0x000000000000004a       0x31 Core/Src/main.o
 .ARM.attributes
                0x000000000000007b       0x31 Core/Src/stm32f0xx_hal_msp.o
 .ARM.attributes
                0x00000000000000ac       0x31 Core/Src/stm32f0xx_it.o
 .ARM.attributes
                0x00000000000000dd       0x31 Core/Src/system_stm32f0xx.o
 .ARM.attributes
                0x000000000000010e       0x21 Core/Startup/startup_stm32f072c8tx.o
 .ARM.attributes
                0x000000000000012f       0x31 Drivers/STM32F0xx_HAL_Driver/Src/stm32f0xx_hal.o
 .ARM.attributes
                0x0000000000000160       0x31 Drivers/STM32F0xx_HAL_Driver/Src/stm32f0xx_hal_cortex.o
 .ARM.attributes
                0x0000000000000191       0x31 Drivers/STM32F0xx_HAL_Driver/Src/stm32f0xx_hal_gpio.o
 .ARM.attributes
                0x00000000000001c2       0x31 Drivers/STM32F0xx_HAL_Driver/Src/stm32f0xx_hal_pcd.o
 .ARM.attributes
                0x00000000000001f3       0x31 Drivers/STM32F0xx_HAL_Driver/Src/stm32f0xx_hal_pcd_ex.o
 .ARM.attributes
                0x0000000000000224       0x31 Drivers/STM32F0xx_HAL_Driver/Src/stm32f0xx_hal_rcc.o
 .ARM.attributes
                0x0000000000000255       0x31 Drivers/STM32F0xx_HAL_Driver/Src/stm32f0xx_hal_rcc_ex.o
 .ARM.attributes
                0x0000000000000286       0x31 Drivers/STM32F0xx_HAL_Driver/Src/stm32f0xx_ll_usb.o
 .ARM.attributes
                0x00000000000002b7       0x31 ecm_src/dhcp-server/dhserver.o
 .ARM.attributes
                0x00000000000002e8       0x31 ecm_src/dns-server/dnserver.o
 .ARM.attributes
                0x0000000000000319       0x31 ecm_src/lwip-1.4.1/src/core/def.o
 .ARM.attributes
                0x000000000000034a       0x31 ecm_src/lwip-1.4.1/src/core/init.o
 .ARM.attributes
                0x000000000000037b       0x31 ecm_src/lwip-1.4.1/src/core/mem.o
 .ARM.attributes
                0x00000000000003ac       0x31 ecm_src/lwip-1.4.1/src/core/memp.o
 .ARM.attributes
                0x00000000000003dd       0x31 ecm_src/lwip-1.4.1/src/core/netif.o
 .ARM.attributes
                0x000000000000040e       0x31 ecm_src/lwip-1.4.1/src/core/pbuf.o
 .ARM.attributes
                0x000000000000043f       0x31 ecm_src/lwip-1.4.1/src/core/raw.o
 .ARM.attributes
                0x0000000000000470       0x31 ecm_src/lwip-1.4.1/src/core/stats.o
 .ARM.attributes
                0x00000000000004a1       0x31 ecm_src/lwip-1.4.1/src/core/tcp.o
 .ARM.attributes
                0x00000000000004d2       0x31 ecm_src/lwip-1.4.1/src/core/tcp_in.o
 .ARM.attributes
                0x0000000000000503       0x31 ecm_src/lwip-1.4.1/src/core/tcp_out.o
 .ARM.attributes
                0x0000000000000534       0x31 ecm_src/lwip-1.4.1/src/core/timers.o
 .ARM.attributes
                0x0000000000000565       0x31 ecm_src/lwip-1.4.1/src/core/udp.o
 .ARM.attributes
                0x0000000000000596       0x31 ecm_src/lwip-1.4.1/src/core/ipv4/icmp.o
 .ARM.attributes
                0x00000000000005c7       0x31 ecm_src/lwip-1.4.1/src/core/ipv4/inet_chksum.o
 .ARM.attributes
                0x00000000000005f8       0x31 ecm_src/lwip-1.4.1/src/core/ipv4/ip.o
 .ARM.attributes
                0x0000000000000629       0x31 ecm_src/lwip-1.4.1/src/core/ipv4/ip_addr.o
 .ARM.attributes
                0x000000000000065a       0x31 ecm_src/lwip-1.4.1/src/core/ipv4/ip_frag.o
 .ARM.attributes
                0x000000000000068b       0x31 ecm_src/lwip-1.4.1/src/netif/etharp.o
 .ARM.attributes
                0x00000000000006bc       0x31 ecm_src/src/ecm_main.o
 .ARM.attributes
                0x00000000000006ed       0x31 ecm_src/src/time.o
 .ARM.attributes
                0x000000000000071e       0x31 ecm_src/src/usb_device.o
 .ARM.attributes
                0x000000000000074f       0x31 ecm_src/src/usbd_conf.o
 .ARM.attributes
                0x0000000000000780       0x31 ecm_src/src/usbd_core.o
 .ARM.attributes
                0x00000000000007b1       0x31 ecm_src/src/usbd_ctlreq.o
 .ARM.attributes
                0x00000000000007e2       0x31 ecm_src/src/usbd_desc.o
 .ARM.attributes
                0x0000000000000813       0x31 ecm_src/src/usbd_ecm.o
 .ARM.attributes
                0x0000000000000844       0x31 ecm_src/src/usbd_ioreq.o
 .ARM.attributes
                0x0000000000000875       0x2c c:/st/stm32cubeide_1.3.0/stm32cubeide/plugins/com.st.stm32cube.ide.mcu.externaltools.gnu-tools-for-stm32.7-2018-q2-update.win32_1.0.0.201904181610/tools/bin/../lib/gcc/arm-none-eabi/7.3.1/../../../../arm-none-eabi/lib/thumb/v6-m\libc_nano.a(lib_a-init.o)
 .ARM.attributes
                0x00000000000008a1       0x2c c:/st/stm32cubeide_1.3.0/stm32cubeide/plugins/com.st.stm32cube.ide.mcu.externaltools.gnu-tools-for-stm32.7-2018-q2-update.win32_1.0.0.201904181610/tools/bin/../lib/gcc/arm-none-eabi/7.3.1/../../../../arm-none-eabi/lib/thumb/v6-m\libc_nano.a(lib_a-memcmp.o)
 .ARM.attributes
                0x00000000000008cd       0x2c c:/st/stm32cubeide_1.3.0/stm32cubeide/plugins/com.st.stm32cube.ide.mcu.externaltools.gnu-tools-for-stm32.7-2018-q2-update.win32_1.0.0.201904181610/tools/bin/../lib/gcc/arm-none-eabi/7.3.1/../../../../arm-none-eabi/lib/thumb/v6-m\libc_nano.a(lib_a-memcpy-stub.o)
 .ARM.attributes
                0x00000000000008f9       0x2c c:/st/stm32cubeide_1.3.0/stm32cubeide/plugins/com.st.stm32cube.ide.mcu.externaltools.gnu-tools-for-stm32.7-2018-q2-update.win32_1.0.0.201904181610/tools/bin/../lib/gcc/arm-none-eabi/7.3.1/../../../../arm-none-eabi/lib/thumb/v6-m\libc_nano.a(lib_a-memset.o)
 .ARM.attributes
                0x0000000000000925       0x1c c:/st/stm32cubeide_1.3.0/stm32cubeide/plugins/com.st.stm32cube.ide.mcu.externaltools.gnu-tools-for-stm32.7-2018-q2-update.win32_1.0.0.201904181610/tools/bin/../lib/gcc/arm-none-eabi/7.3.1/../../../../arm-none-eabi/lib/thumb/v6-m\libc_nano.a(lib_a-strcmp.o)
 .ARM.attributes
                0x0000000000000941       0x1c c:/st/stm32cubeide_1.3.0/stm32cubeide/plugins/com.st.stm32cube.ide.mcu.externaltools.gnu-tools-for-stm32.7-2018-q2-update.win32_1.0.0.201904181610/tools/bin/../lib/gcc/arm-none-eabi/7.3.1/../../../../arm-none-eabi/lib/thumb/v6-m\libc_nano.a(lib_a-strlen.o)
 .ARM.attributes
                0x000000000000095d       0x1e c:/st/stm32cubeide_1.3.0/stm32cubeide/plugins/com.st.stm32cube.ide.mcu.externaltools.gnu-tools-for-stm32.7-2018-q2-update.win32_1.0.0.201904181610/tools/bin/../lib/gcc/arm-none-eabi/7.3.1/thumb/v6-m\libgcc.a(_udivsi3.o)
 .ARM.attributes
                0x000000000000097b       0x1e c:/st/stm32cubeide_1.3.0/stm32cubeide/plugins/com.st.stm32cube.ide.mcu.externaltools.gnu-tools-for-stm32.7-2018-q2-update.win32_1.0.0.201904181610/tools/bin/../lib/gcc/arm-none-eabi/7.3.1/thumb/v6-m\libgcc.a(_divsi3.o)
 .ARM.attributes
                0x0000000000000999       0x1e c:/st/stm32cubeide_1.3.0/stm32cubeide/plugins/com.st.stm32cube.ide.mcu.externaltools.gnu-tools-for-stm32.7-2018-q2-update.win32_1.0.0.201904181610/tools/bin/../lib/gcc/arm-none-eabi/7.3.1/thumb/v6-m\libgcc.a(_dvmd_tls.o)
 .ARM.attributes
                0x00000000000009b7       0x1e c:/st/stm32cubeide_1.3.0/stm32cubeide/plugins/com.st.stm32cube.ide.mcu.externaltools.gnu-tools-for-stm32.7-2018-q2-update.win32_1.0.0.201904181610/tools/bin/../lib/gcc/arm-none-eabi/7.3.1/thumb/v6-m/crtn.o
OUTPUT(stm32f072_ecm.elf elf32-littlearm)

.debug_info     0x0000000000000000    0x29068
 .debug_info    0x0000000000000000     0x1a5b Core/Src/main.o
 .debug_info    0x0000000000001a5b      0x25e Core/Src/stm32f0xx_hal_msp.o
 .debug_info    0x0000000000001cb9      0x667 Core/Src/stm32f0xx_it.o
 .debug_info    0x0000000000002320      0x29e Core/Src/system_stm32f0xx.o
 .debug_info    0x00000000000025be       0x22 Core/Startup/startup_stm32f072c8tx.o
 .debug_info    0x00000000000025e0      0x6c0 Drivers/STM32F0xx_HAL_Driver/Src/stm32f0xx_hal.o
 .debug_info    0x0000000000002ca0      0x78c Drivers/STM32F0xx_HAL_Driver/Src/stm32f0xx_hal_cortex.o
 .debug_info    0x000000000000342c      0x67a Drivers/STM32F0xx_HAL_Driver/Src/stm32f0xx_hal_gpio.o
 .debug_info    0x0000000000003aa6      0xe67 Drivers/STM32F0xx_HAL_Driver/Src/stm32f0xx_hal_pcd.o
 .debug_info    0x000000000000490d      0x880 Drivers/STM32F0xx_HAL_Driver/Src/stm32f0xx_hal_pcd_ex.o
 .debug_info    0x000000000000518d      0x82d Drivers/STM32F0xx_HAL_Driver/Src/stm32f0xx_hal_rcc.o
 .debug_info    0x00000000000059ba      0x677 Drivers/STM32F0xx_HAL_Driver/Src/stm32f0xx_hal_rcc_ex.o
 .debug_info    0x0000000000006031     0x1508 Drivers/STM32F0xx_HAL_Driver/Src/stm32f0xx_ll_usb.o
 .debug_info    0x0000000000007539     0x1397 ecm_src/dhcp-server/dhserver.o
 .debug_info    0x00000000000088d0     0x1119 ecm_src/dns-server/dnserver.o
 .debug_info    0x00000000000099e9       0xfe ecm_src/lwip-1.4.1/src/core/def.o
 .debug_info    0x0000000000009ae7      0xc11 ecm_src/lwip-1.4.1/src/core/init.o
 .debug_info    0x000000000000a6f8      0xd14 ecm_src/lwip-1.4.1/src/core/mem.o
 .debug_info    0x000000000000b40c     0x15e1 ecm_src/lwip-1.4.1/src/core/memp.o
 .debug_info    0x000000000000c9ed      0xebb ecm_src/lwip-1.4.1/src/core/netif.o
 .debug_info    0x000000000000d8a8     0x1b6d ecm_src/lwip-1.4.1/src/core/pbuf.o
 .debug_info    0x000000000000f415     0x10f3 ecm_src/lwip-1.4.1/src/core/raw.o
 .debug_info    0x0000000000010508      0xa86 ecm_src/lwip-1.4.1/src/core/stats.o
 .debug_info    0x0000000000010f8e     0x1e9c ecm_src/lwip-1.4.1/src/core/tcp.o
 .debug_info    0x0000000000012e2a      0xf0b ecm_src/lwip-1.4.1/src/core/tcp_in.o
 .debug_info    0x0000000000013d35     0x1b8e ecm_src/lwip-1.4.1/src/core/tcp_out.o
 .debug_info    0x00000000000158c3      0xc58 ecm_src/lwip-1.4.1/src/core/timers.o
 .debug_info    0x000000000001651b     0x1355 ecm_src/lwip-1.4.1/src/core/udp.o
 .debug_info    0x0000000000017870      0xfe5 ecm_src/lwip-1.4.1/src/core/ipv4/icmp.o
 .debug_info    0x0000000000018855      0xbdb ecm_src/lwip-1.4.1/src/core/ipv4/inet_chksum.o
 .debug_info    0x0000000000019430     0x1738 ecm_src/lwip-1.4.1/src/core/ipv4/ip.o
 .debug_info    0x000000000001ab68      0x565 ecm_src/lwip-1.4.1/src/core/ipv4/ip_addr.o
 .debug_info    0x000000000001b0cd     0x1404 ecm_src/lwip-1.4.1/src/core/ipv4/ip_frag.o
 .debug_info    0x000000000001c4d1     0x1688 ecm_src/lwip-1.4.1/src/netif/etharp.o
 .debug_info    0x000000000001db59     0x1b7d ecm_src/src/ecm_main.o
 .debug_info    0x000000000001f6d6      0x382 ecm_src/src/time.o
 .debug_info    0x000000000001fa58     0x1797 ecm_src/src/usb_device.o
 .debug_info    0x00000000000211ef     0x1e14 ecm_src/src/usbd_conf.o
 .debug_info    0x0000000000023003     0x1138 ecm_src/src/usbd_core.o
 .debug_info    0x000000000002413b     0x10c4 ecm_src/src/usbd_ctlreq.o
 .debug_info    0x00000000000251ff     0x1640 ecm_src/src/usbd_desc.o
 .debug_info    0x000000000002683f     0x1965 ecm_src/src/usbd_ecm.o
 .debug_info    0x00000000000281a4      0xec4 ecm_src/src/usbd_ioreq.o

.debug_abbrev   0x0000000000000000     0x5bb1
 .debug_abbrev  0x0000000000000000      0x235 Core/Src/main.o
 .debug_abbrev  0x0000000000000235      0x109 Core/Src/stm32f0xx_hal_msp.o
 .debug_abbrev  0x000000000000033e      0x155 Core/Src/stm32f0xx_it.o
 .debug_abbrev  0x0000000000000493      0x12b Core/Src/system_stm32f0xx.o
 .debug_abbrev  0x00000000000005be       0x12 Core/Startup/startup_stm32f072c8tx.o
 .debug_abbrev  0x00000000000005d0      0x1c7 Drivers/STM32F0xx_HAL_Driver/Src/stm32f0xx_hal.o
 .debug_abbrev  0x0000000000000797      0x273 Drivers/STM32F0xx_HAL_Driver/Src/stm32f0xx_hal_cortex.o
 .debug_abbrev  0x0000000000000a0a      0x1c0 Drivers/STM32F0xx_HAL_Driver/Src/stm32f0xx_hal_gpio.o
 .debug_abbrev  0x0000000000000bca      0x27d Drivers/STM32F0xx_HAL_Driver/Src/stm32f0xx_hal_pcd.o
 .debug_abbrev  0x0000000000000e47      0x1eb Drivers/STM32F0xx_HAL_Driver/Src/stm32f0xx_hal_pcd_ex.o
 .debug_abbrev  0x0000000000001032      0x20f Drivers/STM32F0xx_HAL_Driver/Src/stm32f0xx_hal_rcc.o
 .debug_abbrev  0x0000000000001241      0x1a7 Drivers/STM32F0xx_HAL_Driver/Src/stm32f0xx_hal_rcc_ex.o
 .debug_abbrev  0x00000000000013e8      0x239 Drivers/STM32F0xx_HAL_Driver/Src/stm32f0xx_ll_usb.o
 .debug_abbrev  0x0000000000001621      0x2d0 ecm_src/dhcp-server/dhserver.o
 .debug_abbrev  0x00000000000018f1      0x26e ecm_src/dns-server/dnserver.o
 .debug_abbrev  0x0000000000001b5f       0x90 ecm_src/lwip-1.4.1/src/core/def.o
 .debug_abbrev  0x0000000000001bef      0x155 ecm_src/lwip-1.4.1/src/core/init.o
 .debug_abbrev  0x0000000000001d44      0x284 ecm_src/lwip-1.4.1/src/core/mem.o
 .debug_abbrev  0x0000000000001fc8      0x24e ecm_src/lwip-1.4.1/src/core/memp.o
 .debug_abbrev  0x0000000000002216      0x272 ecm_src/lwip-1.4.1/src/core/netif.o
 .debug_abbrev  0x0000000000002488      0x2e6 ecm_src/lwip-1.4.1/src/core/pbuf.o
 .debug_abbrev  0x000000000000276e      0x27d ecm_src/lwip-1.4.1/src/core/raw.o
 .debug_abbrev  0x00000000000029eb      0x19b ecm_src/lwip-1.4.1/src/core/stats.o
 .debug_abbrev  0x0000000000002b86      0x365 ecm_src/lwip-1.4.1/src/core/tcp.o
 .debug_abbrev  0x0000000000002eeb      0x23a ecm_src/lwip-1.4.1/src/core/tcp_in.o
 .debug_abbrev  0x0000000000003125      0x305 ecm_src/lwip-1.4.1/src/core/tcp_out.o
 .debug_abbrev  0x000000000000342a      0x225 ecm_src/lwip-1.4.1/src/core/timers.o
 .debug_abbrev  0x000000000000364f      0x2c5 ecm_src/lwip-1.4.1/src/core/udp.o
 .debug_abbrev  0x0000000000003914      0x26d ecm_src/lwip-1.4.1/src/core/ipv4/icmp.o
 .debug_abbrev  0x0000000000003b81      0x202 ecm_src/lwip-1.4.1/src/core/ipv4/inet_chksum.o
 .debug_abbrev  0x0000000000003d83      0x24e ecm_src/lwip-1.4.1/src/core/ipv4/ip.o
 .debug_abbrev  0x0000000000003fd1      0x193 ecm_src/lwip-1.4.1/src/core/ipv4/ip_addr.o
 .debug_abbrev  0x0000000000004164      0x2b6 ecm_src/lwip-1.4.1/src/core/ipv4/ip_frag.o
 .debug_abbrev  0x000000000000441a      0x2b4 ecm_src/lwip-1.4.1/src/netif/etharp.o
 .debug_abbrev  0x00000000000046ce      0x2c1 ecm_src/src/ecm_main.o
 .debug_abbrev  0x000000000000498f      0x188 ecm_src/src/time.o
 .debug_abbrev  0x0000000000004b17      0x1d5 ecm_src/src/usb_device.o
 .debug_abbrev  0x0000000000004cec      0x2bb ecm_src/src/usbd_conf.o
 .debug_abbrev  0x0000000000004fa7      0x261 ecm_src/src/usbd_core.o
 .debug_abbrev  0x0000000000005208      0x291 ecm_src/src/usbd_ctlreq.o
 .debug_abbrev  0x0000000000005499      0x23c ecm_src/src/usbd_desc.o
 .debug_abbrev  0x00000000000056d5      0x30b ecm_src/src/usbd_ecm.o
 .debug_abbrev  0x00000000000059e0      0x1d1 ecm_src/src/usbd_ioreq.o

.debug_aranges  0x0000000000000000     0x12c8
 .debug_aranges
                0x0000000000000000       0x38 Core/Src/main.o
 .debug_aranges
                0x0000000000000038       0x20 Core/Src/stm32f0xx_hal_msp.o
 .debug_aranges
                0x0000000000000058       0x48 Core/Src/stm32f0xx_it.o
 .debug_aranges
                0x00000000000000a0       0x28 Core/Src/system_stm32f0xx.o
 .debug_aranges
                0x00000000000000c8       0x28 Core/Startup/startup_stm32f072c8tx.o
 .debug_aranges
                0x00000000000000f0       0xd0 Drivers/STM32F0xx_HAL_Driver/Src/stm32f0xx_hal.o
 .debug_aranges
                0x00000000000001c0       0xc0 Drivers/STM32F0xx_HAL_Driver/Src/stm32f0xx_hal_cortex.o
 .debug_aranges
                0x0000000000000280       0x58 Drivers/STM32F0xx_HAL_Driver/Src/stm32f0xx_hal_gpio.o
 .debug_aranges
                0x00000000000002d8      0x120 Drivers/STM32F0xx_HAL_Driver/Src/stm32f0xx_hal_pcd.o
 .debug_aranges
                0x00000000000003f8       0x58 Drivers/STM32F0xx_HAL_Driver/Src/stm32f0xx_hal_pcd_ex.o
 .debug_aranges
                0x0000000000000450       0x80 Drivers/STM32F0xx_HAL_Driver/Src/stm32f0xx_hal_rcc.o
 .debug_aranges