Archive member included to satisfy reference by file (symbol)

c:/st/stm32cubeide_1.3.0/stm32cubeide/plugins/com.st.stm32cube.ide.mcu.externaltools.gnu-tools-for-stm32.7-2018-q2-update.win32_1.0.0.201904181610/tools/bin/../lib/gcc/arm-none-eabi/7.3.1/../../../../arm-none-eabi/lib/thumb/v6-m\libc_nano.a(lib_a-errno.o)
                              Core/Src/syscalls.o (__errno)
c:/st/stm32cubeide_1.3.0/stm32cubeide/plugins/com.st.stm32cube.ide.mcu.externaltools.gnu-tools-for-stm32.7-2018-q2-update.win32_1.0.0.201904181610/tools/bin/../lib/gcc/arm-none-eabi/7.3.1/../../../../arm-none-eabi/lib/thumb/v6-m\libc_nano.a(lib_a-exit.o)
                              c:/st/stm32cubeide_1.3.0/stm32cubeide/plugins/com.st.stm32cube.ide.mcu.externaltools.gnu-tools-for-stm32.7-2018-q2-update.win32_1.0.0.201904181610/tools/bin/../lib/gcc/arm-none-eabi/7.3.1/../../../../arm-none-eabi/lib/thumb/v6-m/crt0.o (exit)
c:/st/stm32cubeide_1.3.0/stm32cubeide/plugins/com.st.stm32cube.ide.mcu.externaltools.gnu-tools-for-stm32.7-2018-q2-update.win32_1.0.0.201904181610/tools/bin/../lib/gcc/arm-none-eabi/7.3.1/../../../../arm-none-eabi/lib/thumb/v6-m\libc_nano.a(lib_a-impure.o)
                              c:/st/stm32cubeide_1.3.0/stm32cubeide/plugins/com.st.stm32cube.ide.mcu.externaltools.gnu-tools-for-stm32.7-2018-q2-update.win32_1.0.0.201904181610/tools/bin/../lib/gcc/arm-none-eabi/7.3.1/../../../../arm-none-eabi/lib/thumb/v6-m\libc_nano.a(lib_a-exit.o) (_global_impure_ptr)
c:/st/stm32cubeide_1.3.0/stm32cubeide/plugins/com.st.stm32cube.ide.mcu.externaltools.gnu-tools-for-stm32.7-2018-q2-update.win32_1.0.0.201904181610/tools/bin/../lib/gcc/arm-none-eabi/7.3.1/../../../../arm-none-eabi/lib/thumb/v6-m\libc_nano.a(lib_a-init.o)
                              c:/st/stm32cubeide_1.3.0/stm32cubeide/plugins/com.st.stm32cube.ide.mcu.externaltools.gnu-tools-for-stm32.7-2018-q2-update.win32_1.0.0.201904181610/tools/bin/../lib/gcc/arm-none-eabi/7.3.1/../../../../arm-none-eabi/lib/thumb/v6-m/crt0.o (__libc_init_array)
c:/st/stm32cubeide_1.3.0/stm32cubeide/plugins/com.st.stm32cube.ide.mcu.externaltools.gnu-tools-for-stm32.7-2018-q2-update.win32_1.0.0.201904181610/tools/bin/../lib/gcc/arm-none-eabi/7.3.1/../../../../arm-none-eabi/lib/thumb/v6-m\libc_nano.a(lib_a-memcmp.o)
                              ecm_src/dhcp-server/dhserver.o (memcmp)
c:/st/stm32cubeide_1.3.0/stm32cubeide/plugins/com.st.stm32cube.ide.mcu.externaltools.gnu-tools-for-stm32.7-2018-q2-update.win32_1.0.0.201904181610/tools/bin/../lib/gcc/arm-none-eabi/7.3.1/../../../../arm-none-eabi/lib/thumb/v6-m\libc_nano.a(lib_a-memcpy-stub.o)
                              ecm_src/dhcp-server/dhserver.o (memcpy)
c:/st/stm32cubeide_1.3.0/stm32cubeide/plugins/com.st.stm32cube.ide.mcu.externaltools.gnu-tools-for-stm32.7-2018-q2-update.win32_1.0.0.201904181610/tools/bin/../lib/gcc/arm-none-eabi/7.3.1/../../../../arm-none-eabi/lib/thumb/v6-m\libc_nano.a(lib_a-memset.o)
                              c:/st/stm32cubeide_1.3.0/stm32cubeide/plugins/com.st.stm32cube.ide.mcu.externaltools.gnu-tools-for-stm32.7-2018-q2-update.win32_1.0.0.201904181610/tools/bin/../lib/gcc/arm-none-eabi/7.3.1/../../../../arm-none-eabi/lib/thumb/v6-m/crt0.o (memset)
c:/st/stm32cubeide_1.3.0/stm32cubeide/plugins/com.st.stm32cube.ide.mcu.externaltools.gnu-tools-for-stm32.7-2018-q2-update.win32_1.0.0.201904181610/tools/bin/../lib/gcc/arm-none-eabi/7.3.1/../../../../arm-none-eabi/lib/thumb/v6-m\libc_nano.a(lib_a-snprintf.o)
                              ecm_src/src/ecm_main.o (snprintf)
c:/st/stm32cubeide_1.3.0/stm32cubeide/plugins/com.st.stm32cube.ide.mcu.externaltools.gnu-tools-for-stm32.7-2018-q2-update.win32_1.0.0.201904181610/tools/bin/../lib/gcc/arm-none-eabi/7.3.1/../../../../arm-none-eabi/lib/thumb/v6-m\libc_nano.a(lib_a-strchr.o)
                              ecm_src/lwip-1.4.1/apps/httpserver_raw/httpd.o (strchr)
c:/st/stm32cubeide_1.3.0/stm32cubeide/plugins/com.st.stm32cube.ide.mcu.externaltools.gnu-tools-for-stm32.7-2018-q2-update.win32_1.0.0.201904181610/tools/bin/../lib/gcc/arm-none-eabi/7.3.1/../../../../arm-none-eabi/lib/thumb/v6-m\libc_nano.a(lib_a-strcmp.o)
                              ecm_src/lwip-1.4.1/apps/httpserver_raw/fs.o (strcmp)
c:/st/stm32cubeide_1.3.0/stm32cubeide/plugins/com.st.stm32cube.ide.mcu.externaltools.gnu-tools-for-stm32.7-2018-q2-update.win32_1.0.0.201904181610/tools/bin/../lib/gcc/arm-none-eabi/7.3.1/../../../../arm-none-eabi/lib/thumb/v6-m\libc_nano.a(lib_a-strlen.o)
                              ecm_src/dhcp-server/dhserver.o (strlen)
c:/st/stm32cubeide_1.3.0/stm32cubeide/plugins/com.st.stm32cube.ide.mcu.externaltools.gnu-tools-for-stm32.7-2018-q2-update.win32_1.0.0.201904181610/tools/bin/../lib/gcc/arm-none-eabi/7.3.1/../../../../arm-none-eabi/lib/thumb/v6-m\libc_nano.a(lib_a-strncmp.o)
                              ecm_src/lwip-1.4.1/apps/httpserver_raw/httpd.o (strncmp)
[...]
Memory Configuration

Name             Origin             Length             Attributes
RAM              0x0000000020000000 0x0000000000004000 xrw
FLASH            0x0000000008000000 0x0000000000020000 xr
*default*        0x0000000000000000 0xffffffffffffffff

Linker script and memory map

LOAD c:/st/stm32cubeide_1.3.0/stm32cubeide/plugins/com.st.stm32cube.ide.mcu.externaltools.gnu-tools-for-stm32.7-2018-q2-update.win32_1.0.0.201904181610/tools/bin/../lib/gcc/arm-none-eabi/7.3.1/thumb/v6-m/crti.o
LOAD c:/st/stm32cubeide_1.3.0/stm32cubeide/plugins/com.st.stm32cube.ide.mcu.externaltools.gnu-tools-for-stm32.7-2018-q2-update.win32_1.0.0.201904181610/tools/bin/../lib/gcc/arm-none-eabi/7.3.1/thumb/v6-m/crtbegin.o
LOAD c:/st/stm32cubeide_1.3.0/stm32cubeide/plugins/com.st.stm32cube.ide.mcu.externaltools.gnu-tools-for-stm32.7-2018-q2-update.win32_1.0.0.201904181610/tools/bin/../lib/gcc/arm-none-eabi/7.3.1/../../../../arm-none-eabi/lib/thumb/v6-m/crt0.o
LOAD Core/Src/main.o
LOAD Core/Src/stm32f0xx_hal_msp.o
LOAD Core/Src/stm32f0xx_it.o
LOAD Core/Src/syscalls.o
LOAD Core/Src/sysmem.o
LOAD Core/Src/system_stm32f0xx.o
LOAD Core/Startup/startup_stm32f072c8tx.o
LOAD Drivers/STM32F0xx_HAL_Driver/Src/stm32f0xx_hal.o
LOAD Drivers/STM32F0xx_HAL_Driver/Src/stm32f0xx_hal_cortex.o
LOAD Drivers/STM32F0xx_HAL_Driver/Src/stm32f0xx_hal_dma.o
LOAD Drivers/STM32F0xx_HAL_Driver/Src/stm32f0xx_hal_exti.o
LOAD Drivers/STM32F0xx_HAL_Driver/Src/stm32f0xx_hal_flash.o
LOAD Drivers/STM32F0xx_HAL_Driver/Src/stm32f0xx_hal_flash_ex.o
LOAD Drivers/STM32F0xx_HAL_Driver/Src/stm32f0xx_hal_gpio.o
LOAD Drivers/STM32F0xx_HAL_Driver/Src/stm32f0xx_hal_i2c.o
LOAD Drivers/STM32F0xx_HAL_Driver/Src/stm32f0xx_hal_i2c_ex.o
LOAD Drivers/STM32F0xx_HAL_Driver/Src/stm32f0xx_hal_pcd.o
LOAD Drivers/STM32F0xx_HAL_Driver/Src/stm32f0xx_hal_pcd_ex.o
LOAD Drivers/STM32F0xx_HAL_Driver/Src/stm32f0xx_hal_pwr.o
LOAD Drivers/STM32F0xx_HAL_Driver/Src/stm32f0xx_hal_pwr_ex.o
LOAD Drivers/STM32F0xx_HAL_Driver/Src/stm32f0xx_hal_rcc.o
LOAD Drivers/STM32F0xx_HAL_Driver/Src/stm32f0xx_hal_rcc_ex.o
LOAD Drivers/STM32F0xx_HAL_Driver/Src/stm32f0xx_hal_tim.o
LOAD Drivers/STM32F0xx_HAL_Driver/Src/stm32f0xx_hal_tim_ex.o
LOAD Drivers/STM32F0xx_HAL_Driver/Src/stm32f0xx_ll_usb.o
LOAD ecm_src/dhcp-server/dhserver.o
LOAD ecm_src/dns-server/dnserver.o
LOAD ecm_src/lwip-1.4.1/apps/httpserver_raw/fs.o
LOAD ecm_src/lwip-1.4.1/apps/httpserver_raw/httpd.o
LOAD ecm_src/lwip-1.4.1/src/core/def.o
LOAD ecm_src/lwip-1.4.1/src/core/dhcp.o
LOAD ecm_src/lwip-1.4.1/src/core/dns.o
LOAD ecm_src/lwip-1.4.1/src/core/init.o
LOAD ecm_src/lwip-1.4.1/src/core/mem.o
LOAD ecm_src/lwip-1.4.1/src/core/memp.o
LOAD ecm_src/lwip-1.4.1/src/core/netif.o
LOAD ecm_src/lwip-1.4.1/src/core/pbuf.o
LOAD ecm_src/lwip-1.4.1/src/core/raw.o
LOAD ecm_src/lwip-1.4.1/src/core/stats.o
LOAD ecm_src/lwip-1.4.1/src/core/sys.o
LOAD ecm_src/lwip-1.4.1/src/core/tcp.o
LOAD ecm_src/lwip-1.4.1/src/core/tcp_in.o
LOAD ecm_src/lwip-1.4.1/src/core/tcp_out.o
LOAD ecm_src/lwip-1.4.1/src/core/timers.o
LOAD ecm_src/lwip-1.4.1/src/core/udp.o
LOAD ecm_src/lwip-1.4.1/src/core/ipv4/autoip.o
LOAD ecm_src/lwip-1.4.1/src/core/ipv4/icmp.o
LOAD ecm_src/lwip-1.4.1/src/core/ipv4/igmp.o
LOAD ecm_src/lwip-1.4.1/src/core/ipv4/inet.o
LOAD ecm_src/lwip-1.4.1/src/core/ipv4/inet_chksum.o
LOAD ecm_src/lwip-1.4.1/src/core/ipv4/ip.o
LOAD ecm_src/lwip-1.4.1/src/core/ipv4/ip_addr.o
LOAD ecm_src/lwip-1.4.1/src/core/ipv4/ip_frag.o
LOAD ecm_src/lwip-1.4.1/src/netif/etharp.o
LOAD ecm_src/lwip-1.4.1/src/netif/ethernetif.o
LOAD ecm_src/src/ecm_main.o
LOAD ecm_src/src/time.o
LOAD ecm_src/src/usb_device.o
LOAD ecm_src/src/usbd_conf.o
LOAD ecm_src/src/usbd_core.o
LOAD ecm_src/src/usbd_ctlreq.o
LOAD ecm_src/src/usbd_desc.o
LOAD ecm_src/src/usbd_ecm.o
LOAD ecm_src/src/usbd_ioreq.o
START GROUP
LOAD c:/st/stm32cubeide_1.3.0/stm32cubeide/plugins/com.st.stm32cube.ide.mcu.externaltools.gnu-tools-for-stm32.7-2018-q2-update.win32_1.0.0.201904181610/tools/bin/../lib/gcc/arm-none-eabi/7.3.1/../../../../arm-none-eabi/lib/thumb/v6-m\libc_nano.a
LOAD c:/st/stm32cubeide_1.3.0/stm32cubeide/plugins/com.st.stm32cube.ide.mcu.externaltools.gnu-tools-for-stm32.7-2018-q2-update.win32_1.0.0.201904181610/tools/bin/../lib/gcc/arm-none-eabi/7.3.1/../../../../arm-none-eabi/lib/thumb/v6-m\libm.a
END GROUP
START GROUP
LOAD c:/st/stm32cubeide_1.3.0/stm32cubeide/plugins/com.st.stm32cube.ide.mcu.externaltools.gnu-tools-for-stm32.7-2018-q2-update.win32_1.0.0.201904181610/tools/bin/../lib/gcc/arm-none-eabi/7.3.1/thumb/v6-m\libgcc.a
LOAD c:/st/stm32cubeide_1.3.0/stm32cubeide/plugins/com.st.stm32cube.ide.mcu.externaltools.gnu-tools-for-stm32.7-2018-q2-update.win32_1.0.0.201904181610/tools/bin/../lib/gcc/arm-none-eabi/7.3.1/../../../../arm-none-eabi/lib/thumb/v6-m\libc_nano.a
END GROUP
START GROUP
LOAD c:/st/stm32cubeide_1.3.0/stm32cubeide/plugins/com.st.stm32cube.ide.mcu.externaltools.gnu-tools-for-stm32.7-2018-q2-update.win32_1.0.0.201904181610/tools/bin/../lib/gcc/arm-none-eabi/7.3.1/thumb/v6-m\libgcc.a
LOAD c:/st/stm32cubeide_1.3.0/stm32cubeide/plugins/com.st.stm32cube.ide.mcu.externaltools.gnu-tools-for-stm32.7-2018-q2-update.win32_1.0.0.201904181610/tools/bin/../lib/gcc/arm-none-eabi/7.3.1/../../../../arm-none-eabi/lib/thumb/v6-m\libc_nano.a
LOAD c:/st/stm32cubeide_1.3.0/stm32cubeide/plugins/com.st.stm32cube.ide.mcu.externaltools.gnu-tools-for-stm32.7-2018-q2-update.win32_1.0.0.201904181610/tools/bin/../lib/gcc/arm-none-eabi/7.3.1/../../../../arm-none-eabi/lib/thumb/v6-m\libnosys.a
END GROUP
START GROUP
LOAD c:/st/stm32cubeide_1.3.0/stm32cubeide/plugins/com.st.stm32cube.ide.mcu.externaltools.gnu-tools-for-stm32.7-2018-q2-update.win32_1.0.0.201904181610/tools/bin/../lib/gcc/arm-none-eabi/7.3.1/thumb/v6-m\libgcc.a
LOAD c:/st/stm32cubeide_1.3.0/stm32cubeide/plugins/com.st.stm32cube.ide.mcu.externaltools.gnu-tools-for-stm32.7-2018-q2-update.win32_1.0.0.201904181610/tools/bin/../lib/gcc/arm-none-eabi/7.3.1/../../../../arm-none-eabi/lib/thumb/v6-m\libc_nano.a
LOAD c:/st/stm32cubeide_1.3.0/stm32cubeide/plugins/com.st.stm32cube.ide.mcu.externaltools.gnu-tools-for-stm32.7-2018-q2-update.win32_1.0.0.201904181610/tools/bin/../lib/gcc/arm-none-eabi/7.3.1/../../../../arm-none-eabi/lib/thumb/v6-m\libnosys.a
END GROUP
LOAD c:/st/stm32cubeide_1.3.0/stm32cubeide/plugins/com.st.stm32cube.ide.mcu.externaltools.gnu-tools-for-stm32.7-2018-q2-update.win32_1.0.0.201904181610/tools/bin/../lib/gcc/arm-none-eabi/7.3.1/thumb/v6-m/crtend.o
LOAD c:/st/stm32cubeide_1.3.0/stm32cubeide/plugins/com.st.stm32cube.ide.mcu.externaltools.gnu-tools-for-stm32.7-2018-q2-update.win32_1.0.0.201904181610/tools/bin/../lib/gcc/arm-none-eabi/7.3.1/thumb/v6-m/crtn.o
                0x0000000020004000                _estack = (ORIGIN (RAM) + LENGTH (RAM))
                0x0000000000000200                _Min_Heap_Size = 0x200
                0x0000000000000400                _Min_Stack_Size = 0x400

.isr_vector     0x0000000008000000       0xc0
                0x0000000008000000                . = ALIGN (0x4)
 *(.isr_vector)
 .isr_vector    0x0000000008000000       0xc0 Core/Startup/startup_stm32f072c8tx.o
                0x0000000008000000                g_pfnVectors
                0x00000000080000c0                . = ALIGN (0x4)

.text           0x00000000080000c0    0x12860
                0x00000000080000c0                . = ALIGN (0x4)
 *(.text)
 .text          0x00000000080000c0       0x48 c:/st/stm32cubeide_1.3.0/stm32cubeide/plugins/com.st.stm32cube.ide.mcu.externaltools.gnu-tools-for-stm32.7-2018-q2-update.win32_1.0.0.201904181610/tools/bin/../lib/gcc/arm-none-eabi/7.3.1/thumb/v6-m/crtbegin.o
 .text          0x0000000008000108       0x14 c:/st/stm32cubeide_1.3.0/stm32cubeide/plugins/com.st.stm32cube.ide.mcu.externaltools.gnu-tools-for-stm32.7-2018-q2-update.win32_1.0.0.201904181610/tools/bin/../lib/gcc/arm-none-eabi/7.3.1/../../../../arm-none-eabi/lib/thumb/v6-m\libc_nano.a(lib_a-strcmp.o)
                0x0000000008000108                strcmp
 .text          0x000000000800011c        0xe c:/st/stm32cubeide_1.3.0/stm32cubeide/plugins/com.st.stm32cube.ide.mcu.externaltools.gnu-tools-for-stm32.7-2018-q2-update.win32_1.0.0.201904181610/tools/bin/../lib/gcc/arm-none-eabi/7.3.1/../../../../arm-none-eabi/lib/thumb/v6-m\libc_nano.a(lib_a-strlen.o)
                0x000000000800011c                strlen
 *fill*         0x000000000800012a        0x2 
 .text          0x000000000800012c      0x114 c:/st/stm32cubeide_1.3.0/stm32cubeide/plugins/com.st.stm32cube.ide.mcu.externaltools.gnu-tools-for-stm32.7-2018-q2-update.win32_1.0.0.201904181610/tools/bin/../lib/gcc/arm-none-eabi/7.3.1/thumb/v6-m\libgcc.a(_udivsi3.o)
                0x000000000800012c                __aeabi_uidiv
                0x000000000800012c                __udivsi3
                0x0000000008000238                __aeabi_uidivmod
 .text          0x0000000008000240      0x1d4 c:/st/stm32cubeide_1.3.0/stm32cubeide/plugins/com.st.stm32cube.ide.mcu.externaltools.gnu-tools-for-stm32.7-2018-q2-update.win32_1.0.0.201904181610/tools/bin/../lib/gcc/arm-none-eabi/7.3.1/thumb/v6-m\libgcc.a(_divsi3.o)
                0x0000000008000240                __divsi3
                0x0000000008000240                __aeabi_idiv
                0x000000000800040c                __aeabi_idivmod
 .text          0x0000000008000414        0x4 c:/st/stm32cubeide_1.3.0/stm32cubeide/plugins/com.st.stm32cube.ide.mcu.externaltools.gnu-tools-for-stm32.7-2018-q2-update.win32_1.0.0.201904181610/tools/bin/../lib/gcc/arm-none-eabi/7.3.1/thumb/v6-m\libgcc.a(_dvmd_tls.o)
                0x0000000008000414                __aeabi_idiv0
                0x0000000008000414                __aeabi_ldiv0
 *(.text*)
 .text.main     0x0000000008000418       0x1e Core/Src/main.o
                0x0000000008000418                main
 .text.SystemClock_Config
                0x0000000008000436       0xa8 Core/Src/main.o
                0x0000000008000436                SystemClock_Config
 *fill*         0x00000000080004de        0x2 
 .text.MX_GPIO_Init
                0x00000000080004e0       0x30 Core/Src/main.o
 .text.Error_Handler
                0x0000000008000510        0xa Core/Src/main.o
                0x0000000008000510                Error_Handler
 *fill*         0x000000000800051a        0x2 
 .text.HAL_MspInit
                0x000000000800051c       0x48 Core/Src/stm32f0xx_hal_msp.o
                0x000000000800051c                HAL_MspInit
 .text.NMI_Handler
                0x0000000008000564        0xa Core/Src/stm32f0xx_it.o
                0x0000000008000564                NMI_Handler
 .text.HardFault_Handler
                0x000000000800056e        0x6 Core/Src/stm32f0xx_it.o
                0x000000000800056e                HardFault_Handler
 .text.SVC_Handler
                0x0000000008000574        0xa Core/Src/stm32f0xx_it.o
                0x0000000008000574                SVC_Handler
 .text.PendSV_Handler
                0x000000000800057e        0xa Core/Src/stm32f0xx_it.o
                0x000000000800057e                PendSV_Handler
 .text.SysTick_Handler
                0x0000000008000588        0xe Core/Src/stm32f0xx_it.o
                0x0000000008000588                SysTick_Handler
 *fill*         0x0000000008000596        0x2 
 .text.USB_IRQHandler
                0x0000000008000598       0x18 Core/Src/stm32f0xx_it.o
                0x0000000008000598                USB_IRQHandler
 .text._sbrk    0x00000000080005b0       0x58 Core/Src/sysmem.o
                0x00000000080005b0                _sbrk
 .text.SystemInit
                0x0000000008000608        0xa Core/Src/system_stm32f0xx.o
                0x0000000008000608                SystemInit
 *fill*         0x0000000008000612        0x2 
 .text.Reset_Handler
                0x0000000008000614       0x50 Core/Startup/startup_stm32f072c8tx.o
                0x0000000008000614                Reset_Handler
 .text.Default_Handler
                0x0000000008000664        0x2 Core/Startup/startup_stm32f072c8tx.o
                0x0000000008000664                TIM1_CC_IRQHandler
                0x0000000008000664                TSC_IRQHandler
                0x0000000008000664                ADC1_COMP_IRQHandler
                0x0000000008000664                I2C1_IRQHandler
                0x0000000008000664                RCC_CRS_IRQHandler
                0x0000000008000664                SPI1_IRQHandler
                0x0000000008000664                TIM6_DAC_IRQHandler
                0x0000000008000664                USART3_4_IRQHandler
                0x0000000008000664                EXTI2_3_IRQHandler
                0x0000000008000664                I2C2_IRQHandler
                0x0000000008000664                TIM17_IRQHandler
                0x0000000008000664                CEC_CAN_IRQHandler
                0x0000000008000664                RTC_IRQHandler
                0x0000000008000664                PVD_VDDIO2_IRQHandler
                0x0000000008000664                DMA1_Channel4_5_6_7_IRQHandler
                0x0000000008000664                TIM16_IRQHandler
                0x0000000008000664                TIM3_IRQHandler
                0x0000000008000664                EXTI4_15_IRQHandler
                0x0000000008000664                DMA1_Channel1_IRQHandler
                0x0000000008000664                Default_Handler
                0x0000000008000664                TIM14_IRQHandler
                0x0000000008000664                TIM7_IRQHandler
                0x0000000008000664                TIM15_IRQHandler
                0x0000000008000664                EXTI0_1_IRQHandler
                0x0000000008000664                SPI2_IRQHandler
                0x0000000008000664                WWDG_IRQHandler
                0x0000000008000664                TIM2_IRQHandler
                0x0000000008000664                DMA1_Channel2_3_IRQHandler
                0x0000000008000664                USART2_IRQHandler
                0x0000000008000664                FLASH_IRQHandler
                0x0000000008000664                USART1_IRQHandler
                0x0000000008000664                TIM1_BRK_UP_TRG_COM_IRQHandler
 *fill*         0x0000000008000666        0x2 
 .text.HAL_Init
                0x0000000008000668       0x28 Drivers/STM32F0xx_HAL_Driver/Src/stm32f0xx_hal.o
                0x0000000008000668                HAL_Init
 .text.HAL_InitTick
                0x0000000008000690       0x68 Drivers/STM32F0xx_HAL_Driver/Src/stm32f0xx_hal.o
                0x0000000008000690                HAL_InitTick
 .text.HAL_IncTick
                0x00000000080006f8       0x24 Drivers/STM32F0xx_HAL_Driver/Src/stm32f0xx_hal.o
                0x00000000080006f8                HAL_IncTick
 .text.HAL_GetTick
                0x000000000800071c       0x14 Drivers/STM32F0xx_HAL_Driver/Src/stm32f0xx_hal.o
                0x000000000800071c                HAL_GetTick
 .text.__NVIC_EnableIRQ
                0x0000000008000730       0x34 Drivers/STM32F0xx_HAL_Driver/Src/stm32f0xx_hal_cortex.o
 .text.__NVIC_SetPriority
                0x0000000008000764       0xdc Drivers/STM32F0xx_HAL_Driver/Src/stm32f0xx_hal_cortex.o
 .text.SysTick_Config
                0x0000000008000840       0x48 Drivers/STM32F0xx_HAL_Driver/Src/stm32f0xx_hal_cortex.o
 .text.HAL_NVIC_SetPriority
                0x0000000008000888       0x2a Drivers/STM32F0xx_HAL_Driver/Src/stm32f0xx_hal_cortex.o
                0x0000000008000888                HAL_NVIC_SetPriority
 .text.HAL_NVIC_EnableIRQ
                0x00000000080008b2       0x20 Drivers/STM32F0xx_HAL_Driver/Src/stm32f0xx_hal_cortex.o
                0x00000000080008b2                HAL_NVIC_EnableIRQ
 .text.HAL_SYSTICK_Config
                0x00000000080008d2       0x1a Drivers/STM32F0xx_HAL_Driver/Src/stm32f0xx_hal_cortex.o
                0x00000000080008d2                HAL_SYSTICK_Config
 .text.HAL_GPIO_Init
                0x00000000080008ec      0x2f0 Drivers/STM32F0xx_HAL_Driver/Src/stm32f0xx_hal_gpio.o
                0x00000000080008ec                HAL_GPIO_Init
 .text.HAL_PCD_Init
                0x0000000008000bdc      0x1c8 Drivers/STM32F0xx_HAL_Driver/Src/stm32f0xx_hal_pcd.o
                0x0000000008000bdc                HAL_PCD_Init
 .text.HAL_PCD_Start
                0x0000000008000da4       0x4a Drivers/STM32F0xx_HAL_Driver/Src/stm32f0xx_hal_pcd.o
                0x0000000008000da4                HAL_PCD_Start
 *fill*         0x0000000008000dee        0x2 
 .text.HAL_PCD_IRQHandler
                0x0000000008000df0      0x310 Drivers/STM32F0xx_HAL_Driver/Src/stm32f0xx_hal_pcd.o
                0x0000000008000df0                HAL_PCD_IRQHandler
 .text.HAL_PCD_SetAddress
                0x0000000008001100       0x56 Drivers/STM32F0xx_HAL_Driver/Src/stm32f0xx_hal_pcd.o
                0x0000000008001100                HAL_PCD_SetAddress
 .text.HAL_PCD_EP_Open
                0x0000000008001156       0xe4 Drivers/STM32F0xx_HAL_Driver/Src/stm32f0xx_hal_pcd.o
                0x0000000008001156                HAL_PCD_EP_Open
 .text.HAL_PCD_EP_Close
                0x000000000800123a       0x96 Drivers/STM32F0xx_HAL_Driver/Src/stm32f0xx_hal_pcd.o
                0x000000000800123a                HAL_PCD_EP_Close
 .text.HAL_PCD_EP_Receive
                0x00000000080012d0       0x82 Drivers/STM32F0xx_HAL_Driver/Src/stm32f0xx_hal_pcd.o
                0x00000000080012d0                HAL_PCD_EP_Receive
 .text.HAL_PCD_EP_GetRxCount
                0x0000000008001352       0x2a Drivers/STM32F0xx_HAL_Driver/Src/stm32f0xx_hal_pcd.o
                0x0000000008001352                HAL_PCD_EP_GetRxCount
 .text.HAL_PCD_EP_Transmit
                0x000000000800137c       0x80 Drivers/STM32F0xx_HAL_Driver/Src/stm32f0xx_hal_pcd.o
                0x000000000800137c                HAL_PCD_EP_Transmit
 .text.HAL_PCD_EP_SetStall
                0x00000000080013fc       0xcc Drivers/STM32F0xx_HAL_Driver/Src/stm32f0xx_hal_pcd.o
                0x00000000080013fc                HAL_PCD_EP_SetStall
 .text.HAL_PCD_EP_ClrStall
                0x00000000080014c8       0xb0 Drivers/STM32F0xx_HAL_Driver/Src/stm32f0xx_hal_pcd.o
                0x00000000080014c8                HAL_PCD_EP_ClrStall
 .text.PCD_EP_ISR_Handler
                0x0000000008001578      0x5a8 Drivers/STM32F0xx_HAL_Driver/Src/stm32f0xx_hal_pcd.o
 .text.HAL_PCDEx_PMAConfig
                0x0000000008001b20       0x90 Drivers/STM32F0xx_HAL_Driver/Src/stm32f0xx_hal_pcd_ex.o
                0x0000000008001b20                HAL_PCDEx_PMAConfig
 .text.HAL_PCDEx_ActivateLPM
                0x0000000008001bb0       0x54 Drivers/STM32F0xx_HAL_Driver/Src/stm32f0xx_hal_pcd_ex.o
                0x0000000008001bb0                HAL_PCDEx_ActivateLPM
 .text.HAL_PCDEx_LPM_Callback
                0x0000000008001c04       0x16 Drivers/STM32F0xx_HAL_Driver/Src/stm32f0xx_hal_pcd_ex.o
                0x0000000008001c04                HAL_PCDEx_LPM_Callback
 *fill*         0x0000000008001c1a        0x2 
 .text.HAL_RCC_OscConfig
                0x0000000008001c1c      0x70c Drivers/STM32F0xx_HAL_Driver/Src/stm32f0xx_hal_rcc.o
                0x0000000008001c1c                HAL_RCC_OscConfig
 .text.HAL_RCC_ClockConfig
                0x0000000008002328      0x1b4 Drivers/STM32F0xx_HAL_Driver/Src/stm32f0xx_hal_rcc.o
                0x0000000008002328                HAL_RCC_ClockConfig
 .text.HAL_RCC_GetSysClockFreq
                0x00000000080024dc       0xfc Drivers/STM32F0xx_HAL_Driver/Src/stm32f0xx_hal_rcc.o
                0x00000000080024dc                HAL_RCC_GetSysClockFreq
 .text.HAL_RCCEx_PeriphCLKConfig
                0x00000000080025d8      0x200 Drivers/STM32F0xx_HAL_Driver/Src/stm32f0xx_hal_rcc_ex.o
                0x00000000080025d8                HAL_RCCEx_PeriphCLKConfig
 .text.USB_EnableGlobalInt
                0x00000000080027d8       0x34 Drivers/STM32F0xx_HAL_Driver/Src/stm32f0xx_ll_usb.o
                0x00000000080027d8                USB_EnableGlobalInt
 .text.USB_DisableGlobalInt
                0x000000000800280c       0x40 Drivers/STM32F0xx_HAL_Driver/Src/stm32f0xx_ll_usb.o
                0x000000000800280c                USB_DisableGlobalInt
 .text.USB_DevInit
                0x000000000800284c       0x60 Drivers/STM32F0xx_HAL_Driver/Src/stm32f0xx_ll_usb.o
                0x000000000800284c                USB_DevInit
 .text.USB_ActivateEndpoint
                0x00000000080028ac      0x5f0 Drivers/STM32F0xx_HAL_Driver/Src/stm32f0xx_ll_usb.o
                0x00000000080028ac                USB_ActivateEndpoint
 .text.USB_DeactivateEndpoint
                0x0000000008002e9c      0x2ec Drivers/STM32F0xx_HAL_Driver/Src/stm32f0xx_ll_usb.o
                0x0000000008002e9c                USB_DeactivateEndpoint
 .text.USB_EPStartXfer
                0x0000000008003188      0x5a4 Drivers/STM32F0xx_HAL_Driver/Src/stm32f0xx_ll_usb.o
                0x0000000008003188                USB_EPStartXfer
 .text.USB_EPSetStall
                0x000000000800372c       0x84 Drivers/STM32F0xx_HAL_Driver/Src/stm32f0xx_ll_usb.o
                0x000000000800372c                USB_EPSetStall
 .text.USB_EPClearStall
                0x00000000080037b0      0x124 Drivers/STM32F0xx_HAL_Driver/Src/stm32f0xx_ll_usb.o
                0x00000000080037b0                USB_EPClearStall
 .text.USB_SetDevAddress
                0x00000000080038d4       0x28 Drivers/STM32F0xx_HAL_Driver/Src/stm32f0xx_ll_usb.o
                0x00000000080038d4                USB_SetDevAddress
 .text.USB_DevConnect
                0x00000000080038fc       0x2c Drivers/STM32F0xx_HAL_Driver/Src/stm32f0xx_ll_usb.o
                0x00000000080038fc                USB_DevConnect
 .text.USB_ReadInterrupts
                0x0000000008003928       0x1c Drivers/STM32F0xx_HAL_Driver/Src/stm32f0xx_ll_usb.o
                0x0000000008003928                USB_ReadInterrupts
 .text.USB_EP0_OutStart
                0x0000000008003944       0x14 Drivers/STM32F0xx_HAL_Driver/Src/stm32f0xx_ll_usb.o
                0x0000000008003944                USB_EP0_OutStart
 .text.USB_WritePMA
                0x0000000008003958       0x86 Drivers/STM32F0xx_HAL_Driver/Src/stm32f0xx_ll_usb.o
                0x0000000008003958                USB_WritePMA
 .text.USB_ReadPMA
                0x00000000080039de       0x9e Drivers/STM32F0xx_HAL_Driver/Src/stm32f0xx_ll_usb.o
                0x00000000080039de                USB_ReadPMA
 .text.get_ip   0x0000000008003a7c       0x20 ecm_src/dhcp-server/dhserver.o
 .text.set_ip   0x0000000008003a9c       0x1e ecm_src/dhcp-server/dhserver.o
 *fill*         0x0000000008003aba        0x2 
 .text.entry_by_ip
                0x0000000008003abc       0x64 ecm_src/dhcp-server/dhserver.o
 .text.entry_by_mac
                0x0000000008003b20       0x64 ecm_src/dhcp-server/dhserver.o
 .text.is_vacant
                0x0000000008003b84       0x28 ecm_src/dhcp-server/dhserver.o
 .text.vacant_address
                0x0000000008003bac       0x5c ecm_src/dhcp-server/dhserver.o
 .text.free_entry
                0x0000000008003c08       0x1c ecm_src/dhcp-server/dhserver.o
 .text.find_dhcp_option
                0x0000000008003c24       0x64 ecm_src/dhcp-server/dhserver.o
                0x0000000008003c24                find_dhcp_option
 .text.fill_options
                0x0000000008003c88      0x17a ecm_src/dhcp-server/dhserver.o
                0x0000000008003c88                fill_options
 *fill*         0x0000000008003e02        0x2 
 .text.udp_recv_proc
                0x0000000008003e04      0x2f4 ecm_src/dhcp-server/dhserver.o
 .text.dhserv_init
                0x00000000080040f8       0x88 ecm_src/dhcp-server/dhserver.o
                0x00000000080040f8                dhserv_init
 .text.dhserv_free
                0x0000000008004180       0x28 ecm_src/dhcp-server/dhserver.o
                0x0000000008004180                dhserv_free
 .text.get_uint16
                0x00000000080041a8       0x22 ecm_src/dns-server/dnserver.o
 .text.parse_next_query
                0x00000000080041ca      0x118 ecm_src/dns-server/dnserver.o
 *fill*         0x00000000080042e2        0x2 
 .text.udp_recv_proc
                0x00000000080042e4      0x2d0 ecm_src/dns-server/dnserver.o
 .text.dnserv_init
                0x00000000080045b4       0x90 ecm_src/dns-server/dnserver.o
                0x00000000080045b4                dnserv_init
 .text.dnserv_free
                0x0000000008004644       0x28 ecm_src/dns-server/dnserver.o
                0x0000000008004644                dnserv_free
 .text.fs_open  0x000000000800466c       0x7c ecm_src/lwip-1.4.1/apps/httpserver_raw/fs.o
                0x000000000800466c                fs_open
 .text.fs_close
                0x00000000080046e8       0x10 ecm_src/lwip-1.4.1/apps/httpserver_raw/fs.o
                0x00000000080046e8                fs_close
 .text.fs_bytes_left
                0x00000000080046f8       0x1a ecm_src/lwip-1.4.1/apps/httpserver_raw/fs.o
                0x00000000080046f8                fs_bytes_left
 .text.strnstr  0x0000000008004712       0x70 ecm_src/lwip-1.4.1/apps/httpserver_raw/httpd.o
                0x0000000008004712                strnstr
 .text.http_ssi_state_alloc
                0x0000000008004782       0x2c ecm_src/lwip-1.4.1/apps/httpserver_raw/httpd.o
 .text.http_ssi_state_free
                0x00000000080047ae       0x1e ecm_src/lwip-1.4.1/apps/httpserver_raw/httpd.o
 .text.http_state_init
                0x00000000080047cc       0x1c ecm_src/lwip-1.4.1/apps/httpserver_raw/httpd.o
 .text.http_state_alloc
                0x00000000080047e8       0x28 ecm_src/lwip-1.4.1/apps/httpserver_raw/httpd.o
 .text.http_state_eof
                0x0000000008004810       0x40 ecm_src/lwip-1.4.1/apps/httpserver_raw/httpd.o
 .text.http_state_free
                0x0000000008004850       0x26 ecm_src/lwip-1.4.1/apps/httpserver_raw/httpd.o
 .text.http_write
                0x0000000008004876       0xa8 ecm_src/lwip-1.4.1/apps/httpserver_raw/httpd.o
 *fill*         0x000000000800491e        0x2 
 .text.http_close_or_abort_conn
                0x0000000008004920       0xa0 ecm_src/lwip-1.4.1/apps/httpserver_raw/httpd.o
 .text.http_close_conn
                0x00000000080049c0       0x20 ecm_src/lwip-1.4.1/apps/httpserver_raw/httpd.o
 .text.http_eof
                0x00000000080049e0       0x1e ecm_src/lwip-1.4.1/apps/httpserver_raw/httpd.o
 .text.extract_uri_parameters
                0x00000000080049fe       0xc8 ecm_src/lwip-1.4.1/apps/httpserver_raw/httpd.o
 *fill*         0x0000000008004ac6        0x2 
 .text.get_tag_insert
                0x0000000008004ac8      0x108 ecm_src/lwip-1.4.1/apps/httpserver_raw/httpd.o
 .text.http_check_eof
                0x0000000008004bd0       0x4a ecm_src/lwip-1.4.1/apps/httpserver_raw/httpd.o
 .text.http_send_data_nonssi
                0x0000000008004c1a       0xdc ecm_src/lwip-1.4.1/apps/httpserver_raw/httpd.o
 *fill*         0x0000000008004cf6        0x2 
 .text.http_send_data_ssi
                0x0000000008004cf8      0x6f8 ecm_src/lwip-1.4.1/apps/httpserver_raw/httpd.o
 .text.http_send
                0x00000000080053f0       0x9e ecm_src/lwip-1.4.1/apps/httpserver_raw/httpd.o
 *fill*         0x000000000800548e        0x2 
 .text.http_get_404_file
                0x0000000008005490       0x9c ecm_src/lwip-1.4.1/apps/httpserver_raw/httpd.o
 .text.http_parse_request
                0x000000000800552c      0x1dc ecm_src/lwip-1.4.1/apps/httpserver_raw/httpd.o
 .text.http_find_file
                0x0000000008005708      0x1d8 ecm_src/lwip-1.4.1/apps/httpserver_raw/httpd.o
 .text.http_init_file
                0x00000000080058e0       0xf4 ecm_src/lwip-1.4.1/apps/httpserver_raw/httpd.o
 .text.http_err
                0x00000000080059d4       0x28 ecm_src/lwip-1.4.1/apps/httpserver_raw/httpd.o
 .text.http_sent
                0x00000000080059fc       0x3a ecm_src/lwip-1.4.1/apps/httpserver_raw/httpd.o
 .text.http_poll
                0x0000000008005a36       0x84 ecm_src/lwip-1.4.1/apps/httpserver_raw/httpd.o
 .text.http_recv
                0x0000000008005aba       0xea ecm_src/lwip-1.4.1/apps/httpserver_raw/httpd.o
 .text.http_accept
                0x0000000008005ba4       0x8c ecm_src/lwip-1.4.1/apps/httpserver_raw/httpd.o
 .text.httpd_init_addr
                0x0000000008005c30       0x60 ecm_src/lwip-1.4.1/apps/httpserver_raw/httpd.o
 .text.httpd_init
                0x0000000008005c90       0x18 ecm_src/lwip-1.4.1/apps/httpserver_raw/httpd.o
                0x0000000008005c90                httpd_init
 .text.http_set_ssi_handler
                0x0000000008005ca8       0x34 ecm_src/lwip-1.4.1/apps/httpserver_raw/httpd.o
                0x0000000008005ca8                http_set_ssi_handler
 .text.http_set_cgi_handlers
                0x0000000008005cdc       0x28 ecm_src/lwip-1.4.1/apps/httpserver_raw/httpd.o
                0x0000000008005cdc                http_set_cgi_handlers
 .text.lwip_htons
                0x0000000008005d04       0x2c ecm_src/lwip-1.4.1/src/core/def.o
                0x0000000008005d04                lwip_htons
 .text.lwip_ntohs
                0x0000000008005d30       0x20 ecm_src/lwip-1.4.1/src/core/def.o
                0x0000000008005d30                lwip_ntohs
 .text.lwip_htonl
                0x0000000008005d50       0x32 ecm_src/lwip-1.4.1/src/core/def.o
                0x0000000008005d50                lwip_htonl
 .text.lwip_ntohl
                0x0000000008005d82       0x1a ecm_src/lwip-1.4.1/src/core/def.o
                0x0000000008005d82                lwip_ntohl
 .text.lwip_init
                0x0000000008005d9c       0x26 ecm_src/lwip-1.4.1/src/core/init.o
                0x0000000008005d9c                lwip_init
 *fill*         0x0000000008005dc2        0x2 
 .text.plug_holes
                0x0000000008005dc4       0xbc ecm_src/lwip-1.4.1/src/core/mem.o
 .text.mem_init
                0x0000000008005e80       0x88 ecm_src/lwip-1.4.1/src/core/mem.o
                0x0000000008005e80                mem_init
 .text.mem_free
                0x0000000008005f08       0x94 ecm_src/lwip-1.4.1/src/core/mem.o
                0x0000000008005f08                mem_free
 .text.mem_trim
                0x0000000008005f9c      0x228 ecm_src/lwip-1.4.1/src/core/mem.o
                0x0000000008005f9c                mem_trim
 .text.mem_malloc
                0x00000000080061c4      0x218 ecm_src/lwip-1.4.1/src/core/mem.o
                0x00000000080061c4                mem_malloc
 .text.memp_init
                0x00000000080063dc      0x128 ecm_src/lwip-1.4.1/src/core/memp.o
                0x00000000080063dc                memp_init
 .text.memp_malloc
                0x0000000008006504      0x10c ecm_src/lwip-1.4.1/src/core/memp.o
                0x0000000008006504                memp_malloc
 .text.memp_free
                0x0000000008006610       0x74 ecm_src/lwip-1.4.1/src/core/memp.o
                0x0000000008006610                memp_free
 .text.netif_init
                0x0000000008006684        0xa ecm_src/lwip-1.4.1/src/core/netif.o
                0x0000000008006684                netif_init
 *fill*         0x000000000800668e        0x2 
 .text.netif_add
                0x0000000008006690       0x84 ecm_src/lwip-1.4.1/src/core/netif.o
                0x0000000008006690                netif_add
 .text.netif_set_addr
                0x0000000008006714       0x3a ecm_src/lwip-1.4.1/src/core/netif.o
                0x0000000008006714                netif_set_addr
 *fill*         0x000000000800674e        0x2 
 .text.netif_set_ipaddr
                0x0000000008006750       0xb4 ecm_src/lwip-1.4.1/src/core/netif.o
                0x0000000008006750                netif_set_ipaddr
 .text.netif_set_gw
                0x0000000008006804       0x24 ecm_src/lwip-1.4.1/src/core/netif.o
                0x0000000008006804                netif_set_gw
 .text.netif_set_netmask
                0x0000000008006828       0x24 ecm_src/lwip-1.4.1/src/core/netif.o
                0x0000000008006828                netif_set_netmask
 .text.netif_set_default
                0x000000000800684c       0x1c ecm_src/lwip-1.4.1/src/core/netif.o
                0x000000000800684c                netif_set_default
 .text.pbuf_pool_is_empty
                0x0000000008006868       0x14 ecm_src/lwip-1.4.1/src/core/pbuf.o
 .text.pbuf_alloc
                0x000000000800687c      0x244 ecm_src/lwip-1.4.1/src/core/pbuf.o
                0x000000000800687c                pbuf_alloc
 .text.pbuf_alloced_custom
                0x0000000008006ac0       0xe2 ecm_src/lwip-1.4.1/src/core/pbuf.o
                0x0000000008006ac0                pbuf_alloced_custom
 .text.pbuf_realloc
                0x0000000008006ba2       0xe4 ecm_src/lwip-1.4.1/src/core/pbuf.o
                0x0000000008006ba2                pbuf_realloc
 .text.pbuf_header
                0x0000000008006c86      0x10e ecm_src/lwip-1.4.1/src/core/pbuf.o
                0x0000000008006c86                pbuf_header
 .text.pbuf_free
                0x0000000008006d94       0xe4 ecm_src/lwip-1.4.1/src/core/pbuf.o
                0x0000000008006d94                pbuf_free
 .text.pbuf_clen
                0x0000000008006e78       0x38 ecm_src/lwip-1.4.1/src/core/pbuf.o
                0x0000000008006e78                pbuf_clen
 .text.pbuf_ref
                0x0000000008006eb0       0x22 ecm_src/lwip-1.4.1/src/core/pbuf.o
                0x0000000008006eb0                pbuf_ref
 .text.pbuf_cat
                0x0000000008006ed2       0x5a ecm_src/lwip-1.4.1/src/core/pbuf.o
                0x0000000008006ed2                pbuf_cat
 .text.pbuf_chain
                0x0000000008006f2c       0x26 ecm_src/lwip-1.4.1/src/core/pbuf.o
                0x0000000008006f2c                pbuf_chain
 .text.pbuf_copy
                0x0000000008006f52      0x15a ecm_src/lwip-1.4.1/src/core/pbuf.o
                0x0000000008006f52                pbuf_copy
 .text.pbuf_copy_partial
                0x00000000080070ac      0x110 ecm_src/lwip-1.4.1/src/core/pbuf.o
                0x00000000080070ac                pbuf_copy_partial
 .text.raw_input
                0x00000000080071bc       0xd4 ecm_src/lwip-1.4.1/src/core/raw.o
                0x00000000080071bc                raw_input
 .text.stats_init
                0x0000000008007290        0xa ecm_src/lwip-1.4.1/src/core/stats.o
                0x0000000008007290                stats_init
 .text.tcp_init
                0x000000000800729a        0xa ecm_src/lwip-1.4.1/src/core/tcp.o
                0x000000000800729a                tcp_init
 .text.tcp_tmr  0x00000000080072a4       0x30 ecm_src/lwip-1.4.1/src/core/tcp.o
                0x00000000080072a4                tcp_tmr
 .text.tcp_close_shutdown
                0x00000000080072d4      0x284 ecm_src/lwip-1.4.1/src/core/tcp.o
 .text.tcp_close
                0x0000000008007558       0x32 ecm_src/lwip-1.4.1/src/core/tcp.o
                0x0000000008007558                tcp_close
 *fill*         0x000000000800758a        0x2 
 .text.tcp_abandon
                0x000000000800758c       0xe0 ecm_src/lwip-1.4.1/src/core/tcp.o
                0x000000000800758c                tcp_abandon
 .text.tcp_abort
                0x000000000800766c       0x1a ecm_src/lwip-1.4.1/src/core/tcp.o
                0x000000000800766c                tcp_abort
 *fill*         0x0000000008007686        0x2 
 .text.tcp_bind
                0x0000000008007688       0xec ecm_src/lwip-1.4.1/src/core/tcp.o
                0x0000000008007688                tcp_bind
 .text.tcp_accept_null
                0x0000000008007774       0x1a ecm_src/lwip-1.4.1/src/core/tcp.o
 *fill*         0x000000000800778e        0x2 
 .text.tcp_listen_with_backlog
                0x0000000008007790      0x11c ecm_src/lwip-1.4.1/src/core/tcp.o
                0x0000000008007790                tcp_listen_with_backlog
 .text.tcp_update_rcv_ann_wnd
                0x00000000080078ac       0x80 ecm_src/lwip-1.4.1/src/core/tcp.o
                0x00000000080078ac                tcp_update_rcv_ann_wnd
 .text.tcp_recved
                0x000000000800792c       0x68 ecm_src/lwip-1.4.1/src/core/tcp.o
                0x000000000800792c                tcp_recved
 .text.tcp_new_port
                0x0000000008007994       0xa0 ecm_src/lwip-1.4.1/src/core/tcp.o
 .text.tcp_slowtmr
                0x0000000008007a34      0x4dc ecm_src/lwip-1.4.1/src/core/tcp.o
                0x0000000008007a34                tcp_slowtmr
 .text.tcp_fasttmr
                0x0000000008007f10       0xa8 ecm_src/lwip-1.4.1/src/core/tcp.o
                0x0000000008007f10                tcp_fasttmr
 .text.tcp_process_refused_data
                0x0000000008007fb8       0xf0 ecm_src/lwip-1.4.1/src/core/tcp.o
                0x0000000008007fb8                tcp_process_refused_data
 .text.tcp_segs_free
                0x00000000080080a8       0x2a ecm_src/lwip-1.4.1/src/core/tcp.o
                0x00000000080080a8                tcp_segs_free
 .text.tcp_seg_free
                0x00000000080080d2       0x32 ecm_src/lwip-1.4.1/src/core/tcp.o
                0x00000000080080d2                tcp_seg_free
 .text.tcp_setprio
                0x0000000008008104       0x1e ecm_src/lwip-1.4.1/src/core/tcp.o
                0x0000000008008104                tcp_setprio
 .text.tcp_seg_copy
                0x0000000008008122       0x3c ecm_src/lwip-1.4.1/src/core/tcp.o
                0x0000000008008122                tcp_seg_copy
 .text.tcp_recv_null
                0x000000000800815e       0x50 ecm_src/lwip-1.4.1/src/core/tcp.o
                0x000000000800815e                tcp_recv_null
 *fill*         0x00000000080081ae        0x2 
 .text.tcp_kill_prio
                0x00000000080081b0       0x94 ecm_src/lwip-1.4.1/src/core/tcp.o
 .text.tcp_kill_timewait
                0x0000000008008244       0x60 ecm_src/lwip-1.4.1/src/core/tcp.o
 .text.tcp_alloc
                0x00000000080082a4      0x158 ecm_src/lwip-1.4.1/src/core/tcp.o
                0x00000000080082a4                tcp_alloc
 .text.tcp_new  0x00000000080083fc       0x12 ecm_src/lwip-1.4.1/src/core/tcp.o
                0x00000000080083fc                tcp_new
 .text.tcp_arg  0x000000000800840e       0x18 ecm_src/lwip-1.4.1/src/core/tcp.o
                0x000000000800840e                tcp_arg
 .text.tcp_recv
                0x0000000008008426       0x1a ecm_src/lwip-1.4.1/src/core/tcp.o
                0x0000000008008426                tcp_recv
 .text.tcp_sent
                0x0000000008008440       0x18 ecm_src/lwip-1.4.1/src/core/tcp.o
                0x0000000008008440                tcp_sent
 .text.tcp_err  0x0000000008008458       0x1a ecm_src/lwip-1.4.1/src/core/tcp.o
                0x0000000008008458                tcp_err
 .text.tcp_accept
                0x0000000008008472       0x18 ecm_src/lwip-1.4.1/src/core/tcp.o
                0x0000000008008472                tcp_accept
 .text.tcp_poll
                0x000000000800848a       0x28 ecm_src/lwip-1.4.1/src/core/tcp.o
                0x000000000800848a                tcp_poll
 .text.tcp_pcb_purge
                0x00000000080084b2       0x82 ecm_src/lwip-1.4.1/src/core/tcp.o
                0x00000000080084b2                tcp_pcb_purge
 .text.tcp_pcb_remove
                0x0000000008008534       0xa8 ecm_src/lwip-1.4.1/src/core/tcp.o
                0x0000000008008534                tcp_pcb_remove
 .text.tcp_next_iss
                0x00000000080085dc       0x24 ecm_src/lwip-1.4.1/src/core/tcp.o
                0x00000000080085dc                tcp_next_iss
 .text.tcp_eff_send_mss
                0x0000000008008600       0x56 ecm_src/lwip-1.4.1/src/core/tcp.o
                0x0000000008008600                tcp_eff_send_mss
 *fill*         0x0000000008008656        0x2 
 .text.tcp_input
                0x0000000008008658      0x8b8 ecm_src/lwip-1.4.1/src/core/tcp_in.o
                0x0000000008008658                tcp_input
 .text.tcp_listen_input
                0x0000000008008f10      0x1e0 ecm_src/lwip-1.4.1/src/core/tcp_in.o
 .text.tcp_timewait_input
                0x00000000080090f0       0xe8 ecm_src/lwip-1.4.1/src/core/tcp_in.o
 .text.tcp_process
                0x00000000080091d8      0x738 ecm_src/lwip-1.4.1/src/core/tcp_in.o
 .text.tcp_oos_insert_segment
                0x0000000008009910      0x15c ecm_src/lwip-1.4.1/src/core/tcp_in.o
 .text.tcp_receive
                0x0000000008009a6c     0x1154 ecm_src/lwip-1.4.1/src/core/tcp_in.o
 .text.tcp_parseopt
                0x000000000800abc0      0x16c ecm_src/lwip-1.4.1/src/core/tcp_in.o
 .text.tcp_output_alloc_header
                0x000000000800ad2c      0x21a ecm_src/lwip-1.4.1/src/core/tcp_out.o
 .text.tcp_send_fin
                0x000000000800af46       0xb0 ecm_src/lwip-1.4.1/src/core/tcp_out.o
                0x000000000800af46                tcp_send_fin
 *fill*         0x000000000800aff6        0x2 
 .text.tcp_create_segment
                0x000000000800aff8      0x1ec ecm_src/lwip-1.4.1/src/core/tcp_out.o
 .text.tcp_pbuf_prealloc
                0x000000000800b1e4       0xe4 ecm_src/lwip-1.4.1/src/core/tcp_out.o
 .text.tcp_write_checks
                0x000000000800b2c8       0xb8 ecm_src/lwip-1.4.1/src/core/tcp_out.o
 .text.tcp_write
                0x000000000800b380      0x5d4 ecm_src/lwip-1.4.1/src/core/tcp_out.o
                0x000000000800b380                tcp_write
 .text.tcp_enqueue_flags
                0x000000000800b954      0x1f4 ecm_src/lwip-1.4.1/src/core/tcp_out.o
                0x000000000800b954                tcp_enqueue_flags
 .text.tcp_send_empty_ack
                0x000000000800bb48       0xc0 ecm_src/lwip-1.4.1/src/core/tcp_out.o
                0x000000000800bb48                tcp_send_empty_ack
 .text.tcp_output
                0x000000000800bc08      0x370 ecm_src/lwip-1.4.1/src/core/tcp_out.o
                0x000000000800bc08                tcp_output
 .text.tcp_output_segment
                0x000000000800bf78      0x24c ecm_src/lwip-1.4.1/src/core/tcp_out.o
 .text.tcp_rst  0x000000000800c1c4      0x248 ecm_src/lwip-1.4.1/src/core/tcp_out.o
                0x000000000800c1c4                tcp_rst
 .text.tcp_rexmit_rto
                0x000000000800c40c       0x64 ecm_src/lwip-1.4.1/src/core/tcp_out.o
                0x000000000800c40c                tcp_rexmit_rto
 .text.tcp_rexmit
                0x000000000800c470       0xb8 ecm_src/lwip-1.4.1/src/core/tcp_out.o
                0x000000000800c470                tcp_rexmit
 .text.tcp_rexmit_fast
                0x000000000800c528       0xaa ecm_src/lwip-1.4.1/src/core/tcp_out.o
                0x000000000800c528                tcp_rexmit_fast
 *fill*         0x000000000800c5d2        0x2 
 .text.tcp_keepalive
                0x000000000800c5d4       0xb0 ecm_src/lwip-1.4.1/src/core/tcp_out.o
                0x000000000800c5d4                tcp_keepalive
 .text.tcp_zero_window_probe
                0x000000000800c684      0x1a0 ecm_src/lwip-1.4.1/src/core/tcp_out.o
                0x000000000800c684                tcp_zero_window_probe
 .text.tcpip_tcp_timer
                0x000000000800c824       0x48 ecm_src/lwip-1.4.1/src/core/timers.o
 .text.tcp_timer_needed
                0x000000000800c86c       0x44 ecm_src/lwip-1.4.1/src/core/timers.o
                0x000000000800c86c                tcp_timer_needed
 .text.ip_reass_timer
                0x000000000800c8b0       0x28 ecm_src/lwip-1.4.1/src/core/timers.o
 .text.arp_timer
                0x000000000800c8d8       0x28 ecm_src/lwip-1.4.1/src/core/timers.o
 .text.sys_timeouts_init
                0x000000000800c900       0x40 ecm_src/lwip-1.4.1/src/core/timers.o
                0x000000000800c900                sys_timeouts_init
 .text.sys_timeout
                0x000000000800c940       0xe0 ecm_src/lwip-1.4.1/src/core/timers.o
                0x000000000800c940                sys_timeout
 .text.udp_init
                0x000000000800ca20        0xa ecm_src/lwip-1.4.1/src/core/udp.o
                0x000000000800ca20                udp_init
 *fill*         0x000000000800ca2a        0x2 
 .text.udp_new_port
                0x000000000800ca2c       0x7c ecm_src/lwip-1.4.1/src/core/udp.o
 .text.udp_input
                0x000000000800caa8      0x33c ecm_src/lwip-1.4.1/src/core/udp.o
                0x000000000800caa8                udp_input
 .text.udp_sendto
                0x000000000800cde4       0x5c ecm_src/lwip-1.4.1/src/core/udp.o
                0x000000000800cde4                udp_sendto
 .text.udp_sendto_if
                0x000000000800ce40      0x240 ecm_src/lwip-1.4.1/src/core/udp.o
                0x000000000800ce40                udp_sendto_if
 .text.udp_bind
                0x000000000800d080       0xd8 ecm_src/lwip-1.4.1/src/core/udp.o
                0x000000000800d080                udp_bind
 .text.udp_recv
                0x000000000800d158       0x20 ecm_src/lwip-1.4.1/src/core/udp.o
                0x000000000800d158                udp_recv
 .text.udp_remove
                0x000000000800d178       0x64 ecm_src/lwip-1.4.1/src/core/udp.o
                0x000000000800d178                udp_remove
 .text.udp_new  0x000000000800d1dc       0x32 ecm_src/lwip-1.4.1/src/core/udp.o
                0x000000000800d1dc                udp_new
 *fill*         0x000000000800d20e        0x2 
 .text.icmp_input
                0x000000000800d210      0x3f4 ecm_src/lwip-1.4.1/src/core/ipv4/icmp.o
                0x000000000800d210                icmp_input
 .text.icmp_dest_unreach
                0x000000000800d604       0x24 ecm_src/lwip-1.4.1/src/core/ipv4/icmp.o
                0x000000000800d604                icmp_dest_unreach
 .text.icmp_time_exceeded
                0x000000000800d628       0x24 ecm_src/lwip-1.4.1/src/core/ipv4/icmp.o
                0x000000000800d628                icmp_time_exceeded
 .text.icmp_send_response
                0x000000000800d64c      0x120 ecm_src/lwip-1.4.1/src/core/ipv4/icmp.o
 .text.lwip_standard_chksum
                0x000000000800d76c       0xc6 ecm_src/lwip-1.4.1/src/core/ipv4/inet_chksum.o
 .text.inet_chksum_pseudo
                0x000000000800d832      0x136 ecm_src/lwip-1.4.1/src/core/ipv4/inet_chksum.o
                0x000000000800d832                inet_chksum_pseudo
 .text.inet_chksum
                0x000000000800d968       0x2a ecm_src/lwip-1.4.1/src/core/ipv4/inet_chksum.o
                0x000000000800d968                inet_chksum
 .text.inet_chksum_pbuf
                0x000000000800d992       0xac ecm_src/lwip-1.4.1/src/core/ipv4/inet_chksum.o
                0x000000000800d992                inet_chksum_pbuf
 *fill*         0x000000000800da3e        0x2 
 .text.ip_route
                0x000000000800da40       0x88 ecm_src/lwip-1.4.1/src/core/ipv4/ip.o
                0x000000000800da40                ip_route
 .text.ip_input
                0x000000000800dac8      0x394 ecm_src/lwip-1.4.1/src/core/ipv4/ip.o
                0x000000000800dac8                ip_input
 .text.ip_output_if
                0x000000000800de5c      0x3ac ecm_src/lwip-1.4.1/src/core/ipv4/ip.o
                0x000000000800de5c                ip_output_if
 .text.ip_output
                0x000000000800e208       0x6c ecm_src/lwip-1.4.1/src/core/ipv4/ip.o
                0x000000000800e208                ip_output
 .text.ip4_addr_isbroadcast
                0x000000000800e274       0x70 ecm_src/lwip-1.4.1/src/core/ipv4/ip_addr.o
                0x000000000800e274                ip4_addr_isbroadcast
 .text.ip_reass_tmr
                0x000000000800e2e4       0x5c ecm_src/lwip-1.4.1/src/core/ipv4/ip_frag.o
                0x000000000800e2e4                ip_reass_tmr
 .text.ip_reass_free_complete_datagram
                0x000000000800e340      0x11c ecm_src/lwip-1.4.1/src/core/ipv4/ip_frag.o
 .text.ip_reass_remove_oldest_datagram
                0x000000000800e45c       0xe8 ecm_src/lwip-1.4.1/src/core/ipv4/ip_frag.o
 .text.ip_reass_enqueue_new_datagram
                0x000000000800e544       0x90 ecm_src/lwip-1.4.1/src/core/ipv4/ip_frag.o
 .text.ip_reass_dequeue_datagram
                0x000000000800e5d4       0x3c ecm_src/lwip-1.4.1/src/core/ipv4/ip_frag.o
 .text.ip_reass_chain_frag_into_datagram_and_validate
                0x000000000800e610      0x3d8 ecm_src/lwip-1.4.1/src/core/ipv4/ip_frag.o
 .text.ip_reass
                0x000000000800e9e8      0x38c ecm_src/lwip-1.4.1/src/core/ipv4/ip_frag.o
                0x000000000800e9e8                ip_reass
 .text.ip_frag_alloc_pbuf_custom_ref
                0x000000000800ed74       0x12 ecm_src/lwip-1.4.1/src/core/ipv4/ip_frag.o
 .text.ip_frag_free_pbuf_custom_ref
                0x000000000800ed86       0x1a ecm_src/lwip-1.4.1/src/core/ipv4/ip_frag.o
 .text.ipfrag_free_pbuf_custom
                0x000000000800eda0       0x2e ecm_src/lwip-1.4.1/src/core/ipv4/ip_frag.o
 *fill*         0x000000000800edce        0x2 
 .text.ip_frag  0x000000000800edd0      0x364 ecm_src/lwip-1.4.1/src/core/ipv4/ip_frag.o
                0x000000000800edd0                ip_frag
 .text.etharp_free_entry
                0x000000000800f134       0x60 ecm_src/lwip-1.4.1/src/netif/etharp.o
 .text.etharp_tmr
                0x000000000800f194      0x100 ecm_src/lwip-1.4.1/src/netif/etharp.o
                0x000000000800f194                etharp_tmr
 .text.etharp_find_entry
                0x000000000800f294      0x2f8 ecm_src/lwip-1.4.1/src/netif/etharp.o
 .text.etharp_send_ip
                0x000000000800f58c       0x5c ecm_src/lwip-1.4.1/src/netif/etharp.o
 .text.etharp_update_arp_entry
                0x000000000800f5e8      0x168 ecm_src/lwip-1.4.1/src/netif/etharp.o
 .text.etharp_arp_input
                0x000000000800f750      0x20c ecm_src/lwip-1.4.1/src/netif/etharp.o
 .text.etharp_output_to_arp_index
                0x000000000800f95c       0xb4 ecm_src/lwip-1.4.1/src/netif/etharp.o
 .text.etharp_output
                0x000000000800fa10      0x1e0 ecm_src/lwip-1.4.1/src/netif/etharp.o
                0x000000000800fa10                etharp_output
 .text.etharp_query
                0x000000000800fbf0      0x290 ecm_src/lwip-1.4.1/src/netif/etharp.o
                0x000000000800fbf0                etharp_query
 .text.etharp_raw
                0x000000000800fe80      0x16c ecm_src/lwip-1.4.1/src/netif/etharp.o
 .text.etharp_request
                0x000000000800ffec       0x48 ecm_src/lwip-1.4.1/src/netif/etharp.o
                0x000000000800ffec                etharp_request
 .text.ethernet_input
                0x0000000008010034      0x148 ecm_src/lwip-1.4.1/src/netif/etharp.o
                0x0000000008010034                ethernet_input
 .text.usb_ecm_recv_callback
                0x000000000801017c       0x5c ecm_src/src/ecm_main.o
                0x000000000801017c                usb_ecm_recv_callback
 .text.sys_now  0x00000000080101d8       0x10 ecm_src/src/ecm_main.o
                0x00000000080101d8                sys_now
 .text.tcp_timer_proc
                0x00000000080101e8       0x14 ecm_src/src/ecm_main.o
                0x00000000080101e8                tcp_timer_proc
 .text.output_fn
                0x00000000080101fc       0x22 ecm_src/src/ecm_main.o
                0x00000000080101fc                output_fn
 .text.linkoutput_fn
                0x000000000801021e       0x44 ecm_src/src/ecm_main.o
                0x000000000801021e                linkoutput_fn
 *fill*         0x0000000008010262        0x2 
 .text.netif_init_cb
                0x0000000008010264       0x4c ecm_src/src/ecm_main.o
                0x0000000008010264                netif_init_cb
 .text.init_lwip
                0x00000000080102b0       0x80 ecm_src/src/ecm_main.o
 .text.dns_query_proc
                0x0000000008010330       0x4c ecm_src/src/ecm_main.o
                0x0000000008010330                dns_query_proc
 .text.state_cgi_handler
                0x000000000801037c       0x1c ecm_src/src/ecm_main.o
                0x000000000801037c                state_cgi_handler
 .text.ctl_cgi_handler
                0x0000000008010398       0xd8 ecm_src/src/ecm_main.o
                0x0000000008010398                ctl_cgi_handler
 .text.ssi_handler
                0x0000000008010470       0x98 ecm_src/src/ecm_main.o
 .text.service_traffic
                0x0000000008010508       0x48 ecm_src/src/ecm_main.o
 .text.ecm_main_init
                0x0000000008010550       0x78 ecm_src/src/ecm_main.o
                0x0000000008010550                ecm_main_init
 .text.ecm_main_loop
                0x00000000080105c8       0x12 ecm_src/src/ecm_main.o
                0x00000000080105c8                ecm_main_loop
 .text.time_init
                0x00000000080105da        0xa ecm_src/src/time.o
                0x00000000080105da                time_init
 .text.mtime    0x00000000080105e4       0x10 ecm_src/src/time.o
                0x00000000080105e4                mtime
 .text.msleep   0x00000000080105f4       0x3c ecm_src/src/time.o
                0x00000000080105f4                msleep
 .text.stmr     0x0000000008010630       0x6c ecm_src/src/time.o
                0x0000000008010630                stmr
 .text.stmr_add
                0x000000000801069c       0x24 ecm_src/src/time.o
                0x000000000801069c                stmr_add
 .text.MX_USB_DEVICE_Init
                0x00000000080106c0       0x60 ecm_src/src/usb_device.o
                0x00000000080106c0                MX_USB_DEVICE_Init
 .text.HAL_PCD_MspInit
                0x0000000008010720       0x8c ecm_src/src/usbd_conf.o
                0x0000000008010720                HAL_PCD_MspInit
 .text.HAL_PCD_SetupStageCallback
                0x00000000080107ac       0x2a ecm_src/src/usbd_conf.o
                0x00000000080107ac                HAL_PCD_SetupStageCallback
 .text.HAL_PCD_DataOutStageCallback
                0x00000000080107d6       0x3a ecm_src/src/usbd_conf.o
                0x00000000080107d6                HAL_PCD_DataOutStageCallback
 .text.HAL_PCD_DataInStageCallback
                0x0000000008010810       0x36 ecm_src/src/usbd_conf.o
                0x0000000008010810                HAL_PCD_DataInStageCallback
 .text.HAL_PCD_SOFCallback
                0x0000000008010846       0x1e ecm_src/src/usbd_conf.o
                0x0000000008010846                HAL_PCD_SOFCallback
 .text.HAL_PCD_ResetCallback
                0x0000000008010864       0x2e ecm_src/src/usbd_conf.o
                0x0000000008010864                HAL_PCD_ResetCallback
 .text.HAL_PCD_SuspendCallback
                0x0000000008010892       0x10 ecm_src/src/usbd_conf.o
                0x0000000008010892                HAL_PCD_SuspendCallback
 .text.HAL_PCD_ResumeCallback
                0x00000000080108a2       0x10 ecm_src/src/usbd_conf.o
                0x00000000080108a2                HAL_PCD_ResumeCallback
 *fill*         0x00000000080108b2        0x2 
 .text.USBD_LL_Init
                0x00000000080108b4       0x98 ecm_src/src/usbd_conf.o
                0x00000000080108b4                USBD_LL_Init
 .text.USBD_LL_Start
                0x000000000801094c       0x20 ecm_src/src/usbd_conf.o
                0x000000000801094c                USBD_LL_Start
 .text.USBD_LL_OpenEP
                0x000000000801096c       0x44 ecm_src/src/usbd_conf.o
                0x000000000801096c                USBD_LL_OpenEP
 .text.USBD_LL_CloseEP
                0x00000000080109b0       0x2c ecm_src/src/usbd_conf.o
                0x00000000080109b0                USBD_LL_CloseEP
 .text.USBD_LL_StallEP
                0x00000000080109dc       0x2c ecm_src/src/usbd_conf.o
                0x00000000080109dc                USBD_LL_StallEP
 .text.USBD_LL_ClearStallEP
                0x0000000008010a08       0x2c ecm_src/src/usbd_conf.o
                0x0000000008010a08                USBD_LL_ClearStallEP
 .text.USBD_LL_IsStallEP
                0x0000000008010a34       0x56 ecm_src/src/usbd_conf.o
                0x0000000008010a34                USBD_LL_IsStallEP
 .text.USBD_LL_SetUSBAddress
                0x0000000008010a8a       0x2c ecm_src/src/usbd_conf.o
                0x0000000008010a8a                USBD_LL_SetUSBAddress
 .text.USBD_LL_Transmit
                0x0000000008010ab6       0x52 ecm_src/src/usbd_conf.o
                0x0000000008010ab6                USBD_LL_Transmit
 .text.USBD_LL_PrepareReceive
                0x0000000008010b08       0x52 ecm_src/src/usbd_conf.o
                0x0000000008010b08                USBD_LL_PrepareReceive
 .text.USBD_LL_GetRxDataSize
                0x0000000008010b5a       0x2c ecm_src/src/usbd_conf.o
                0x0000000008010b5a                USBD_LL_GetRxDataSize
 .text.USBD_Init
                0x0000000008010b86       0x62 ecm_src/src/usbd_core.o
                0x0000000008010b86                USBD_Init
 .text.USBD_RegisterClass
                0x0000000008010be8       0x42 ecm_src/src/usbd_core.o
                0x0000000008010be8                USBD_RegisterClass
 .text.USBD_Start
                0x0000000008010c2a       0x1a ecm_src/src/usbd_core.o
                0x0000000008010c2a                USBD_Start
 .text.USBD_SetClassConfig
                0x0000000008010c44       0x50 ecm_src/src/usbd_core.o
                0x0000000008010c44                USBD_SetClassConfig
 .text.USBD_ClrClassConfig
                0x0000000008010c94       0x2c ecm_src/src/usbd_core.o
                0x0000000008010c94                USBD_ClrClassConfig
 .text.USBD_LL_SetupStage
                0x0000000008010cc0       0xb8 ecm_src/src/usbd_core.o
                0x0000000008010cc0                USBD_LL_SetupStage
 .text.USBD_LL_DataOutStage
                0x0000000008010d78       0xd2 ecm_src/src/usbd_core.o
                0x0000000008010d78                USBD_LL_DataOutStage
 .text.USBD_LL_DataInStage
                0x0000000008010e4a      0x10e ecm_src/src/usbd_core.o
                0x0000000008010e4a                USBD_LL_DataInStage
 .text.USBD_LL_Reset
                0x0000000008010f58       0x66 ecm_src/src/usbd_core.o
                0x0000000008010f58                USBD_LL_Reset
 .text.USBD_LL_SetSpeed
                0x0000000008010fbe       0x20 ecm_src/src/usbd_core.o
                0x0000000008010fbe                USBD_LL_SetSpeed
 .text.USBD_LL_SOF
                0x0000000008010fde       0x3c ecm_src/src/usbd_core.o
                0x0000000008010fde                USBD_LL_SOF
 *fill*         0x000000000801101a        0x2 
 .text.USBD_StdDevReq
                0x000000000801101c       0xa8 ecm_src/src/usbd_ctlreq.o
                0x000000000801101c                USBD_StdDevReq
 .text.USBD_StdItfReq
                0x00000000080110c4       0x7e ecm_src/src/usbd_ctlreq.o
                0x00000000080110c4                USBD_StdItfReq
 .text.USBD_StdEPReq
                0x0000000008011142      0x208 ecm_src/src/usbd_ctlreq.o
                0x0000000008011142                USBD_StdEPReq
 .text.USBD_GetDescriptor
                0x000000000801134a      0x142 ecm_src/src/usbd_ctlreq.o
 .text.USBD_SetAddress
                0x000000000801148c       0x9c ecm_src/src/usbd_ctlreq.o
 .text.USBD_SetConfig
                0x0000000008011528      0x138 ecm_src/src/usbd_ctlreq.o
 .text.USBD_GetConfig
                0x0000000008011660       0x70 ecm_src/src/usbd_ctlreq.o
 .text.USBD_GetStatus
                0x00000000080116d0       0x5e ecm_src/src/usbd_ctlreq.o
 .text.USBD_SetFeature
                0x000000000801172e       0x3e ecm_src/src/usbd_ctlreq.o
 .text.USBD_ClrFeature
                0x000000000801176c       0x5e ecm_src/src/usbd_ctlreq.o
 .text.USBD_ParseSetupRequest
                0x00000000080117ca       0x76 ecm_src/src/usbd_ctlreq.o
                0x00000000080117ca                USBD_ParseSetupRequest
 .text.USBD_CtlError
                0x0000000008011840       0x26 ecm_src/src/usbd_ctlreq.o
                0x0000000008011840                USBD_CtlError
 .text.USBD_GetString
                0x0000000008011866       0xa0 ecm_src/src/usbd_ctlreq.o
                0x0000000008011866                USBD_GetString
 .text.USBD_GetLen
                0x0000000008011906       0x3a ecm_src/src/usbd_ctlreq.o
 .text.USBD_VCP_DeviceDescriptor
                0x0000000008011940       0x24 ecm_src/src/usbd_desc.o
 .text.USBD_VCP_LangIDStrDescriptor
                0x0000000008011964       0x24 ecm_src/src/usbd_desc.o
 .text.USBD_VCP_ProductStrDescriptor
                0x0000000008011988       0x2c ecm_src/src/usbd_desc.o
 .text.USBD_VCP_ManufacturerStrDescriptor
                0x00000000080119b4       0x2c ecm_src/src/usbd_desc.o
 .text.USBD_VCP_SerialStrDescriptor
                0x00000000080119e0       0x5c ecm_src/src/usbd_desc.o
 .text.IntToUnicode
                0x0000000008011a3c       0x94 ecm_src/src/usbd_desc.o
 .text.usb_ecm_recv_renew
                0x0000000008011ad0       0x48 ecm_src/src/usbd_ecm.o
                0x0000000008011ad0                usb_ecm_recv_renew
 .text.USBD_ECM_Init
                0x0000000008011b18       0x74 ecm_src/src/usbd_ecm.o
 .text.USBD_ECM_DeInit
                0x0000000008011b8c       0x4c ecm_src/src/usbd_ecm.o
 .text.USBD_ECM_Setup
                0x0000000008011bd8       0x34 ecm_src/src/usbd_ecm.o
 .text.ecm_incoming_attempt
                0x0000000008011c0c       0x70 ecm_src/src/usbd_ecm.o
 .text.USBD_ECM_DataIn
                0x0000000008011c7c       0x4c ecm_src/src/usbd_ecm.o
 .text.USBD_ECM_DataOut
                0x0000000008011cc8       0x70 ecm_src/src/usbd_ecm.o
 .text.USBD_ECM_SOF
                0x0000000008011d38       0x60 ecm_src/src/usbd_ecm.o
 .text.USBD_ECM_EP0_RxReady
                0x0000000008011d98       0x12 ecm_src/src/usbd_ecm.o
 *fill*         0x0000000008011daa        0x2 
 .text.USBD_ECM_GetFSCfgDesc
                0x0000000008011dac       0x24 ecm_src/src/usbd_ecm.o
 .text.USBD_ECM_RegisterInterface
                0x0000000008011dd0       0x12 ecm_src/src/usbd_ecm.o
                0x0000000008011dd0                USBD_ECM_RegisterInterface
 .text.USBD_ECM_PMAConfig
                0x0000000008011de2       0x60 ecm_src/src/usbd_ecm.o
                0x0000000008011de2                USBD_ECM_PMAConfig
 *fill*         0x0000000008011e42        0x2 
 .text.usb_ecm_can_xmit
                0x0000000008011e44       0x24 ecm_src/src/usbd_ecm.o
                0x0000000008011e44                usb_ecm_can_xmit
 .text.usb_ecm_xmit_packet
                0x0000000008011e68       0xa0 ecm_src/src/usbd_ecm.o
                0x0000000008011e68                usb_ecm_xmit_packet
 .text.USBD_CtlSendData
                0x0000000008011f08       0x40 ecm_src/src/usbd_ioreq.o
                0x0000000008011f08                USBD_CtlSendData
 .text.USBD_CtlContinueSendData
                0x0000000008011f48       0x26 ecm_src/src/usbd_ioreq.o
                0x0000000008011f48                USBD_CtlContinueSendData
 .text.USBD_CtlContinueRx
                0x0000000008011f6e       0x26 ecm_src/src/usbd_ioreq.o
                0x0000000008011f6e                USBD_CtlContinueRx
 .text.USBD_CtlSendStatus
                0x0000000008011f94       0x28 ecm_src/src/usbd_ioreq.o
                0x0000000008011f94                USBD_CtlSendStatus
 .text.USBD_CtlReceiveStatus
                0x0000000008011fbc       0x28 ecm_src/src/usbd_ioreq.o
                0x0000000008011fbc                USBD_CtlReceiveStatus
 .text.__errno  0x0000000008011fe4        0xc c:/st/stm32cubeide_1.3.0/stm32cubeide/plugins/com.st.stm32cube.ide.mcu.externaltools.gnu-tools-for-stm32.7-2018-q2-update.win32_1.0.0.201904181610/tools/bin/../lib/gcc/arm-none-eabi/7.3.1/../../../../arm-none-eabi/lib/thumb/v6-m\libc_nano.a(lib_a-errno.o)
                0x0000000008011fe4                __errno
 .text.__libc_init_array
                0x0000000008011ff0       0x48 c:/st/stm32cubeide_1.3.0/stm32cubeide/plugins/com.st.stm32cube.ide.mcu.externaltools.gnu-tools-for-stm32.7-2018-q2-update.win32_1.0.0.201904181610/tools/bin/../lib/gcc/arm-none-eabi/7.3.1/../../../../arm-none-eabi/lib/thumb/v6-m\libc_nano.a(lib_a-init.o)
                0x0000000008011ff0                __libc_init_array
 .text.memcmp   0x0000000008012038       0x1e c:/st/stm32cubeide_1.3.0/stm32cubeide/plugins/com.st.stm32cube.ide.mcu.externaltools.gnu-tools-for-stm32.7-2018-q2-update.win32_1.0.0.201904181610/tools/bin/../lib/gcc/arm-none-eabi/7.3.1/../../../../arm-none-eabi/lib/thumb/v6-m\libc_nano.a(lib_a-memcmp.o)
                0x0000000008012038                memcmp
 .text.memcpy   0x0000000008012056       0x12 c:/st/stm32cubeide_1.3.0/stm32cubeide/plugins/com.st.stm32cube.ide.mcu.externaltools.gnu-tools-for-stm32.7-2018-q2-update.win32_1.0.0.201904181610/tools/bin/../lib/gcc/arm-none-eabi/7.3.1/../../../../arm-none-eabi/lib/thumb/v6-m\libc_nano.a(lib_a-memcpy-stub.o)
                0x0000000008012056                memcpy
 .text.memset   0x0000000008012068       0x10 c:/st/stm32cubeide_1.3.0/stm32cubeide/plugins/com.st.stm32cube.ide.mcu.externaltools.gnu-tools-for-stm32.7-2018-q2-update.win32_1.0.0.201904181610/tools/bin/../lib/gcc/arm-none-eabi/7.3.1/../../../../arm-none-eabi/lib/thumb/v6-m\libc_nano.a(lib_a-memset.o)
                0x0000000008012068                memset
 .text.snprintf
                0x0000000008012078       0x64 c:/st/stm32cubeide_1.3.0/stm32cubeide/plugins/com.st.stm32cube.ide.mcu.externaltools.gnu-tools-for-stm32.7-2018-q2-update.win32_1.0.0.201904181610/tools/bin/../lib/gcc/arm-none-eabi/7.3.1/../../../../arm-none-eabi/lib/thumb/v6-m\libc_nano.a(lib_a-snprintf.o)
                0x0000000008012078                sniprintf
                0x0000000008012078                snprintf
 .text.strchr   0x00000000080120dc       0x1c c:/st/stm32cubeide_1.3.0/stm32cubeide/plugins/com.st.stm32cube.ide.mcu.externaltools.gnu-tools-for-stm32.7-2018-q2-update.win32_1.0.0.201904181610/tools/bin/../lib/gcc/arm-none-eabi/7.3.1/../../../../arm-none-eabi/lib/thumb/v6-m\libc_nano.a(lib_a-strchr.o)
                0x00000000080120dc                strchr
 .text.strncmp  0x00000000080120f8       0x22 c:/st/stm32cubeide_1.3.0/stm32cubeide/plugins/com.st.stm32cube.ide.mcu.externaltools.gnu-tools-for-stm32.7-2018-q2-update.win32_1.0.0.201904181610/tools/bin/../lib/gcc/arm-none-eabi/7.3.1/../../../../arm-none-eabi/lib/thumb/v6-m\libc_nano.a(lib_a-strncmp.o)
                0x00000000080120f8                strncmp
 .text.strstr   0x000000000801211a       0x32 c:/st/stm32cubeide_1.3.0/stm32cubeide/plugins/com.st.stm32cube.ide.mcu.externaltools.gnu-tools-for-stm32.7-2018-q2-update.win32_1.0.0.201904181610/tools/bin/../lib/gcc/arm-none-eabi/7.3.1/../../../../arm-none-eabi/lib/thumb/v6-m\libc_nano.a(lib_a-strstr.o)
                0x000000000801211a                strstr
 .text.__ssputs_r
                0x000000000801214c       0xc4 c:/st/stm32cubeide_1.3.0/stm32cubeide/plugins/com.st.stm32cube.ide.mcu.externaltools.gnu-tools-for-stm32.7-2018-q2-update.win32_1.0.0.201904181610/tools/bin/../lib/gcc/arm-none-eabi/7.3.1/../../../../arm-none-eabi/lib/thumb/v6-m\libc_nano.a(lib_a-nano-svfprintf.o)
                0x000000000801214c                __ssputs_r
 .text._svfprintf_r
                0x0000000008012210      0x1fc c:/st/stm32cubeide_1.3.0/stm32cubeide/plugins/com.st.stm32cube.ide.mcu.externaltools.gnu-tools-for-stm32.7-2018-q2-update.win32_1.0.0.201904181610/tools/bin/../lib/gcc/arm-none-eabi/7.3.1/../../../../arm-none-eabi/lib/thumb/v6-m\libc_nano.a(lib_a-nano-svfprintf.o)
                0x0000000008012210                _svfiprintf_r
                0x0000000008012210                _svfprintf_r
 .text._printf_common
                0x000000000801240c       0xda c:/st/stm32cubeide_1.3.0/stm32cubeide/plugins/com.st.stm32cube.ide.mcu.externaltools.gnu-tools-for-stm32.7-2018-q2-update.win32_1.0.0.201904181610/tools/bin/../lib/gcc/arm-none-eabi/7.3.1/../../../../arm-none-eabi/lib/thumb/v6-m\libc_nano.a(lib_a-nano-vfprintf_i.o)
                0x000000000801240c                _printf_common
 *fill*         0x00000000080124e6        0x2 
 .text._printf_i
                0x00000000080124e8      0x210 c:/st/stm32cubeide_1.3.0/stm32cubeide/plugins/com.st.stm32cube.ide.mcu.externaltools.gnu-tools-for-stm32.7-2018-q2-update.win32_1.0.0.201904181610/tools/bin/../lib/gcc/arm-none-eabi/7.3.1/../../../../arm-none-eabi/lib/thumb/v6-m\libc_nano.a(lib_a-nano-vfprintf_i.o)
                0x00000000080124e8                _printf_i
 .text.memchr   0x00000000080126f8       0x16 c:/st/stm32cubeide_1.3.0/stm32cubeide/plugins/com.st.stm32cube.ide.mcu.externaltools.gnu-tools-for-stm32.7-2018-q2-update.win32_1.0.0.201904181610/tools/bin/../lib/gcc/arm-none-eabi/7.3.1/../../../../arm-none-eabi/lib/thumb/v6-m\libc_nano.a(lib_a-memchr-stub.o)
                0x00000000080126f8                memchr
 .text.memmove  0x000000000801270e       0x26 c:/st/stm32cubeide_1.3.0/stm32cubeide/plugins/com.st.stm32cube.ide.mcu.externaltools.gnu-tools-for-stm32.7-2018-q2-update.win32_1.0.0.201904181610/tools/bin/../lib/gcc/arm-none-eabi/7.3.1/../../../../arm-none-eabi/lib/thumb/v6-m\libc_nano.a(lib_a-memmove.o)
                0x000000000801270e                memmove
 .text._free_r  0x0000000008012734       0x94 c:/st/stm32cubeide_1.3.0/stm32cubeide/plugins/com.st.stm32cube.ide.mcu.externaltools.gnu-tools-for-stm32.7-2018-q2-update.win32_1.0.0.201904181610/tools/bin/../lib/gcc/arm-none-eabi/7.3.1/../../../../arm-none-eabi/lib/thumb/v6-m\libc_nano.a(lib_a-nano-freer.o)
                0x0000000008012734                _free_r
 .text._malloc_r
                0x00000000080127c8       0xbc c:/st/stm32cubeide_1.3.0/stm32cubeide/plugins/com.st.stm32cube.ide.mcu.externaltools.gnu-tools-for-stm32.7-2018-q2-update.win32_1.0.0.201904181610/tools/bin/../lib/gcc/arm-none-eabi/7.3.1/../../../../arm-none-eabi/lib/thumb/v6-m\libc_nano.a(lib_a-nano-mallocr.o)
                0x00000000080127c8                _malloc_r
 .text._realloc_r
                0x0000000008012884       0x4c c:/st/stm32cubeide_1.3.0/stm32cubeide/plugins/com.st.stm32cube.ide.mcu.externaltools.gnu-tools-for-stm32.7-2018-q2-update.win32_1.0.0.201904181610/tools/bin/../lib/gcc/arm-none-eabi/7.3.1/../../../../arm-none-eabi/lib/thumb/v6-m\libc_nano.a(lib_a-nano-reallocr.o)
                0x0000000008012884                _realloc_r
 .text._sbrk_r  0x00000000080128d0       0x24 c:/st/stm32cubeide_1.3.0/stm32cubeide/plugins/com.st.stm32cube.ide.mcu.externaltools.gnu-tools-for-stm32.7-2018-q2-update.win32_1.0.0.201904181610/tools/bin/../lib/gcc/arm-none-eabi/7.3.1/../../../../arm-none-eabi/lib/thumb/v6-m\libc_nano.a(lib_a-sbrkr.o)
                0x00000000080128d0                _sbrk_r
 .text.__malloc_lock
                0x00000000080128f4        0x2 c:/st/stm32cubeide_1.3.0/stm32cubeide/plugins/com.st.stm32cube.ide.mcu.externaltools.gnu-tools-for-stm32.7-2018-q2-update.win32_1.0.0.201904181610/tools/bin/../lib/gcc/arm-none-eabi/7.3.1/../../../../arm-none-eabi/lib/thumb/v6-m\libc_nano.a(lib_a-mlock.o)
                0x00000000080128f4                __malloc_lock
 .text.__malloc_unlock
                0x00000000080128f6        0x2 c:/st/stm32cubeide_1.3.0/stm32cubeide/plugins/com.st.stm32cube.ide.mcu.externaltools.gnu-tools-for-stm32.7-2018-q2-update.win32_1.0.0.201904181610/tools/bin/../lib/gcc/arm-none-eabi/7.3.1/../../../../arm-none-eabi/lib/thumb/v6-m\libc_nano.a(lib_a-mlock.o)
                0x00000000080128f6                __malloc_unlock
 .text._malloc_usable_size_r
                0x00000000080128f8       0x10 c:/st/stm32cubeide_1.3.0/stm32cubeide/plugins/com.st.stm32cube.ide.mcu.externaltools.gnu-tools-for-stm32.7-2018-q2-update.win32_1.0.0.201904181610/tools/bin/../lib/gcc/arm-none-eabi/7.3.1/../../../../arm-none-eabi/lib/thumb/v6-m\libc_nano.a(lib_a-nano-msizer.o)
                0x00000000080128f8                _malloc_usable_size_r
 *(.glue_7)
 .glue_7        0x0000000008012908        0x0 linker stubs
 *(.glue_7t)
 .glue_7t       0x0000000008012908        0x0 linker stubs
 *(.eh_frame)
 .eh_frame      0x0000000008012908        0x0 c:/st/stm32cubeide_1.3.0/stm32cubeide/plugins/com.st.stm32cube.ide.mcu.externaltools.gnu-tools-for-stm32.7-2018-q2-update.win32_1.0.0.201904181610/tools/bin/../lib/gcc/arm-none-eabi/7.3.1/thumb/v6-m/crtbegin.o
 *(.init)
 .init          0x0000000008012908        0x4 c:/st/stm32cubeide_1.3.0/stm32cubeide/plugins/com.st.stm32cube.ide.mcu.externaltools.gnu-tools-for-stm32.7-2018-q2-update.win32_1.0.0.201904181610/tools/bin/../lib/gcc/arm-none-eabi/7.3.1/thumb/v6-m/crti.o
                0x0000000008012908                _init
 .init          0x000000000801290c        0x8 c:/st/stm32cubeide_1.3.0/stm32cubeide/plugins/com.st.stm32cube.ide.mcu.externaltools.gnu-tools-for-stm32.7-2018-q2-update.win32_1.0.0.201904181610/tools/bin/../lib/gcc/arm-none-eabi/7.3.1/thumb/v6-m/crtn.o
 *(.fini)
 .fini          0x0000000008012914        0x4 c:/st/stm32cubeide_1.3.0/stm32cubeide/plugins/com.st.stm32cube.ide.mcu.externaltools.gnu-tools-for-stm32.7-2018-q2-update.win32_1.0.0.201904181610/tools/bin/../lib/gcc/arm-none-eabi/7.3.1/thumb/v6-m/crti.o
                0x0000000008012914                _fini
 .fini          0x0000000008012918        0x8 c:/st/stm32cubeide_1.3.0/stm32cubeide/plugins/com.st.stm32cube.ide.mcu.externaltools.gnu-tools-for-stm32.7-2018-q2-update.win32_1.0.0.201904181610/tools/bin/../lib/gcc/arm-none-eabi/7.3.1/thumb/v6-m/crtn.o
                0x0000000008012920                . = ALIGN (0x4)
                0x0000000008012920                _etext = .

.vfp11_veneer   0x0000000008012920        0x0
 .vfp11_veneer  0x0000000008012920        0x0 linker stubs

.v4_bx          0x0000000008012920        0x0
 .v4_bx         0x0000000008012920        0x0 linker stubs

.iplt           0x0000000008012920        0x0
 .iplt          0x0000000008012920        0x0 c:/st/stm32cubeide_1.3.0/stm32cubeide/plugins/com.st.stm32cube.ide.mcu.externaltools.gnu-tools-for-stm32.7-2018-q2-update.win32_1.0.0.201904181610/tools/bin/../lib/gcc/arm-none-eabi/7.3.1/thumb/v6-m/crtbegin.o

.rodata         0x0000000008012920     0xa254
                0x0000000008012920                . = ALIGN (0x4)
 *(.rodata)
 .rodata        0x0000000008012920       0x20 Drivers/STM32F0xx_HAL_Driver/Src/stm32f0xx_hal_rcc.o
 .rodata        0x0000000008012940        0x6 ecm_src/dhcp-server/dhserver.o
 *fill*         0x0000000008012946        0x2 
 .rodata        0x0000000008012948       0xc1 ecm_src/lwip-1.4.1/apps/httpserver_raw/httpd.o
 *fill*         0x0000000008012a09        0x3 
 .rodata        0x0000000008012a0c       0x6f ecm_src/src/ecm_main.o
 *fill*         0x0000000008012a7b        0x1 
 .rodata        0x0000000008012a7c        0x9 ecm_src/src/usbd_desc.o
 *(.rodata*)
 *fill*         0x0000000008012a85        0x3 
 .rodata.AHBPrescTable
                0x0000000008012a88       0x10 Core/Src/system_stm32f0xx.o
                0x0000000008012a88                AHBPrescTable
 .rodata.data__img_toaster_svg
                0x0000000008012a98     0x3011 ecm_src/lwip-1.4.1/apps/httpserver_raw/fs.o
 *fill*         0x0000000008015aa9        0x3 
 .rodata.data__404_html
                0x0000000008015aac       0xfa ecm_src/lwip-1.4.1/apps/httpserver_raw/fs.o
 *fill*         0x0000000008015ba6        0x2 
 .rodata.data__index_html
                0x0000000008015ba8      0x975 ecm_src/lwip-1.4.1/apps/httpserver_raw/fs.o
 *fill*         0x000000000801651d        0x3 
 .rodata.data__state_shtml
                0x0000000008016520      0x124 ecm_src/lwip-1.4.1/apps/httpserver_raw/fs.o
 .rodata.data__zepto_min_js
                0x0000000008016644     0x62bc ecm_src/lwip-1.4.1/apps/httpserver_raw/fs.o
 .rodata.file__img_toaster_svg
                0x000000000801c900       0x14 ecm_src/lwip-1.4.1/apps/httpserver_raw/fs.o
                0x000000000801c900                file__img_toaster_svg
 .rodata.file__404_html
                0x000000000801c914       0x14 ecm_src/lwip-1.4.1/apps/httpserver_raw/fs.o
                0x000000000801c914                file__404_html
 .rodata.file__index_html
                0x000000000801c928       0x14 ecm_src/lwip-1.4.1/apps/httpserver_raw/fs.o
                0x000000000801c928                file__index_html
 .rodata.file__state_shtml
                0x000000000801c93c       0x14 ecm_src/lwip-1.4.1/apps/httpserver_raw/fs.o
                0x000000000801c93c                file__state_shtml
 .rodata.file__zepto_min_js
                0x000000000801c950       0x14 ecm_src/lwip-1.4.1/apps/httpserver_raw/fs.o
                0x000000000801c950                file__zepto_min_js
 .rodata.g_pcSSIExtensions
                0x000000000801c964       0x10 ecm_src/lwip-1.4.1/apps/httpserver_raw/httpd.o
 .rodata.g_psDefaultFilenames
                0x000000000801c974       0x28 ecm_src/lwip-1.4.1/apps/httpserver_raw/httpd.o
                0x000000000801c974                g_psDefaultFilenames
 .rodata.http_send_data_ssi
                0x000000000801c99c       0x14 ecm_src/lwip-1.4.1/apps/httpserver_raw/httpd.o
 .rodata.memp_sizes
                0x000000000801c9b0       0x14 ecm_src/lwip-1.4.1/src/core/memp.o
 .rodata.memp_num
                0x000000000801c9c4       0x14 ecm_src/lwip-1.4.1/src/core/memp.o
 .rodata.tcp_backoff
                0x000000000801c9d8        0xd ecm_src/lwip-1.4.1/src/core/tcp.o
                0x000000000801c9d8                tcp_backoff
 *fill*         0x000000000801c9e5        0x3 
 .rodata.tcp_persist_backoff
                0x000000000801c9e8        0x7 ecm_src/lwip-1.4.1/src/core/tcp.o
                0x000000000801c9e8                tcp_persist_backoff
 *fill*         0x000000000801c9ef        0x1 
 .rodata.tcp_pcb_lists
                0x000000000801c9f0       0x10 ecm_src/lwip-1.4.1/src/core/tcp.o
                0x000000000801c9f0                tcp_pcb_lists
 .rodata.tcp_close_shutdown
                0x000000000801ca00       0x20 ecm_src/lwip-1.4.1/src/core/tcp.o
 .rodata.tcp_process
                0x000000000801ca20       0x28 ecm_src/lwip-1.4.1/src/core/tcp_in.o
 .rodata.ip_addr_any
                0x000000000801ca48        0x4 ecm_src/lwip-1.4.1/src/core/ipv4/ip_addr.o
                0x000000000801ca48                ip_addr_any
 .rodata.ip_addr_broadcast
                0x000000000801ca4c        0x4 ecm_src/lwip-1.4.1/src/core/ipv4/ip_addr.o
                0x000000000801ca4c                ip_addr_broadcast
 .rodata.ethbroadcast
                0x000000000801ca50        0x6 ecm_src/lwip-1.4.1/src/netif/etharp.o
                0x000000000801ca50                ethbroadcast
 *fill*         0x000000000801ca56        0x2 
 .rodata.ethzero
                0x000000000801ca58        0x6 ecm_src/lwip-1.4.1/src/netif/etharp.o
                0x000000000801ca58                ethzero
 *fill*         0x000000000801ca5e        0x2 
 .rodata.cgi_uri_table
                0x000000000801ca60       0x10 ecm_src/src/ecm_main.o
 .rodata.USBD_StdDevReq
                0x000000000801ca70       0x28 ecm_src/src/usbd_ctlreq.o
 .rodata.VCP_Desc
                0x000000000801ca98       0x14 ecm_src/src/usbd_desc.o
                0x000000000801ca98                VCP_Desc
 .rodata.hUSBDDeviceDesc
                0x000000000801caac       0x12 ecm_src/src/usbd_desc.o
 *fill*         0x000000000801cabe        0x2 
 .rodata.USBD_ECM_CfgFSDesc
                0x000000000801cac0       0x47 ecm_src/src/usbd_desc.o
 *fill*         0x000000000801cb07        0x1 
 .rodata.USBD_CfgFSDesc_pnt
                0x000000000801cb08        0x4 ecm_src/src/usbd_desc.o
                0x000000000801cb08                USBD_CfgFSDesc_pnt
 .rodata.USBD_CfgFSDesc_len
                0x000000000801cb0c        0x2 ecm_src/src/usbd_desc.o
                0x000000000801cb0c                USBD_CfgFSDesc_len
 *fill*         0x000000000801cb0e        0x2 
 .rodata.USBD_LangIDDesc
                0x000000000801cb10        0x4 ecm_src/src/usbd_desc.o
 .rodata.USBD_ECM
                0x000000000801cb14       0x2c ecm_src/src/usbd_ecm.o
                0x000000000801cb14                USBD_ECM
 .rodata._svfprintf_r.str1.1
                0x000000000801cb40       0x11 c:/st/stm32cubeide_1.3.0/stm32cubeide/plugins/com.st.stm32cube.ide.mcu.externaltools.gnu-tools-for-stm32.7-2018-q2-update.win32_1.0.0.201904181610/tools/bin/../lib/gcc/arm-none-eabi/7.3.1/../../../../arm-none-eabi/lib/thumb/v6-m\libc_nano.a(lib_a-nano-svfprintf.o)
 .rodata._printf_i.str1.1
                0x000000000801cb51       0x22 c:/st/stm32cubeide_1.3.0/stm32cubeide/plugins/com.st.stm32cube.ide.mcu.externaltools.gnu-tools-for-stm32.7-2018-q2-update.win32_1.0.0.201904181610/tools/bin/../lib/gcc/arm-none-eabi/7.3.1/../../../../arm-none-eabi/lib/thumb/v6-m\libc_nano.a(lib_a-nano-vfprintf_i.o)
                0x000000000801cb74                . = ALIGN (0x4)
 *fill*         0x000000000801cb73        0x1 

.rel.dyn        0x000000000801cb74        0x0
 .rel.iplt      0x000000000801cb74        0x0 c:/st/stm32cubeide_1.3.0/stm32cubeide/plugins/com.st.stm32cube.ide.mcu.externaltools.gnu-tools-for-stm32.7-2018-q2-update.win32_1.0.0.201904181610/tools/bin/../lib/gcc/arm-none-eabi/7.3.1/thumb/v6-m/crtbegin.o

.ARM.extab      0x000000000801cb74        0x0
                0x000000000801cb74                . = ALIGN (0x4)
 *(.ARM.extab* .gnu.linkonce.armextab.*)
                0x000000000801cb74                . = ALIGN (0x4)

.ARM            0x000000000801cb74        0x0
                0x000000000801cb74                . = ALIGN (0x4)
                0x000000000801cb74                __exidx_start = .
 *(.ARM.exidx*)
                0x000000000801cb74                __exidx_end = .
                0x000000000801cb74                . = ALIGN (0x4)

.preinit_array  0x000000000801cb74        0x0
                0x000000000801cb74                . = ALIGN (0x4)
                0x000000000801cb74                PROVIDE (__preinit_array_start = .)
 *(.preinit_array*)
                0x000000000801cb74                PROVIDE (__preinit_array_end = .)
                0x000000000801cb74                . = ALIGN (0x4)

.init_array     0x000000000801cb74        0x4
                0x000000000801cb74                . = ALIGN (0x4)
                0x000000000801cb74                PROVIDE (__init_array_start = .)
 *(SORT_BY_NAME(.init_array.*))
 *(.init_array*)
 .init_array    0x000000000801cb74        0x4 c:/st/stm32cubeide_1.3.0/stm32cubeide/plugins/com.st.stm32cube.ide.mcu.externaltools.gnu-tools-for-stm32.7-2018-q2-update.win32_1.0.0.201904181610/tools/bin/../lib/gcc/arm-none-eabi/7.3.1/thumb/v6-m/crtbegin.o
                0x000000000801cb78                PROVIDE (__init_array_end = .)
                0x000000000801cb78                . = ALIGN (0x4)

.fini_array     0x000000000801cb78        0x4
                0x000000000801cb78                . = ALIGN (0x4)
                [!provide]                        PROVIDE (__fini_array_start = .)
 *(SORT_BY_NAME(.fini_array.*))
 *(.fini_array*)
 .fini_array    0x000000000801cb78        0x4 c:/st/stm32cubeide_1.3.0/stm32cubeide/plugins/com.st.stm32cube.ide.mcu.externaltools.gnu-tools-for-stm32.7-2018-q2-update.win32_1.0.0.201904181610/tools/bin/../lib/gcc/arm-none-eabi/7.3.1/thumb/v6-m/crtbegin.o
                [!provide]                        PROVIDE (__fini_array_end = .)
                0x000000000801cb7c                . = ALIGN (0x4)
                0x000000000801cb7c                _sidata = LOADADDR (.data)

.data           0x0000000020000000      0x114 load address 0x000000000801cb7c
                0x0000000020000000                . = ALIGN (0x4)
                0x0000000020000000                _sdata = .
 *(.data)
 *(.data*)
 .data.SystemCoreClock
                0x0000000020000000        0x4 Core/Src/system_stm32f0xx.o
                0x0000000020000000                SystemCoreClock
 .data.uwTickPrio
                0x0000000020000004        0x4 Drivers/STM32F0xx_HAL_Driver/Src/stm32f0xx_hal.o
                0x0000000020000004                uwTickPrio
 .data.uwTickFreq
                0x0000000020000008        0x1 Drivers/STM32F0xx_HAL_Driver/Src/stm32f0xx_hal.o
                0x0000000020000008                uwTickFreq
 *fill*         0x0000000020000009        0x3 
 .data.magic_cookie
                0x000000002000000c        0x4 ecm_src/dhcp-server/dhserver.o
                0x000000002000000c                magic_cookie
 .data.tcp_port
                0x0000000020000010        0x2 ecm_src/lwip-1.4.1/src/core/tcp.o
 *fill*         0x0000000020000012        0x2 
 .data.iss.5439
                0x0000000020000014        0x4 ecm_src/lwip-1.4.1/src/core/tcp.o
 .data.udp_port
                0x0000000020000018        0x2 ecm_src/lwip-1.4.1/src/core/udp.o
 *fill*         0x000000002000001a        0x2 
 .data.hwaddr   0x000000002000001c        0x6 ecm_src/src/ecm_main.o
 *fill*         0x0000000020000022        0x2 
 .data.ipaddr   0x0000000020000024        0x4 ecm_src/src/ecm_main.o
 .data.netmask  0x0000000020000028        0x4 ecm_src/src/ecm_main.o
 .data.entries  0x000000002000002c       0x3c ecm_src/src/ecm_main.o
 .data.dhcp_config
                0x0000000020000068       0x18 ecm_src/src/ecm_main.o
 .data.tcp_timer
                0x0000000020000080       0x18 ecm_src/src/ecm_main.o
 .data.ssi_tags_table
                0x0000000020000098       0x10 ecm_src/src/ecm_main.o
 .data.notify   0x00000000200000a8        0x8 ecm_src/src/usbd_ecm.o
 .data._impure_ptr
                0x00000000200000b0        0x4 c:/st/stm32cubeide_1.3.0/stm32cubeide/plugins/com.st.stm32cube.ide.mcu.externaltools.gnu-tools-for-stm32.7-2018-q2-update.win32_1.0.0.201904181610/tools/bin/../lib/gcc/arm-none-eabi/7.3.1/../../../../arm-none-eabi/lib/thumb/v6-m\libc_nano.a(lib_a-impure.o)
                0x00000000200000b0                _impure_ptr
 .data.impure_data
                0x00000000200000b4       0x60 c:/st/stm32cubeide_1.3.0/stm32cubeide/plugins/com.st.stm32cube.ide.mcu.externaltools.gnu-tools-for-stm32.7-2018-q2-update.win32_1.0.0.201904181610/tools/bin/../lib/gcc/arm-none-eabi/7.3.1/../../../../arm-none-eabi/lib/thumb/v6-m\libc_nano.a(lib_a-impure.o)
                0x0000000020000114                . = ALIGN (0x4)
                0x0000000020000114                _edata = .

.igot.plt       0x0000000020000114        0x0 load address 0x000000000801cc90
 .igot.plt      0x0000000020000114        0x0 c:/st/stm32cubeide_1.3.0/stm32cubeide/plugins/com.st.stm32cube.ide.mcu.externaltools.gnu-tools-for-stm32.7-2018-q2-update.win32_1.0.0.201904181610/tools/bin/../lib/gcc/arm-none-eabi/7.3.1/thumb/v6-m/crtbegin.o
                0x0000000020000114                . = ALIGN (0x4)

.bss            0x0000000020000114     0x38dc load address 0x000000000801cc90
                0x0000000020000114                _sbss = .
                0x0000000020000114                __bss_start__ = _sbss
 *(.bss)
 .bss           0x0000000020000114       0x1c c:/st/stm32cubeide_1.3.0/stm32cubeide/plugins/com.st.stm32cube.ide.mcu.externaltools.gnu-tools-for-stm32.7-2018-q2-update.win32_1.0.0.201904181610/tools/bin/../lib/gcc/arm-none-eabi/7.3.1/thumb/v6-m/crtbegin.o
 *(.bss*)
 .bss.heap_end.5149
                0x0000000020000130        0x4 Core/Src/sysmem.o
 .bss.pcb       0x0000000020000134        0x4 ecm_src/dhcp-server/dhserver.o
 .bss.config    0x0000000020000138        0x4 ecm_src/dhcp-server/dhserver.o
 .bss.pcb       0x000000002000013c        0x4 ecm_src/dns-server/dnserver.o
 .bss.query_proc
                0x0000000020000140        0x4 ecm_src/dns-server/dnserver.o
                0x0000000020000140                query_proc
 .bss.query.5774
                0x0000000020000144       0x84 ecm_src/dns-server/dnserver.o
 .bss.httpd_req_buf
                0x00000000200001c8      0x400 ecm_src/lwip-1.4.1/apps/httpserver_raw/httpd.o
 .bss.g_pfnSSIHandler
                0x00000000200005c8        0x4 ecm_src/lwip-1.4.1/apps/httpserver_raw/httpd.o
                0x00000000200005c8                g_pfnSSIHandler
 .bss.g_iNumTags
                0x00000000200005cc        0x4 ecm_src/lwip-1.4.1/apps/httpserver_raw/httpd.o
                0x00000000200005cc                g_iNumTags
 .bss.g_ppcTags
                0x00000000200005d0        0x4 ecm_src/lwip-1.4.1/apps/httpserver_raw/httpd.o
                0x00000000200005d0                g_ppcTags
 .bss.ram       0x00000000200005d4        0x4 ecm_src/lwip-1.4.1/src/core/mem.o
 .bss.ram_end   0x00000000200005d8        0x4 ecm_src/lwip-1.4.1/src/core/mem.o
 .bss.lfree     0x00000000200005dc        0x4 ecm_src/lwip-1.4.1/src/core/mem.o
 .bss.memp_tab  0x00000000200005e0       0x28 ecm_src/lwip-1.4.1/src/core/memp.o
 .bss.memp_memory
                0x0000000020000608     0x20f3 ecm_src/lwip-1.4.1/src/core/memp.o
 .bss.netif_num
                0x00000000200026fb        0x1 ecm_src/lwip-1.4.1/src/core/netif.o
 .bss.raw_pcbs  0x00000000200026fc        0x4 ecm_src/lwip-1.4.1/src/core/raw.o
 .bss.tcp_timer
                0x0000000020002700        0x1 ecm_src/lwip-1.4.1/src/core/tcp.o
 .bss.tcp_timer_ctr
                0x0000000020002701        0x1 ecm_src/lwip-1.4.1/src/core/tcp.o
 *fill*         0x0000000020002702        0x2 
 .bss.inseg     0x0000000020002704       0x10 ecm_src/lwip-1.4.1/src/core/tcp_in.o
 .bss.tcphdr    0x0000000020002714        0x4 ecm_src/lwip-1.4.1/src/core/tcp_in.o
 .bss.iphdr     0x0000000020002718        0x4 ecm_src/lwip-1.4.1/src/core/tcp_in.o
 .bss.seqno     0x000000002000271c        0x4 ecm_src/lwip-1.4.1/src/core/tcp_in.o
 .bss.ackno     0x0000000020002720        0x4 ecm_src/lwip-1.4.1/src/core/tcp_in.o
 .bss.flags     0x0000000020002724        0x1 ecm_src/lwip-1.4.1/src/core/tcp_in.o
 *fill*         0x0000000020002725        0x1 
 .bss.tcplen    0x0000000020002726        0x2 ecm_src/lwip-1.4.1/src/core/tcp_in.o
 .bss.recv_flags
                0x0000000020002728        0x1 ecm_src/lwip-1.4.1/src/core/tcp_in.o
 *fill*         0x0000000020002729        0x3 
 .bss.recv_data
                0x000000002000272c        0x4 ecm_src/lwip-1.4.1/src/core/tcp_in.o
 .bss.next_timeout
                0x0000000020002730        0x4 ecm_src/lwip-1.4.1/src/core/timers.o
 .bss.timeouts_last_time
                0x0000000020002734        0x4 ecm_src/lwip-1.4.1/src/core/timers.o
 .bss.tcpip_tcp_timer_active
                0x0000000020002738        0x4 ecm_src/lwip-1.4.1/src/core/timers.o
 .bss.ip_id     0x000000002000273c        0x2 ecm_src/lwip-1.4.1/src/core/ipv4/ip.o
 *fill*         0x000000002000273e        0x2 
 .bss.reassdatagrams
                0x0000000020002740        0x4 ecm_src/lwip-1.4.1/src/core/ipv4/ip_frag.o
 .bss.ip_reass_pbufcount
                0x0000000020002744        0x2 ecm_src/lwip-1.4.1/src/core/ipv4/ip_frag.o
 *fill*         0x0000000020002746        0x2 
 .bss.arp_table
                0x0000000020002748       0xc8 ecm_src/lwip-1.4.1/src/netif/etharp.o
 .bss.etharp_cached_entry
                0x0000000020002810        0x1 ecm_src/lwip-1.4.1/src/netif/etharp.o
 *fill*         0x0000000020002811        0x3 
 .bss.netif_data
                0x0000000020002814       0x30 ecm_src/src/ecm_main.o
 .bss.gateway   0x0000000020002844        0x4 ecm_src/src/ecm_main.o
 .bss.received_frame
                0x0000000020002848        0x4 ecm_src/src/ecm_main.o
 .bss.alpha     0x000000002000284c        0x1 ecm_src/src/ecm_main.o
                0x000000002000284c                alpha
 .bss.bravo     0x000000002000284d        0x1 ecm_src/src/ecm_main.o
                0x000000002000284d                bravo
 .bss.charlie   0x000000002000284e        0x1 ecm_src/src/ecm_main.o
                0x000000002000284e                charlie
 *fill*         0x000000002000284f        0x1 
 .bss.stmrs     0x0000000020002850        0x4 ecm_src/src/time.o
 .bss.cfgidx.7723
                0x0000000020002854        0x1 ecm_src/src/usbd_ctlreq.o
 *fill*         0x0000000020002855        0x3 
 .bss.USBD_StrDesc
                0x0000000020002858      0x100 ecm_src/src/usbd_desc.o
 .bss.registered_pdev
                0x0000000020002958        0x4 ecm_src/src/usbd_ecm.o
 .bss.ecm_rx_buffer
                0x000000002000295c      0x10e ecm_src/src/usbd_ecm.o
 *fill*         0x0000000020002a6a        0x2 
 .bss.ecm_tx_buffer
                0x0000000020002a6c      0x10e ecm_src/src/usbd_ecm.o
 *fill*         0x0000000020002b7a        0x2 
 .bss.ecm_rx_index
                0x0000000020002b7c        0x4 ecm_src/src/usbd_ecm.o
 .bss.can_xmit  0x0000000020002b80        0x1 ecm_src/src/usbd_ecm.o
 .bss.OutboundTransferNeedsRenewal
                0x0000000020002b81        0x1 ecm_src/src/usbd_ecm.o
 *fill*         0x0000000020002b82        0x2 
 .bss.ecm_tx_ptr
                0x0000000020002b84        0x4 ecm_src/src/usbd_ecm.o
 .bss.ecm_tx_remaining
                0x0000000020002b88        0x4 ecm_src/src/usbd_ecm.o
 .bss.ecm_tx_busy
                0x0000000020002b8c        0x4 ecm_src/src/usbd_ecm.o
 .bss.copy_length
                0x0000000020002b90        0x4 ecm_src/src/usbd_ecm.o
 .bss.__malloc_free_list