pbuf.c:118:1:pbuf_free_ooseq	16	static
pbuf.c:152:1:pbuf_pool_is_empty	8	static
pbuf.c:207:1:pbuf_alloc	48	static
pbuf.c:367:1:pbuf_alloced_custom	32	static
pbuf.c:430:1:pbuf_realloc	32	static
pbuf.c:511:1:pbuf_header	24	static
pbuf.c:618:1:pbuf_free	32	static
pbuf.c:704:1:pbuf_clen	24	static
pbuf.c:723:1:pbuf_ref	16	static
pbuf.c:745:1:pbuf_cat	24	static
pbuf.c:786:1:pbuf_chain	16	static
pbuf.c:803:1:pbuf_dechain	32	static
pbuf.c:852:1:pbuf_copy	40	static
pbuf.c:918:1:pbuf_copy_partial	48	static
pbuf.c:966:1:pbuf_take	48	static
pbuf.c:1010:1:pbuf_coalesce	32	static
pbuf.c:1077:1:pbuf_get_at	24	static
pbuf.c:1104:1:pbuf_memcmp	56	static
pbuf.c:1140:1:pbuf_memfind	48	static
pbuf.c:1168:1:pbuf_strstr	24	static
